Archive member included to satisfy reference by file (symbol)

c:/eclipse/eclipse_stm32/plugins/fr.ac6.mcu.externaltools.arm-none.win32_1.13.2.201703061525/tools/compiler/bin/../lib/gcc/arm-none-eabi/5.4.1/armv6-m\libgcc.a(_udivsi3.o)
                              Application/User/main.o (__aeabi_uidiv)
c:/eclipse/eclipse_stm32/plugins/fr.ac6.mcu.externaltools.arm-none.win32_1.13.2.201703061525/tools/compiler/bin/../lib/gcc/arm-none-eabi/5.4.1/armv6-m\libgcc.a(_dvmd_tls.o)
                              c:/eclipse/eclipse_stm32/plugins/fr.ac6.mcu.externaltools.arm-none.win32_1.13.2.201703061525/tools/compiler/bin/../lib/gcc/arm-none-eabi/5.4.1/armv6-m\libgcc.a(_udivsi3.o) (__aeabi_idiv0)
c:/eclipse/eclipse_stm32/plugins/fr.ac6.mcu.externaltools.arm-none.win32_1.13.2.201703061525/tools/compiler/bin/../lib/gcc/arm-none-eabi/5.4.1/../../../../arm-none-eabi/lib/armv6-m\libc_nano.a(lib_a-atoi.o)
                              Application/User/WiFi/server.o (atoi)
c:/eclipse/eclipse_stm32/plugins/fr.ac6.mcu.externaltools.arm-none.win32_1.13.2.201703061525/tools/compiler/bin/../lib/gcc/arm-none-eabi/5.4.1/../../../../arm-none-eabi/lib/armv6-m\libc_nano.a(lib_a-exit.o)
                              c:/eclipse/eclipse_stm32/plugins/fr.ac6.mcu.externaltools.arm-none.win32_1.13.2.201703061525/tools/compiler/bin/../lib/gcc/arm-none-eabi/5.4.1/../../../../arm-none-eabi/lib/armv6-m/crt0.o (exit)
c:/eclipse/eclipse_stm32/plugins/fr.ac6.mcu.externaltools.arm-none.win32_1.13.2.201703061525/tools/compiler/bin/../lib/gcc/arm-none-eabi/5.4.1/../../../../arm-none-eabi/lib/armv6-m\libc_nano.a(lib_a-impure.o)
                              c:/eclipse/eclipse_stm32/plugins/fr.ac6.mcu.externaltools.arm-none.win32_1.13.2.201703061525/tools/compiler/bin/../lib/gcc/arm-none-eabi/5.4.1/../../../../arm-none-eabi/lib/armv6-m\libc_nano.a(lib_a-exit.o) (_global_impure_ptr)
c:/eclipse/eclipse_stm32/plugins/fr.ac6.mcu.externaltools.arm-none.win32_1.13.2.201703061525/tools/compiler/bin/../lib/gcc/arm-none-eabi/5.4.1/../../../../arm-none-eabi/lib/armv6-m\libc_nano.a(lib_a-init.o)
                              c:/eclipse/eclipse_stm32/plugins/fr.ac6.mcu.externaltools.arm-none.win32_1.13.2.201703061525/tools/compiler/bin/../lib/gcc/arm-none-eabi/5.4.1/../../../../arm-none-eabi/lib/armv6-m/crt0.o (__libc_init_array)
c:/eclipse/eclipse_stm32/plugins/fr.ac6.mcu.externaltools.arm-none.win32_1.13.2.201703061525/tools/compiler/bin/../lib/gcc/arm-none-eabi/5.4.1/../../../../arm-none-eabi/lib/armv6-m\libc_nano.a(lib_a-itoa.o)
                              Application/User/WiFi/wifi_uart.o (itoa)
c:/eclipse/eclipse_stm32/plugins/fr.ac6.mcu.externaltools.arm-none.win32_1.13.2.201703061525/tools/compiler/bin/../lib/gcc/arm-none-eabi/5.4.1/../../../../arm-none-eabi/lib/armv6-m\libc_nano.a(lib_a-malloc.o)
                              Application/User/Scheduler/scheduler.o (malloc)
c:/eclipse/eclipse_stm32/plugins/fr.ac6.mcu.externaltools.arm-none.win32_1.13.2.201703061525/tools/compiler/bin/../lib/gcc/arm-none-eabi/5.4.1/../../../../arm-none-eabi/lib/armv6-m\libc_nano.a(lib_a-memcpy-stub.o)
                              Application/User/WiFi/wifi.o (memcpy)
c:/eclipse/eclipse_stm32/plugins/fr.ac6.mcu.externaltools.arm-none.win32_1.13.2.201703061525/tools/compiler/bin/../lib/gcc/arm-none-eabi/5.4.1/../../../../arm-none-eabi/lib/armv6-m\libc_nano.a(lib_a-memset.o)
                              c:/eclipse/eclipse_stm32/plugins/fr.ac6.mcu.externaltools.arm-none.win32_1.13.2.201703061525/tools/compiler/bin/../lib/gcc/arm-none-eabi/5.4.1/../../../../arm-none-eabi/lib/armv6-m/crt0.o (memset)
c:/eclipse/eclipse_stm32/plugins/fr.ac6.mcu.externaltools.arm-none.win32_1.13.2.201703061525/tools/compiler/bin/../lib/gcc/arm-none-eabi/5.4.1/../../../../arm-none-eabi/lib/armv6-m\libc_nano.a(lib_a-nano-freer.o)
                              c:/eclipse/eclipse_stm32/plugins/fr.ac6.mcu.externaltools.arm-none.win32_1.13.2.201703061525/tools/compiler/bin/../lib/gcc/arm-none-eabi/5.4.1/../../../../arm-none-eabi/lib/armv6-m\libc_nano.a(lib_a-malloc.o) (_free_r)
c:/eclipse/eclipse_stm32/plugins/fr.ac6.mcu.externaltools.arm-none.win32_1.13.2.201703061525/tools/compiler/bin/../lib/gcc/arm-none-eabi/5.4.1/../../../../arm-none-eabi/lib/armv6-m\libc_nano.a(lib_a-nano-mallocr.o)
                              c:/eclipse/eclipse_stm32/plugins/fr.ac6.mcu.externaltools.arm-none.win32_1.13.2.201703061525/tools/compiler/bin/../lib/gcc/arm-none-eabi/5.4.1/../../../../arm-none-eabi/lib/armv6-m\libc_nano.a(lib_a-malloc.o) (_malloc_r)
c:/eclipse/eclipse_stm32/plugins/fr.ac6.mcu.externaltools.arm-none.win32_1.13.2.201703061525/tools/compiler/bin/../lib/gcc/arm-none-eabi/5.4.1/../../../../arm-none-eabi/lib/armv6-m\libc_nano.a(lib_a-sbrkr.o)
                              c:/eclipse/eclipse_stm32/plugins/fr.ac6.mcu.externaltools.arm-none.win32_1.13.2.201703061525/tools/compiler/bin/../lib/gcc/arm-none-eabi/5.4.1/../../../../arm-none-eabi/lib/armv6-m\libc_nano.a(lib_a-nano-mallocr.o) (_sbrk_r)
[...]
Memory Configuration

Name             Origin             Length             Attributes
RAM              0x20000000         0x00004000         xrw
FLASH            0x08000000         0x00020000         xr
*default*        0x00000000         0xffffffff

Linker script and memory map

LOAD c:/eclipse/eclipse_stm32/plugins/fr.ac6.mcu.externaltools.arm-none.win32_1.13.2.201703061525/tools/compiler/bin/../lib/gcc/arm-none-eabi/5.4.1/armv6-m/crti.o
LOAD c:/eclipse/eclipse_stm32/plugins/fr.ac6.mcu.externaltools.arm-none.win32_1.13.2.201703061525/tools/compiler/bin/../lib/gcc/arm-none-eabi/5.4.1/armv6-m/crtbegin.o
LOAD c:/eclipse/eclipse_stm32/plugins/fr.ac6.mcu.externaltools.arm-none.win32_1.13.2.201703061525/tools/compiler/bin/../lib/gcc/arm-none-eabi/5.4.1/../../../../arm-none-eabi/lib/armv6-m/crt0.o
LOAD c:/eclipse/eclipse_stm32/plugins/fr.ac6.mcu.externaltools.arm-none.win32_1.13.2.201703061525/tools/compiler/bin/../lib/gcc/arm-none-eabi/5.4.1/../../../../arm-none-eabi/lib/armv6-m\libm.a
LOAD Application/SW4STM32/startup_stm32f072xb.o
LOAD Application/User/Flash_mem/mem_funs.o
LOAD Application/User/RTC/rtc.o
LOAD Application/User/Scheduler/scheduler.o
LOAD Application/User/WiFi/server.o
LOAD Application/User/WiFi/wifi.o
LOAD Application/User/WiFi/wifi_uart.o
LOAD Application/User/fatfs.o
LOAD Application/User/main.o
LOAD Application/User/stm32f0xx_hal_msp.o
LOAD Application/User/stm32f0xx_it.o
LOAD Application/User/usb_device.o
LOAD Application/User/usbd_conf.o
LOAD Application/User/usbd_desc.o
LOAD Application/User/usbd_storage_if.o
LOAD Application/User/user_diskio.o
LOAD Drivers/CMSIS/system_stm32f0xx.o
LOAD Drivers/STM32F0xx_HAL_Driver/stm32f0xx_hal.o
LOAD Drivers/STM32F0xx_HAL_Driver/stm32f0xx_hal_cortex.o
LOAD Drivers/STM32F0xx_HAL_Driver/stm32f0xx_hal_dac.o
LOAD Drivers/STM32F0xx_HAL_Driver/stm32f0xx_hal_dac_ex.o
LOAD Drivers/STM32F0xx_HAL_Driver/stm32f0xx_hal_dma.o
LOAD Drivers/STM32F0xx_HAL_Driver/stm32f0xx_hal_flash.o
LOAD Drivers/STM32F0xx_HAL_Driver/stm32f0xx_hal_flash_ex.o
LOAD Drivers/STM32F0xx_HAL_Driver/stm32f0xx_hal_gpio.o
LOAD Drivers/STM32F0xx_HAL_Driver/stm32f0xx_hal_i2c.o
LOAD Drivers/STM32F0xx_HAL_Driver/stm32f0xx_hal_i2c_ex.o
LOAD Drivers/STM32F0xx_HAL_Driver/stm32f0xx_hal_pcd.o
LOAD Drivers/STM32F0xx_HAL_Driver/stm32f0xx_hal_pcd_ex.o
LOAD Drivers/STM32F0xx_HAL_Driver/stm32f0xx_hal_pwr.o
LOAD Drivers/STM32F0xx_HAL_Driver/stm32f0xx_hal_pwr_ex.o
LOAD Drivers/STM32F0xx_HAL_Driver/stm32f0xx_hal_rcc.o
LOAD Drivers/STM32F0xx_HAL_Driver/stm32f0xx_hal_rcc_ex.o
LOAD Drivers/STM32F0xx_HAL_Driver/stm32f0xx_hal_rtc.o
LOAD Drivers/STM32F0xx_HAL_Driver/stm32f0xx_hal_rtc_ex.o
LOAD Drivers/STM32F0xx_HAL_Driver/stm32f0xx_hal_spi.o
LOAD Drivers/STM32F0xx_HAL_Driver/stm32f0xx_hal_spi_ex.o
LOAD Drivers/STM32F0xx_HAL_Driver/stm32f0xx_hal_tim.o
LOAD Drivers/STM32F0xx_HAL_Driver/stm32f0xx_hal_tim_ex.o
LOAD Drivers/STM32F0xx_HAL_Driver/stm32f0xx_hal_uart.o
LOAD Drivers/STM32F0xx_HAL_Driver/stm32f0xx_hal_uart_ex.o
LOAD Middlewares/FatFs/diskio.o
LOAD Middlewares/FatFs/ff.o
LOAD Middlewares/FatFs/ff_gen_drv.o
LOAD Middlewares/FatFs/syscall.o
LOAD Middlewares/USB_Device_Library/usbd_core.o
LOAD Middlewares/USB_Device_Library/usbd_ctlreq.o
LOAD Middlewares/USB_Device_Library/usbd_ioreq.o
LOAD Middlewares/USB_Device_Library/usbd_msc.o
LOAD Middlewares/USB_Device_Library/usbd_msc_bot.o
LOAD Middlewares/USB_Device_Library/usbd_msc_data.o
LOAD Middlewares/USB_Device_Library/usbd_msc_scsi.o
START GROUP
LOAD c:/eclipse/eclipse_stm32/plugins/fr.ac6.mcu.externaltools.arm-none.win32_1.13.2.201703061525/tools/compiler/bin/../lib/gcc/arm-none-eabi/5.4.1/armv6-m\libgcc.a
LOAD c:/eclipse/eclipse_stm32/plugins/fr.ac6.mcu.externaltools.arm-none.win32_1.13.2.201703061525/tools/compiler/bin/../lib/gcc/arm-none-eabi/5.4.1/../../../../arm-none-eabi/lib/armv6-m\libc_nano.a
END GROUP
START GROUP
LOAD c:/eclipse/eclipse_stm32/plugins/fr.ac6.mcu.externaltools.arm-none.win32_1.13.2.201703061525/tools/compiler/bin/../lib/gcc/arm-none-eabi/5.4.1/armv6-m\libgcc.a
LOAD c:/eclipse/eclipse_stm32/plugins/fr.ac6.mcu.externaltools.arm-none.win32_1.13.2.201703061525/tools/compiler/bin/../lib/gcc/arm-none-eabi/5.4.1/../../../../arm-none-eabi/lib/armv6-m\libc_nano.a
LOAD c:/eclipse/eclipse_stm32/plugins/fr.ac6.mcu.externaltools.arm-none.win32_1.13.2.201703061525/tools/compiler/bin/../lib/gcc/arm-none-eabi/5.4.1/../../../../arm-none-eabi/lib/armv6-m\libnosys.a
END GROUP
START GROUP
LOAD c:/eclipse/eclipse_stm32/plugins/fr.ac6.mcu.externaltools.arm-none.win32_1.13.2.201703061525/tools/compiler/bin/../lib/gcc/arm-none-eabi/5.4.1/armv6-m\libgcc.a
LOAD c:/eclipse/eclipse_stm32/plugins/fr.ac6.mcu.externaltools.arm-none.win32_1.13.2.201703061525/tools/compiler/bin/../lib/gcc/arm-none-eabi/5.4.1/../../../../arm-none-eabi/lib/armv6-m\libc_nano.a
LOAD c:/eclipse/eclipse_stm32/plugins/fr.ac6.mcu.externaltools.arm-none.win32_1.13.2.201703061525/tools/compiler/bin/../lib/gcc/arm-none-eabi/5.4.1/../../../../arm-none-eabi/lib/armv6-m\libnosys.a
END GROUP
LOAD c:/eclipse/eclipse_stm32/plugins/fr.ac6.mcu.externaltools.arm-none.win32_1.13.2.201703061525/tools/compiler/bin/../lib/gcc/arm-none-eabi/5.4.1/armv6-m/crtend.o
LOAD c:/eclipse/eclipse_stm32/plugins/fr.ac6.mcu.externaltools.arm-none.win32_1.13.2.201703061525/tools/compiler/bin/../lib/gcc/arm-none-eabi/5.4.1/armv6-m/crtn.o
                0x20004000                _estack = 0x20004000
                0x00000200                _Min_Heap_Size = 0x200
                0x00000400                _Min_Stack_Size = 0x400

.isr_vector     0x08000000       0xc0
                0x08000000                . = ALIGN (0x4)
 *(.isr_vector)
 .isr_vector    0x08000000       0xc0 Application/SW4STM32/startup_stm32f072xb.o
                0x08000000                g_pfnVectors
                0x080000c0                . = ALIGN (0x4)

.text           0x080000c0     0x8210
                0x080000c0                . = ALIGN (0x4)
 *(.text)
 .text          0x080000c0       0x60 c:/eclipse/eclipse_stm32/plugins/fr.ac6.mcu.externaltools.arm-none.win32_1.13.2.201703061525/tools/compiler/bin/../lib/gcc/arm-none-eabi/5.4.1/armv6-m/crtbegin.o
 .text          0x08000120      0x114 c:/eclipse/eclipse_stm32/plugins/fr.ac6.mcu.externaltools.arm-none.win32_1.13.2.201703061525/tools/compiler/bin/../lib/gcc/arm-none-eabi/5.4.1/armv6-m\libgcc.a(_udivsi3.o)
                0x08000120                __aeabi_uidiv
                0x08000120                __udivsi3
                0x0800022c                __aeabi_uidivmod
 .text          0x08000234        0x4 c:/eclipse/eclipse_stm32/plugins/fr.ac6.mcu.externaltools.arm-none.win32_1.13.2.201703061525/tools/compiler/bin/../lib/gcc/arm-none-eabi/5.4.1/armv6-m\libgcc.a(_dvmd_tls.o)
                0x08000234                __aeabi_idiv0
                0x08000234                __aeabi_ldiv0
 .text          0x08000238       0x14 c:/eclipse/eclipse_stm32/plugins/fr.ac6.mcu.externaltools.arm-none.win32_1.13.2.201703061525/tools/compiler/bin/../lib/gcc/arm-none-eabi/5.4.1/../../../../arm-none-eabi/lib/armv6-m\libc_nano.a(lib_a-strcmp.o)
                0x08000238                strcmp
 .text          0x0800024c        0xe c:/eclipse/eclipse_stm32/plugins/fr.ac6.mcu.externaltools.arm-none.win32_1.13.2.201703061525/tools/compiler/bin/../lib/gcc/arm-none-eabi/5.4.1/../../../../arm-none-eabi/lib/armv6-m\libc_nano.a(lib_a-strlen.o)
                0x0800024c                strlen
 *(.text*)
 *fill*         0x0800025a        0x2 
 .text.Reset_Handler
                0x0800025c       0x50 Application/SW4STM32/startup_stm32f072xb.o
                0x0800025c                Reset_Handler
 .text.Default_Handler
                0x080002ac        0x2 Application/SW4STM32/startup_stm32f072xb.o
                0x080002ac                TIM1_CC_IRQHandler
                0x080002ac                TSC_IRQHandler
                0x080002ac                ADC1_COMP_IRQHandler
                0x080002ac                I2C1_IRQHandler
                0x080002ac                RCC_CRS_IRQHandler
                0x080002ac                SPI1_IRQHandler
                0x080002ac                TIM6_DAC_IRQHandler
                0x080002ac                USART3_4_IRQHandler
                0x080002ac                EXTI2_3_IRQHandler
                0x080002ac                I2C2_IRQHandler
                0x080002ac                TIM17_IRQHandler
                0x080002ac                CEC_CAN_IRQHandler
                0x080002ac                RTC_IRQHandler
                0x080002ac                PVD_VDDIO2_IRQHandler
                0x080002ac                TIM16_IRQHandler
                0x080002ac                TIM3_IRQHandler
                0x080002ac                EXTI4_15_IRQHandler
                0x080002ac                DMA1_Channel1_IRQHandler
                0x080002ac                Default_Handler
                0x080002ac                TIM14_IRQHandler
                0x080002ac                TIM7_IRQHandler
                0x080002ac                TIM15_IRQHandler
                0x080002ac                EXTI0_1_IRQHandler
                0x080002ac                SPI2_IRQHandler
                0x080002ac                WWDG_IRQHandler
                0x080002ac                TIM2_IRQHandler
                0x080002ac                DMA1_Channel2_3_IRQHandler
                0x080002ac                USART2_IRQHandler
                0x080002ac                FLASH_IRQHandler
                0x080002ac                USART1_IRQHandler
                0x080002ac                TIM1_BRK_UP_TRG_COM_IRQHandler
 *fill*         0x080002ae        0x2 
 .text.mem_register_SPI
                0x080002b0        0xc Application/User/Flash_mem/mem_funs.o
                0x080002b0                mem_register_SPI
 .text.mem_write_enable
                0x080002bc       0x3c Application/User/Flash_mem/mem_funs.o
                0x080002bc                mem_write_enable
 .text.mem_status
                0x080002f8       0x58 Application/User/Flash_mem/mem_funs.o
                0x080002f8                mem_status
 .text.mem_sector_erase
                0x08000350       0x58 Application/User/Flash_mem/mem_funs.o
                0x08000350                mem_sector_erase
 .text.mem_write_page
                0x080003a8       0x68 Application/User/Flash_mem/mem_funs.o
                0x080003a8                mem_write_page
 .text.mem_read
                0x08000410       0x7c Application/User/Flash_mem/mem_funs.o
                0x08000410                mem_read
 .text.mem_write
                0x0800048c       0x70 Application/User/Flash_mem/mem_funs.o
                0x0800048c                mem_write
 .text.mem_init
                0x080004fc       0x18 Application/User/Flash_mem/mem_funs.o
                0x080004fc                mem_init
 .text.scheduler_add_task
                0x08000514       0x6c Application/User/Scheduler/scheduler.o
                0x08000514                scheduler_add_task
 .text.scheduler_remove_task
                0x08000580       0x3c Application/User/Scheduler/scheduler.o
                0x08000580                scheduler_remove_task
 .text.scheduler_unlock
                0x080005bc       0x10 Application/User/Scheduler/scheduler.o
                0x080005bc                scheduler_unlock
 .text.scheduler_pool
                0x080005cc       0x6c Application/User/Scheduler/scheduler.o
                0x080005cc                scheduler_pool
 .text.server_get_task
                0x08000638       0x18 Application/User/WiFi/server.o
                0x08000638                server_get_task
 .text.server_get_callback
                0x08000650       0xa8 Application/User/WiFi/server.o
                0x08000650                server_get_callback
 .text.server_init
                0x080006f8       0x18 Application/User/WiFi/server.o
                0x080006f8                server_init
 .text.wifi_write_config_manual
                0x08000710       0x10 Application/User/WiFi/wifi.o
                0x08000710                wifi_write_config_manual
 .text.wifi_write_config_ntp
                0x08000720       0x48 Application/User/WiFi/wifi.o
                0x08000720                wifi_write_config_ntp
 .text.wifi_write_config_time_api
                0x08000768       0x54 Application/User/WiFi/wifi.o
                0x08000768                wifi_write_config_time_api
 .text.wifi_write_config_loctime_api
                0x080007bc       0x64 Application/User/WiFi/wifi.o
                0x080007bc                wifi_write_config_loctime_api
 .text.wifi_write_config_callback
                0x08000820       0x30 Application/User/WiFi/wifi.o
                0x08000820                wifi_write_config_callback
 .text.wifi_write_config_task
                0x08000850       0x24 Application/User/WiFi/wifi.o
                0x08000850                wifi_write_config_task
 .text.wifi_keep_connected_task
                0x08000874       0x1c Application/User/WiFi/wifi.o
                0x08000874                wifi_keep_connected_task
 .text.wifi_make_wifi_list_task
                0x08000890       0x1c Application/User/WiFi/wifi.o
                0x08000890                wifi_make_wifi_list_task
 .text.wifi_getip_task
                0x080008ac       0x1c Application/User/WiFi/wifi.o
                0x080008ac                wifi_getip_task
 .text.configure_try_connect
                0x080008c8       0x30 Application/User/WiFi/wifi.o
 .text.wifi_connect_callback
                0x080008f8       0xac Application/User/WiFi/wifi.o
                0x080008f8                wifi_connect_callback
 .text.wifi_keep_connected_callback
                0x080009a4       0x38 Application/User/WiFi/wifi.o
                0x080009a4                wifi_keep_connected_callback
 .text.wifi_getip_callback
                0x080009dc       0x2c Application/User/WiFi/wifi.o
                0x080009dc                wifi_getip_callback
 .text.wifi_connect
                0x08000a08       0x64 Application/User/WiFi/wifi.o
                0x08000a08                wifi_connect
 .text.wifi_make_wifi_list_callback
                0x08000a6c       0xc8 Application/User/WiFi/wifi.o
                0x08000a6c                wifi_make_wifi_list_callback
 .text.wifi_init
                0x08000b34       0x3c Application/User/WiFi/wifi.o
                0x08000b34                wifi_init
 .text.get_wifi_buffer
                0x08000b70        0xc Application/User/WiFi/wifi_uart.o
                0x08000b70                get_wifi_buffer
 .text.wifi_uart_handle_register
                0x08000b7c        0xc Application/User/WiFi/wifi_uart.o
                0x08000b7c                wifi_uart_handle_register
 .text.wifi_uart_callback_register
                0x08000b88        0xc Application/User/WiFi/wifi_uart.o
                0x08000b88                wifi_uart_callback_register
 .text.wifi_uart_puts
                0x08000b94       0x1c Application/User/WiFi/wifi_uart.o
                0x08000b94                wifi_uart_puts
 .text.wifi_uart_put_buf
                0x08000bb0       0x18 Application/User/WiFi/wifi_uart.o
                0x08000bb0                wifi_uart_put_buf
 .text.wifi_uart_putint
                0x08000bc8       0x18 Application/User/WiFi/wifi_uart.o
                0x08000bc8                wifi_uart_putint
 .text.wifi_uart_send_space
                0x08000be0       0x10 Application/User/WiFi/wifi_uart.o
                0x08000be0                wifi_uart_send_space
 .text.wifi_uart_send_CR
                0x08000bf0       0x10 Application/User/WiFi/wifi_uart.o
                0x08000bf0                wifi_uart_send_CR
 .text.wifi_uart_start_rec
                0x08000c00       0x18 Application/User/WiFi/wifi_uart.o
                0x08000c00                wifi_uart_start_rec
 .text.HAL_UART_RxCpltCallback
                0x08000c18       0x34 Application/User/WiFi/wifi_uart.o
                0x08000c18                HAL_UART_RxCpltCallback
 .text.MX_FATFS_Init
                0x08000c4c       0x1c Application/User/fatfs.o
                0x08000c4c                MX_FATFS_Init
 .text.FATFS_mount_event
                0x08000c68       0x58 Application/User/fatfs.o
                0x08000c68                FATFS_mount_event
 .text.f_forcemount
                0x08000cc0       0x4c Application/User/fatfs.o
                0x08000cc0                f_forcemount
 .text.SystemClock_Config
                0x08000d0c       0x7c Application/User/main.o
                0x08000d0c                SystemClock_Config
 .text.startup.main
                0x08000d88      0x2cc Application/User/main.o
                0x08000d88                main
 .text._Error_Handler
                0x08001054        0x4 Application/User/main.o
                0x08001054                _Error_Handler
 .text.HAL_MspInit
                0x08001058       0x54 Application/User/stm32f0xx_hal_msp.o
                0x08001058                HAL_MspInit
 .text.HAL_DAC_MspInit
                0x080010ac       0x8c Application/User/stm32f0xx_hal_msp.o
                0x080010ac                HAL_DAC_MspInit
 .text.HAL_RTC_MspInit
                0x08001138       0x20 Application/User/stm32f0xx_hal_msp.o
                0x08001138                HAL_RTC_MspInit
 .text.HAL_SPI_MspInit
                0x08001158       0xc8 Application/User/stm32f0xx_hal_msp.o
                0x08001158                HAL_SPI_MspInit
 .text.HAL_TIM_Base_MspInit
                0x08001220       0x2c Application/User/stm32f0xx_hal_msp.o
                0x08001220                HAL_TIM_Base_MspInit
 .text.HAL_UART_MspInit
                0x0800124c       0xe8 Application/User/stm32f0xx_hal_msp.o
                0x0800124c                HAL_UART_MspInit
 .text.NMI_Handler
                0x08001334        0x4 Application/User/stm32f0xx_it.o
                0x08001334                NMI_Handler
 .text.HardFault_Handler
                0x08001338        0x4 Application/User/stm32f0xx_it.o
                0x08001338                HardFault_Handler
 .text.SVC_Handler
                0x0800133c        0x4 Application/User/stm32f0xx_it.o
                0x0800133c                SVC_Handler
 .text.PendSV_Handler
                0x08001340        0x4 Application/User/stm32f0xx_it.o
                0x08001340                PendSV_Handler
 .text.SysTick_Handler
                0x08001344        0xc Application/User/stm32f0xx_it.o
                0x08001344                SysTick_Handler
 .text.DMA1_Channel4_5_6_7_IRQHandler
                0x08001350       0x2c Application/User/stm32f0xx_it.o
                0x08001350                DMA1_Channel4_5_6_7_IRQHandler
 .text.USB_IRQHandler
                0x0800137c       0x10 Application/User/stm32f0xx_it.o
                0x0800137c                USB_IRQHandler
 .text.MX_USB_DEVICE_Init
                0x0800138c       0x38 Application/User/usb_device.o
                0x0800138c                MX_USB_DEVICE_Init
 .text.HAL_PCD_MspInit
                0x080013c4       0x40 Application/User/usbd_conf.o
                0x080013c4                HAL_PCD_MspInit
 .text.HAL_PCD_SetupStageCallback
                0x08001404       0x14 Application/User/usbd_conf.o
                0x08001404                HAL_PCD_SetupStageCallback
 .text.HAL_PCD_DataOutStageCallback
                0x08001418       0x1c Application/User/usbd_conf.o
                0x08001418                HAL_PCD_DataOutStageCallback
 .text.HAL_PCD_DataInStageCallback
                0x08001434       0x18 Application/User/usbd_conf.o
                0x08001434                HAL_PCD_DataInStageCallback
 .text.HAL_PCD_SOFCallback
                0x0800144c       0x10 Application/User/usbd_conf.o
                0x0800144c                HAL_PCD_SOFCallback
 .text.HAL_PCD_ResetCallback
                0x0800145c       0x18 Application/User/usbd_conf.o
                0x0800145c                HAL_PCD_ResetCallback
 .text.HAL_PCD_SuspendCallback
                0x08001474       0x24 Application/User/usbd_conf.o
                0x08001474                HAL_PCD_SuspendCallback
 .text.HAL_PCD_ResumeCallback
                0x08001498       0x28 Application/User/usbd_conf.o
                0x08001498                HAL_PCD_ResumeCallback
 .text.USBD_LL_Init
                0x080014c0       0x80 Application/User/usbd_conf.o
                0x080014c0                USBD_LL_Init
 .text.USBD_LL_Start
                0x08001540       0x20 Application/User/usbd_conf.o
                0x08001540                USBD_LL_Start
 .text.USBD_LL_OpenEP
                0x08001560       0x24 Application/User/usbd_conf.o
                0x08001560                USBD_LL_OpenEP
 .text.USBD_LL_CloseEP
                0x08001584       0x20 Application/User/usbd_conf.o
                0x08001584                USBD_LL_CloseEP
 .text.USBD_LL_FlushEP
                0x080015a4       0x20 Application/User/usbd_conf.o
                0x080015a4                USBD_LL_FlushEP
 .text.USBD_LL_StallEP
                0x080015c4       0x20 Application/User/usbd_conf.o
                0x080015c4                USBD_LL_StallEP
 .text.USBD_LL_ClearStallEP
                0x080015e4       0x20 Application/User/usbd_conf.o
                0x080015e4                USBD_LL_ClearStallEP
 .text.USBD_LL_IsStallEP
                0x08001604       0x30 Application/User/usbd_conf.o
                0x08001604                USBD_LL_IsStallEP
 .text.USBD_LL_SetUSBAddress
                0x08001634       0x20 Application/User/usbd_conf.o
                0x08001634                USBD_LL_SetUSBAddress
 .text.USBD_LL_Transmit
                0x08001654       0x20 Application/User/usbd_conf.o
                0x08001654                USBD_LL_Transmit
 .text.USBD_LL_PrepareReceive
                0x08001674       0x20 Application/User/usbd_conf.o
                0x08001674                USBD_LL_PrepareReceive
 .text.USBD_LL_GetRxDataSize
                0x08001694       0x10 Application/User/usbd_conf.o
                0x08001694                USBD_LL_GetRxDataSize
 .text.USBD_static_malloc
                0x080016a4        0x8 Application/User/usbd_conf.o
                0x080016a4                USBD_static_malloc
 .text.USBD_static_free
                0x080016ac        0x4 Application/User/usbd_conf.o
                0x080016ac                USBD_static_free
 .text.USBD_FS_DeviceDescriptor
                0x080016b0        0xc Application/User/usbd_desc.o
                0x080016b0                USBD_FS_DeviceDescriptor
 .text.USBD_FS_LangIDStrDescriptor
                0x080016bc       0x10 Application/User/usbd_desc.o
                0x080016bc                USBD_FS_LangIDStrDescriptor
 .text.USBD_FS_ManufacturerStrDescriptor
                0x080016cc       0x1c Application/User/usbd_desc.o
                0x080016cc                USBD_FS_ManufacturerStrDescriptor
 .text.USBD_FS_ProductStrDescriptor
                0x080016e8       0x1c Application/User/usbd_desc.o
                0x080016e8                USBD_FS_ProductStrDescriptor
 .text.USBD_FS_SerialStrDescriptor
                0x08001704       0x1c Application/User/usbd_desc.o
                0x08001704                USBD_FS_SerialStrDescriptor
 .text.USBD_FS_ConfigStrDescriptor
                0x08001720       0x1c Application/User/usbd_desc.o
                0x08001720                USBD_FS_ConfigStrDescriptor
 .text.USBD_FS_InterfaceStrDescriptor
                0x0800173c       0x1c Application/User/usbd_desc.o
                0x0800173c                USBD_FS_InterfaceStrDescriptor
 .text.STORAGE_GetCapacity_FS
                0x08001758       0x10 Application/User/usbd_storage_if.o
 .text.STORAGE_IsWriteProtected_FS
                0x08001768        0x4 Application/User/usbd_storage_if.o
 .text.STORAGE_GetMaxLun_FS
                0x0800176c        0x4 Application/User/usbd_storage_if.o
 .text.STORAGE_Write_FS
                0x08001770       0x10 Application/User/usbd_storage_if.o
 .text.STORAGE_Read_FS
                0x08001780       0x10 Application/User/usbd_storage_if.o
 .text.STORAGE_IsReady_FS
                0x08001790        0x8 Application/User/usbd_storage_if.o
 .text.STORAGE_Init_FS
                0x08001798        0x4 Application/User/usbd_storage_if.o
 .text.USER_initialize
                0x0800179c       0x10 Application/User/user_diskio.o
                0x0800179c                USER_initialize
 .text.USER_ioctl
                0x080017ac        0x4 Application/User/user_diskio.o
                0x080017ac                USER_ioctl
 .text.USER_status
                0x080017b0       0x18 Application/User/user_diskio.o
                0x080017b0                USER_status
 .text.USER_read
                0x080017c8       0x14 Application/User/user_diskio.o
                0x080017c8                USER_read
 .text.USER_write
                0x080017dc       0x14 Application/User/user_diskio.o
                0x080017dc                USER_write
 .text.SystemInit
                0x080017f0       0x60 Drivers/CMSIS/system_stm32f0xx.o
                0x080017f0                SystemInit
 .text.HAL_InitTick
                0x08001850       0x24 Drivers/STM32F0xx_HAL_Driver/stm32f0xx_hal.o
                0x08001850                HAL_InitTick
 .text.HAL_Init
                0x08001874       0x20 Drivers/STM32F0xx_HAL_Driver/stm32f0xx_hal.o
                0x08001874                HAL_Init
 .text.HAL_IncTick
                0x08001894       0x10 Drivers/STM32F0xx_HAL_Driver/stm32f0xx_hal.o
                0x08001894                HAL_IncTick
 .text.HAL_GetTick
                0x080018a4        0xc Drivers/STM32F0xx_HAL_Driver/stm32f0xx_hal.o
                0x080018a4                HAL_GetTick
 .text.HAL_Delay
                0x080018b0       0x24 Drivers/STM32F0xx_HAL_Driver/stm32f0xx_hal.o
                0x080018b0                HAL_Delay
 .text.HAL_NVIC_SetPriority
                0x080018d4       0x68 Drivers/STM32F0xx_HAL_Driver/stm32f0xx_hal_cortex.o
                0x080018d4                HAL_NVIC_SetPriority
 .text.HAL_NVIC_EnableIRQ
                0x0800193c       0x14 Drivers/STM32F0xx_HAL_Driver/stm32f0xx_hal_cortex.o
                0x0800193c                HAL_NVIC_EnableIRQ
 .text.HAL_SYSTICK_Config
                0x08001950       0x38 Drivers/STM32F0xx_HAL_Driver/stm32f0xx_hal_cortex.o
                0x08001950                HAL_SYSTICK_Config
 .text.HAL_SYSTICK_CLKSourceConfig
                0x08001988       0x20 Drivers/STM32F0xx_HAL_Driver/stm32f0xx_hal_cortex.o
                0x08001988                HAL_SYSTICK_CLKSourceConfig
 .text.HAL_SYSTICK_Callback
                0x080019a8        0x4 Drivers/STM32F0xx_HAL_Driver/stm32f0xx_hal_cortex.o
                0x080019a8                HAL_SYSTICK_Callback
 .text.HAL_SYSTICK_IRQHandler
                0x080019ac        0x8 Drivers/STM32F0xx_HAL_Driver/stm32f0xx_hal_cortex.o
                0x080019ac                HAL_SYSTICK_IRQHandler
 .text.HAL_DAC_Init
                0x080019b4       0x2c Drivers/STM32F0xx_HAL_Driver/stm32f0xx_hal_dac.o
                0x080019b4                HAL_DAC_Init
 .text.HAL_DAC_ConfigChannel
                0x080019e0       0x38 Drivers/STM32F0xx_HAL_Driver/stm32f0xx_hal_dac_ex.o
                0x080019e0                HAL_DAC_ConfigChannel
 .text.HAL_DMA_Init
                0x08001a18       0x70 Drivers/STM32F0xx_HAL_Driver/stm32f0xx_hal_dma.o
                0x08001a18                HAL_DMA_Init
 .text.HAL_DMA_Start_IT
                0x08001a88       0x74 Drivers/STM32F0xx_HAL_Driver/stm32f0xx_hal_dma.o
                0x08001a88                HAL_DMA_Start_IT
 .text.HAL_DMA_IRQHandler
                0x08001afc       0x9c Drivers/STM32F0xx_HAL_Driver/stm32f0xx_hal_dma.o
                0x08001afc                HAL_DMA_IRQHandler
 .text.HAL_GPIO_Init
                0x08001b98      0x1d8 Drivers/STM32F0xx_HAL_Driver/stm32f0xx_hal_gpio.o
                0x08001b98                HAL_GPIO_Init
 .text.HAL_GPIO_WritePin
                0x08001d70        0xc Drivers/STM32F0xx_HAL_Driver/stm32f0xx_hal_gpio.o
                0x08001d70                HAL_GPIO_WritePin
 .text.HAL_PCD_Init
                0x08001d7c       0x9c Drivers/STM32F0xx_HAL_Driver/stm32f0xx_hal_pcd.o
                0x08001d7c                HAL_PCD_Init
 .text.HAL_PCD_Start
                0x08001e18       0x14 Drivers/STM32F0xx_HAL_Driver/stm32f0xx_hal_pcd.o
                0x08001e18                HAL_PCD_Start
 .text.HAL_PCD_SetAddress
                0x08001e2c       0x34 Drivers/STM32F0xx_HAL_Driver/stm32f0xx_hal_pcd.o
                0x08001e2c                HAL_PCD_SetAddress
 .text.HAL_PCD_EP_Open
                0x08001e60      0x2fc Drivers/STM32F0xx_HAL_Driver/stm32f0xx_hal_pcd.o
                0x08001e60                HAL_PCD_EP_Open
 .text.HAL_PCD_EP_Close
                0x0800215c      0x184 Drivers/STM32F0xx_HAL_Driver/stm32f0xx_hal_pcd.o
                0x0800215c                HAL_PCD_EP_Close
 .text.HAL_PCD_EP_Receive
                0x080022e0      0x228 Drivers/STM32F0xx_HAL_Driver/stm32f0xx_hal_pcd.o
                0x080022e0                HAL_PCD_EP_Receive
 .text.HAL_PCD_EP_GetRxCount
                0x08002508       0x14 Drivers/STM32F0xx_HAL_Driver/stm32f0xx_hal_pcd.o
                0x08002508                HAL_PCD_EP_GetRxCount
 .text.HAL_PCD_EP_Transmit
                0x0800251c      0x258 Drivers/STM32F0xx_HAL_Driver/stm32f0xx_hal_pcd.o
                0x0800251c                HAL_PCD_EP_Transmit
 .text.HAL_PCD_IRQHandler
                0x08002774      0x6c8 Drivers/STM32F0xx_HAL_Driver/stm32f0xx_hal_pcd.o
                0x08002774                HAL_PCD_IRQHandler
 .text.HAL_PCD_EP_SetStall
                0x08002e3c       0xc4 Drivers/STM32F0xx_HAL_Driver/stm32f0xx_hal_pcd.o
                0x08002e3c                HAL_PCD_EP_SetStall
 .text.HAL_PCD_EP_ClrStall
                0x08002f00       0xcc Drivers/STM32F0xx_HAL_Driver/stm32f0xx_hal_pcd.o
                0x08002f00                HAL_PCD_EP_ClrStall
 .text.HAL_PCD_EP_Flush
                0x08002fcc        0x4 Drivers/STM32F0xx_HAL_Driver/stm32f0xx_hal_pcd.o
                0x08002fcc                HAL_PCD_EP_Flush
 .text.HAL_PCDEx_PMAConfig
                0x08002fd0       0x3c Drivers/STM32F0xx_HAL_Driver/stm32f0xx_hal_pcd_ex.o
                0x08002fd0                HAL_PCDEx_PMAConfig
 .text.HAL_RCC_OscConfig
                0x0800300c      0x528 Drivers/STM32F0xx_HAL_Driver/stm32f0xx_hal_rcc.o
                0x0800300c                HAL_RCC_OscConfig
 .text.HAL_RCC_GetSysClockFreq
                0x08003534       0x84 Drivers/STM32F0xx_HAL_Driver/stm32f0xx_hal_rcc.o
                0x08003534                HAL_RCC_GetSysClockFreq
 .text.HAL_RCC_ClockConfig
                0x080035b8      0x17c Drivers/STM32F0xx_HAL_Driver/stm32f0xx_hal_rcc.o
                0x080035b8                HAL_RCC_ClockConfig
 .text.HAL_RCC_GetHCLKFreq
                0x08003734        0xc Drivers/STM32F0xx_HAL_Driver/stm32f0xx_hal_rcc.o
                0x08003734                HAL_RCC_GetHCLKFreq
 .text.HAL_RCC_GetPCLK1Freq
                0x08003740       0x20 Drivers/STM32F0xx_HAL_Driver/stm32f0xx_hal_rcc.o
                0x08003740                HAL_RCC_GetPCLK1Freq
 .text.HAL_RCCEx_PeriphCLKConfig
                0x08003760      0x15c Drivers/STM32F0xx_HAL_Driver/stm32f0xx_hal_rcc_ex.o
                0x08003760                HAL_RCCEx_PeriphCLKConfig
 .text.HAL_RTC_SetAlarm
                0x080038bc      0x18c Drivers/STM32F0xx_HAL_Driver/stm32f0xx_hal_rtc.o
                0x080038bc                HAL_RTC_SetAlarm
 .text.HAL_RTC_WaitForSynchro
                0x08003a48       0x38 Drivers/STM32F0xx_HAL_Driver/stm32f0xx_hal_rtc.o
                0x08003a48                HAL_RTC_WaitForSynchro
 .text.RTC_EnterInitMode
                0x08003a80       0x3c Drivers/STM32F0xx_HAL_Driver/stm32f0xx_hal_rtc.o
                0x08003a80                RTC_EnterInitMode
 .text.HAL_RTC_Init
                0x08003abc       0xa4 Drivers/STM32F0xx_HAL_Driver/stm32f0xx_hal_rtc.o
                0x08003abc                HAL_RTC_Init
 .text.HAL_RTC_SetTime
                0x08003b60      0x130 Drivers/STM32F0xx_HAL_Driver/stm32f0xx_hal_rtc.o
                0x08003b60                HAL_RTC_SetTime
 .text.HAL_RTC_SetDate
                0x08003c90      0x108 Drivers/STM32F0xx_HAL_Driver/stm32f0xx_hal_rtc.o
                0x08003c90                HAL_RTC_SetDate
 .text.SPI_WaitFifoStateUntilTimeout.part.1
                0x08003d98       0x60 Drivers/STM32F0xx_HAL_Driver/stm32f0xx_hal_spi.o
 .text.SPI_WaitFlagStateUntilTimeout.constprop.10
                0x08003df8       0x30 Drivers/STM32F0xx_HAL_Driver/stm32f0xx_hal_spi.o
 .text.SPI_WaitFifoStateUntilTimeout.constprop.11
                0x08003e28       0x60 Drivers/STM32F0xx_HAL_Driver/stm32f0xx_hal_spi.o
 .text.SPI_EndRxTxTransaction
                0x08003e88       0x48 Drivers/STM32F0xx_HAL_Driver/stm32f0xx_hal_spi.o
 .text.HAL_SPI_TransmitReceive.part.4
                0x08003ed0      0x2c0 Drivers/STM32F0xx_HAL_Driver/stm32f0xx_hal_spi.o
 .text.SPI_EndRxTransaction
                0x08004190       0x7c Drivers/STM32F0xx_HAL_Driver/stm32f0xx_hal_spi.o
 .text.HAL_SPI_Init
                0x0800420c       0xe0 Drivers/STM32F0xx_HAL_Driver/stm32f0xx_hal_spi.o
                0x0800420c                HAL_SPI_Init
 .text.HAL_SPI_Transmit
                0x080042ec      0x1b8 Drivers/STM32F0xx_HAL_Driver/stm32f0xx_hal_spi.o
                0x080042ec                HAL_SPI_Transmit
 .text.HAL_SPI_Receive
                0x080044a4      0x19c Drivers/STM32F0xx_HAL_Driver/stm32f0xx_hal_spi.o
                0x080044a4                HAL_SPI_Receive
 .text.TIM_SlaveTimer_SetConfig
                0x08004640       0xb4 Drivers/STM32F0xx_HAL_Driver/stm32f0xx_hal_tim.o
 .text.HAL_TIM_ConfigClockSource
                0x080046f4      0x18c Drivers/STM32F0xx_HAL_Driver/stm32f0xx_hal_tim.o
                0x080046f4                HAL_TIM_ConfigClockSource
 .text.HAL_TIM_SlaveConfigSynchronization
                0x08004880       0x3c Drivers/STM32F0xx_HAL_Driver/stm32f0xx_hal_tim.o
                0x08004880                HAL_TIM_SlaveConfigSynchronization
 .text.TIM_Base_SetConfig
                0x080048bc       0xc0 Drivers/STM32F0xx_HAL_Driver/stm32f0xx_hal_tim.o
                0x080048bc                TIM_Base_SetConfig
 .text.HAL_TIM_Base_Init
                0x0800497c       0x34 Drivers/STM32F0xx_HAL_Driver/stm32f0xx_hal_tim.o
                0x0800497c                HAL_TIM_Base_Init
 .text.HAL_TIMEx_MasterConfigSynchronization
                0x080049b0       0x40 Drivers/STM32F0xx_HAL_Driver/stm32f0xx_hal_tim_ex.o
                0x080049b0                HAL_TIMEx_MasterConfigSynchronization
 .text.HAL_UART_Receive_DMA
                0x080049f0       0xac Drivers/STM32F0xx_HAL_Driver/stm32f0xx_hal_uart.o
                0x080049f0                HAL_UART_Receive_DMA
 .text.UART_DMAReceiveCplt
                0x08004a9c       0x3c Drivers/STM32F0xx_HAL_Driver/stm32f0xx_hal_uart.o
 .text.HAL_UART_RxHalfCpltCallback
                0x08004ad8        0x4 Drivers/STM32F0xx_HAL_Driver/stm32f0xx_hal_uart.o
                0x08004ad8                HAL_UART_RxHalfCpltCallback
 .text.UART_DMARxHalfCplt
                0x08004adc        0xc Drivers/STM32F0xx_HAL_Driver/stm32f0xx_hal_uart.o
 .text.HAL_UART_ErrorCallback
                0x08004ae8        0x4 Drivers/STM32F0xx_HAL_Driver/stm32f0xx_hal_uart.o
                0x08004ae8                HAL_UART_ErrorCallback
 .text.UART_DMAError
                0x08004aec       0x68 Drivers/STM32F0xx_HAL_Driver/stm32f0xx_hal_uart.o
 .text.UART_SetConfig
                0x08004b54      0x194 Drivers/STM32F0xx_HAL_Driver/stm32f0xx_hal_uart.o
                0x08004b54                UART_SetConfig
 .text.UART_AdvFeatureConfig
                0x08004ce8       0xd0 Drivers/STM32F0xx_HAL_Driver/stm32f0xx_hal_uart.o
                0x08004ce8                UART_AdvFeatureConfig
 .text.UART_WaitOnFlagUntilTimeout
                0x08004db8       0x68 Drivers/STM32F0xx_HAL_Driver/stm32f0xx_hal_uart.o
                0x08004db8                UART_WaitOnFlagUntilTimeout
 .text.HAL_UART_Transmit
                0x08004e20       0xe4 Drivers/STM32F0xx_HAL_Driver/stm32f0xx_hal_uart.o
                0x08004e20                HAL_UART_Transmit
 .text.UART_CheckIdleState
                0x08004f04       0x80 Drivers/STM32F0xx_HAL_Driver/stm32f0xx_hal_uart.o
                0x08004f04                UART_CheckIdleState
 .text.HAL_UART_Init
                0x08004f84       0x6c Drivers/STM32F0xx_HAL_Driver/stm32f0xx_hal_uart.o
                0x08004f84                HAL_UART_Init
 .text.disk_status
                0x08004ff0       0x1c Middlewares/FatFs/diskio.o
                0x08004ff0                disk_status
 .text.disk_initialize
                0x0800500c       0x28 Middlewares/FatFs/diskio.o
                0x0800500c                disk_initialize
 .text.disk_read
                0x08005034       0x1c Middlewares/FatFs/diskio.o
                0x08005034                disk_read
 .text.disk_write
                0x08005050       0x1c Middlewares/FatFs/diskio.o
                0x08005050                disk_write
 .text.disk_ioctl
                0x0800506c       0x1c Middlewares/FatFs/diskio.o
                0x0800506c                disk_ioctl
 .text.inc_lock
                0x08005088       0xa0 Middlewares/FatFs/ff.o
 .text.get_ldnumber
                0x08005128       0x40 Middlewares/FatFs/ff.o
 .text.validate
                0x08005168       0x3c Middlewares/FatFs/ff.o
 .text.sync_window.part.4
                0x080051a4       0x78 Middlewares/FatFs/ff.o
 .text.move_window
                0x0800521c       0x54 Middlewares/FatFs/ff.o
 .text.check_fs
                0x08005270       0x80 Middlewares/FatFs/ff.o
 .text.find_volume
                0x080052f0      0x370 Middlewares/FatFs/ff.o
 .text.get_fat.part.6
                0x08005660       0xdc Middlewares/FatFs/ff.o
 .text.put_fat.part.7
                0x0800573c      0x148 Middlewares/FatFs/ff.o
 .text.create_chain
                0x08005884       0xf8 Middlewares/FatFs/ff.o
 .text.dir_next
                0x0800597c      0x194 Middlewares/FatFs/ff.o
 .text.dir_sdi.constprop.13
                0x08005b10       0xac Middlewares/FatFs/ff.o
 .text.follow_path
                0x08005bbc      0x274 Middlewares/FatFs/ff.o
 .text.f_mount  0x08005e30       0x7c Middlewares/FatFs/ff.o
                0x08005e30                f_mount
 .text.f_open   0x08005eac      0x334 Middlewares/FatFs/ff.o
                0x08005eac                f_open
 .text.f_read   0x080061e0      0x1d4 Middlewares/FatFs/ff.o
                0x080061e0                f_read
 .text.f_write  0x080063b4      0x23c Middlewares/FatFs/ff.o
                0x080063b4                f_write
 .text.putc_bfd
                0x080065f0       0x3c Middlewares/FatFs/ff.o
 .text.f_sync   0x0800662c      0x16c Middlewares/FatFs/ff.o
                0x0800662c                f_sync
 .text.f_close  0x08006798       0x5c Middlewares/FatFs/ff.o
                0x08006798                f_close
 .text.f_chdir  0x080067f4       0x78 Middlewares/FatFs/ff.o
                0x080067f4                f_chdir
 .text.f_printf
                0x0800686c      0x368 Middlewares/FatFs/ff.o
                0x0800686c                f_printf
 .text.FATFS_LinkDriver
                0x08006bd4       0x48 Middlewares/FatFs/ff_gen_drv.o
                0x08006bd4                FATFS_LinkDriver
 .text.USBD_Init
                0x08006c1c       0x34 Middlewares/USB_Device_Library/usbd_core.o
                0x08006c1c                USBD_Init
 .text.USBD_RegisterClass
                0x08006c50       0x14 Middlewares/USB_Device_Library/usbd_core.o
                0x08006c50                USBD_RegisterClass
 .text.USBD_Start
                0x08006c64        0xc Middlewares/USB_Device_Library/usbd_core.o
                0x08006c64                USBD_Start
 .text.USBD_SetClassConfig
                0x08006c70       0x18 Middlewares/USB_Device_Library/usbd_core.o
                0x08006c70                USBD_SetClassConfig
 .text.USBD_ClrClassConfig
                0x08006c88       0x10 Middlewares/USB_Device_Library/usbd_core.o
                0x08006c88                USBD_ClrClassConfig
 .text.USBD_LL_SetupStage
                0x08006c98       0x68 Middlewares/USB_Device_Library/usbd_core.o
                0x08006c98                USBD_LL_SetupStage
 .text.USBD_LL_DataOutStage
                0x08006d00       0x78 Middlewares/USB_Device_Library/usbd_core.o
                0x08006d00                USBD_LL_DataOutStage
 .text.USBD_LL_DataInStage
                0x08006d78       0xb4 Middlewares/USB_Device_Library/usbd_core.o
                0x08006d78                USBD_LL_DataInStage
 .text.USBD_LL_Reset
                0x08006e2c       0x48 Middlewares/USB_Device_Library/usbd_core.o
                0x08006e2c                USBD_LL_Reset
 .text.USBD_LL_SetSpeed
                0x08006e74        0x8 Middlewares/USB_Device_Library/usbd_core.o
                0x08006e74                USBD_LL_SetSpeed
 .text.USBD_LL_Suspend
                0x08006e7c       0x18 Middlewares/USB_Device_Library/usbd_core.o
                0x08006e7c                USBD_LL_Suspend
 .text.USBD_LL_Resume
                0x08006e94       0x10 Middlewares/USB_Device_Library/usbd_core.o
                0x08006e94                USBD_LL_Resume
 .text.USBD_LL_SOF
                0x08006ea4       0x20 Middlewares/USB_Device_Library/usbd_core.o
                0x08006ea4                USBD_LL_SOF
 .text.USBD_StdDevReq
                0x08006ec4      0x2c4 Middlewares/USB_Device_Library/usbd_ctlreq.o
                0x08006ec4                USBD_StdDevReq
 .text.USBD_StdItfReq
                0x08007188       0x44 Middlewares/USB_Device_Library/usbd_ctlreq.o
                0x08007188                USBD_StdItfReq
 .text.USBD_StdEPReq
                0x080071cc       0xec Middlewares/USB_Device_Library/usbd_ctlreq.o
                0x080071cc                USBD_StdEPReq
 .text.USBD_ParseSetupRequest
                0x080072b8       0x28 Middlewares/USB_Device_Library/usbd_ctlreq.o
                0x080072b8                USBD_ParseSetupRequest
 .text.USBD_CtlError
                0x080072e0       0x14 Middlewares/USB_Device_Library/usbd_ctlreq.o
                0x080072e0                USBD_CtlError
 .text.USBD_GetString
                0x080072f4       0x50 Middlewares/USB_Device_Library/usbd_ctlreq.o
                0x080072f4                USBD_GetString
 .text.USBD_CtlSendData
                0x08007344       0x1c Middlewares/USB_Device_Library/usbd_ioreq.o
                0x08007344                USBD_CtlSendData
 .text.USBD_CtlContinueSendData
                0x08007360       0x10 Middlewares/USB_Device_Library/usbd_ioreq.o
                0x08007360                USBD_CtlContinueSendData
 .text.USBD_CtlContinueRx
                0x08007370       0x10 Middlewares/USB_Device_Library/usbd_ioreq.o
                0x08007370                USBD_CtlContinueRx
 .text.USBD_CtlSendStatus
                0x08007380       0x18 Middlewares/USB_Device_Library/usbd_ioreq.o
                0x08007380                USBD_CtlSendStatus
 .text.USBD_CtlReceiveStatus
                0x08007398       0x18 Middlewares/USB_Device_Library/usbd_ioreq.o
                0x08007398                USBD_CtlReceiveStatus
 .text.USBD_MSC_GetHSCfgDesc
                0x080073b0        0xc Middlewares/USB_Device_Library/usbd_msc.o
                0x080073b0                USBD_MSC_GetHSCfgDesc
 .text.USBD_MSC_GetFSCfgDesc
                0x080073bc       0x10 Middlewares/USB_Device_Library/usbd_msc.o
                0x080073bc                USBD_MSC_GetFSCfgDesc
 .text.USBD_MSC_GetOtherSpeedCfgDesc
                0x080073cc       0x10 Middlewares/USB_Device_Library/usbd_msc.o
                0x080073cc                USBD_MSC_GetOtherSpeedCfgDesc
 .text.USBD_MSC_GetDeviceQualifierDescriptor
                0x080073dc       0x10 Middlewares/USB_Device_Library/usbd_msc.o
                0x080073dc                USBD_MSC_GetDeviceQualifierDescriptor
 .text.USBD_MSC_Init
                0x080073ec       0x6c Middlewares/USB_Device_Library/usbd_msc.o
                0x080073ec                USBD_MSC_Init
 .text.USBD_MSC_DeInit
                0x08007458       0x30 Middlewares/USB_Device_Library/usbd_msc.o
                0x08007458                USBD_MSC_DeInit
 .text.USBD_MSC_Setup
                0x08007488      0x100 Middlewares/USB_Device_Library/usbd_msc.o
                0x08007488                USBD_MSC_Setup
 .text.USBD_MSC_DataIn
                0x08007588        0xc Middlewares/USB_Device_Library/usbd_msc.o
                0x08007588                USBD_MSC_DataIn
 .text.USBD_MSC_DataOut
                0x08007594        0xc Middlewares/USB_Device_Library/usbd_msc.o
                0x08007594                USBD_MSC_DataOut
 .text.USBD_MSC_RegisterStorage
                0x080075a0       0x10 Middlewares/USB_Device_Library/usbd_msc.o
                0x080075a0                USBD_MSC_RegisterStorage
 .text.MSC_BOT_Abort
                0x080075b0       0x54 Middlewares/USB_Device_Library/usbd_msc_bot.o
 .text.MSC_BOT_Init
                0x08007604       0x50 Middlewares/USB_Device_Library/usbd_msc_bot.o
                0x08007604                MSC_BOT_Init
 .text.MSC_BOT_Reset
                0x08007654       0x24 Middlewares/USB_Device_Library/usbd_msc_bot.o
                0x08007654                MSC_BOT_Reset
 .text.MSC_BOT_DeInit
                0x08007678        0xc Middlewares/USB_Device_Library/usbd_msc_bot.o
                0x08007678                MSC_BOT_DeInit
 .text.MSC_BOT_SendCSW
                0x08007684       0x44 Middlewares/USB_Device_Library/usbd_msc_bot.o
                0x08007684                MSC_BOT_SendCSW
 .text.MSC_BOT_DataIn
                0x080076c8       0x40 Middlewares/USB_Device_Library/usbd_msc_bot.o
                0x080076c8                MSC_BOT_DataIn
 .text.MSC_BOT_DataOut
                0x08007708      0x108 Middlewares/USB_Device_Library/usbd_msc_bot.o
                0x08007708                MSC_BOT_DataOut
 .text.MSC_BOT_CplClrFeature
                0x08007810       0x30 Middlewares/USB_Device_Library/usbd_msc_bot.o
                0x08007810                MSC_BOT_CplClrFeature
 .text.SCSI_ProcessCmd
                0x08007840      0x720 Middlewares/USB_Device_Library/usbd_msc_scsi.o
                0x08007840                SCSI_ProcessCmd
 .text.SCSI_SenseCode
                0x08007f60       0x38 Middlewares/USB_Device_Library/usbd_msc_scsi.o
                0x08007f60                SCSI_SenseCode
 .text.__libc_init_array
                0x08007f98       0x4c c:/eclipse/eclipse_stm32/plugins/fr.ac6.mcu.externaltools.arm-none.win32_1.13.2.201703061525/tools/compiler/bin/../lib/gcc/arm-none-eabi/5.4.1/../../../../arm-none-eabi/lib/armv6-m\libc_nano.a(lib_a-init.o)
                0x08007f98                __libc_init_array
 .text.__itoa   0x08007fe4       0x2e c:/eclipse/eclipse_stm32/plugins/fr.ac6.mcu.externaltools.arm-none.win32_1.13.2.201703061525/tools/compiler/bin/../lib/gcc/arm-none-eabi/5.4.1/../../../../arm-none-eabi/lib/armv6-m\libc_nano.a(lib_a-itoa.o)
                0x08007fe4                __itoa
 .text.itoa     0x08008012        0x8 c:/eclipse/eclipse_stm32/plugins/fr.ac6.mcu.externaltools.arm-none.win32_1.13.2.201703061525/tools/compiler/bin/../lib/gcc/arm-none-eabi/5.4.1/../../../../arm-none-eabi/lib/armv6-m\libc_nano.a(lib_a-itoa.o)
                0x08008012                itoa
 *fill*         0x0800801a        0x2 
 .text.malloc   0x0800801c       0x14 c:/eclipse/eclipse_stm32/plugins/fr.ac6.mcu.externaltools.arm-none.win32_1.13.2.201703061525/tools/compiler/bin/../lib/gcc/arm-none-eabi/5.4.1/../../../../arm-none-eabi/lib/armv6-m\libc_nano.a(lib_a-malloc.o)
                0x0800801c                malloc
 .text.free     0x08008030       0x14 c:/eclipse/eclipse_stm32/plugins/fr.ac6.mcu.externaltools.arm-none.win32_1.13.2.201703061525/tools/compiler/bin/../lib/gcc/arm-none-eabi/5.4.1/../../../../arm-none-eabi/lib/armv6-m\libc_nano.a(lib_a-malloc.o)
                0x08008030                free
 .text.memcpy   0x08008044       0x12 c:/eclipse/eclipse_stm32/plugins/fr.ac6.mcu.externaltools.arm-none.win32_1.13.2.201703061525/tools/compiler/bin/../lib/gcc/arm-none-eabi/5.4.1/../../../../arm-none-eabi/lib/armv6-m\libc_nano.a(lib_a-memcpy-stub.o)
                0x08008044                memcpy
 .text.memset   0x08008056       0x10 c:/eclipse/eclipse_stm32/plugins/fr.ac6.mcu.externaltools.arm-none.win32_1.13.2.201703061525/tools/compiler/bin/../lib/gcc/arm-none-eabi/5.4.1/../../../../arm-none-eabi/lib/armv6-m\libc_nano.a(lib_a-memset.o)
                0x08008056                memset
 *fill*         0x08008066        0x2 
 .text._free_r  0x08008068       0x98 c:/eclipse/eclipse_stm32/plugins/fr.ac6.mcu.externaltools.arm-none.win32_1.13.2.201703061525/tools/compiler/bin/../lib/gcc/arm-none-eabi/5.4.1/../../../../arm-none-eabi/lib/armv6-m\libc_nano.a(lib_a-nano-freer.o)
                0x08008068                _free_r
 .text._malloc_r
                0x08008100       0xc0 c:/eclipse/eclipse_stm32/plugins/fr.ac6.mcu.externaltools.arm-none.win32_1.13.2.201703061525/tools/compiler/bin/../lib/gcc/arm-none-eabi/5.4.1/../../../../arm-none-eabi/lib/armv6-m\libc_nano.a(lib_a-nano-mallocr.o)
                0x08008100                _malloc_r
 .text._sbrk_r  0x080081c0       0x24 c:/eclipse/eclipse_stm32/plugins/fr.ac6.mcu.externaltools.arm-none.win32_1.13.2.201703061525/tools/compiler/bin/../lib/gcc/arm-none-eabi/5.4.1/../../../../arm-none-eabi/lib/armv6-m\libc_nano.a(lib_a-sbrkr.o)
                0x080081c0                _sbrk_r
 .text.strchr   0x080081e4       0x1c c:/eclipse/eclipse_stm32/plugins/fr.ac6.mcu.externaltools.arm-none.win32_1.13.2.201703061525/tools/compiler/bin/../lib/gcc/arm-none-eabi/5.4.1/../../../../arm-none-eabi/lib/armv6-m\libc_nano.a(lib_a-strchr.o)
                0x080081e4                strchr
 .text.strncmp  0x08008200       0x24 c:/eclipse/eclipse_stm32/plugins/fr.ac6.mcu.externaltools.arm-none.win32_1.13.2.201703061525/tools/compiler/bin/../lib/gcc/arm-none-eabi/5.4.1/../../../../arm-none-eabi/lib/armv6-m\libc_nano.a(lib_a-strncmp.o)
                0x08008200                strncmp
 .text.__utoa   0x08008224       0x74 c:/eclipse/eclipse_stm32/plugins/fr.ac6.mcu.externaltools.arm-none.win32_1.13.2.201703061525/tools/compiler/bin/../lib/gcc/arm-none-eabi/5.4.1/../../../../arm-none-eabi/lib/armv6-m\libc_nano.a(lib_a-utoa.o)
                0x08008224                __utoa
 .text.__malloc_lock
                0x08008298        0x2 c:/eclipse/eclipse_stm32/plugins/fr.ac6.mcu.externaltools.arm-none.win32_1.13.2.201703061525/tools/compiler/bin/../lib/gcc/arm-none-eabi/5.4.1/../../../../arm-none-eabi/lib/armv6-m\libc_nano.a(lib_a-mlock.o)
                0x08008298                __malloc_lock
 .text.__malloc_unlock
                0x0800829a        0x2 c:/eclipse/eclipse_stm32/plugins/fr.ac6.mcu.externaltools.arm-none.win32_1.13.2.201703061525/tools/compiler/bin/../lib/gcc/arm-none-eabi/5.4.1/../../../../arm-none-eabi/lib/armv6-m\libc_nano.a(lib_a-mlock.o)
                0x0800829a                __malloc_unlock
 .text._sbrk    0x0800829c       0x1c c:/eclipse/eclipse_stm32/plugins/fr.ac6.mcu.externaltools.arm-none.win32_1.13.2.201703061525/tools/compiler/bin/../lib/gcc/arm-none-eabi/5.4.1/../../../../arm-none-eabi/lib/armv6-m\libnosys.a(sbrk.o)
                0x0800829c                _sbrk
 *(.glue_7)
 .glue_7        0x080082b8        0x0 linker stubs
 *(.glue_7t)
 .glue_7t       0x080082b8        0x0 linker stubs
 *(.eh_frame)
 .eh_frame      0x080082b8        0x0 c:/eclipse/eclipse_stm32/plugins/fr.ac6.mcu.externaltools.arm-none.win32_1.13.2.201703061525/tools/compiler/bin/../lib/gcc/arm-none-eabi/5.4.1/armv6-m/crtbegin.o
 *(.init)
 .init          0x080082b8        0x4 c:/eclipse/eclipse_stm32/plugins/fr.ac6.mcu.externaltools.arm-none.win32_1.13.2.201703061525/tools/compiler/bin/../lib/gcc/arm-none-eabi/5.4.1/armv6-m/crti.o
                0x080082b8                _init
 .init          0x080082bc        0x8 c:/eclipse/eclipse_stm32/plugins/fr.ac6.mcu.externaltools.arm-none.win32_1.13.2.201703061525/tools/compiler/bin/../lib/gcc/arm-none-eabi/5.4.1/armv6-m/crtn.o
 *(.fini)
 .fini          0x080082c4        0x4 c:/eclipse/eclipse_stm32/plugins/fr.ac6.mcu.externaltools.arm-none.win32_1.13.2.201703061525/tools/compiler/bin/../lib/gcc/arm-none-eabi/5.4.1/armv6-m/crti.o
                0x080082c4                _fini
 .fini          0x080082c8        0x8 c:/eclipse/eclipse_stm32/plugins/fr.ac6.mcu.externaltools.arm-none.win32_1.13.2.201703061525/tools/compiler/bin/../lib/gcc/arm-none-eabi/5.4.1/armv6-m/crtn.o
                0x080082d0                . = ALIGN (0x4)
                0x080082d0                _etext = .

.vfp11_veneer   0x080082d0        0x0
 .vfp11_veneer  0x080082d0        0x0 linker stubs

.v4_bx          0x080082d0        0x0
 .v4_bx         0x080082d0        0x0 linker stubs

.iplt           0x080082d0        0x0
 .iplt          0x080082d0        0x0 c:/eclipse/eclipse_stm32/plugins/fr.ac6.mcu.externaltools.arm-none.win32_1.13.2.201703061525/tools/compiler/bin/../lib/gcc/arm-none-eabi/5.4.1/armv6-m/crtbegin.o

.rodata         0x080082d0      0x634
                0x080082d0                . = ALIGN (0x4)
 *(.rodata)
 .rodata        0x080082d0       0x12 Application/User/WiFi/server.o
 *fill*         0x080082e2        0x2 
 .rodata        0x080082e4       0x77 Application/User/WiFi/wifi.o
 *fill*         0x0800835b        0x1 
 .rodata        0x0800835c        0x4 Application/User/usbd_conf.o
 .rodata        0x08008360       0x24 Application/User/usbd_storage_if.o
                0x08008360                STORAGE_Inquirydata_FS
 .rodata        0x08008384       0x18 Drivers/CMSIS/system_stm32f0xx.o
                0x08008384                AHBPrescTable
                0x08008394                APBPrescTable
 .rodata        0x0800839c       0x20 Drivers/STM32F0xx_HAL_Driver/stm32f0xx_hal_rcc.o
 .rodata        0x080083bc        0x4 Drivers/STM32F0xx_HAL_Driver/stm32f0xx_hal_uart.o
 .rodata        0x080083c0      0x10a Middlewares/FatFs/ff.o
 *fill*         0x080084ca        0x2 
 .rodata        0x080084cc       0x60 Middlewares/USB_Device_Library/usbd_ctlreq.o
 .rodata        0x0800852c       0x17 Middlewares/USB_Device_Library/usbd_msc_data.o
                0x0800852c                MSC_Mode_Sense10_data
                0x08008534                MSC_Mode_Sense6_data
                0x0800853c                MSC_Page00_Inquiry_Data
 *fill*         0x08008543        0x1 
 .rodata        0x08008544      0x16c Middlewares/USB_Device_Library/usbd_msc_scsi.o
 *(.rodata*)
 .rodata.str1.4
                0x080086b0       0x9f Application/User/WiFi/server.o
 *fill*         0x0800874f        0x1 
 .rodata.str1.4
                0x08008750       0x98 Application/User/WiFi/wifi.o
                                 0xa4 (size before relaxing)
 .rodata.str1.4
                0x080087e8        0x3 Application/User/WiFi/wifi_uart.o
                                  0xb (size before relaxing)
 *fill*         0x080087eb        0x1 
 .rodata.str1.4
                0x080087ec       0x38 Application/User/stm32f0xx_hal_msp.o
 .rodata.str1.4
                0x08008824       0x30 Application/User/usbd_conf.o
 .rodata.str1.4
                0x08008854       0x42 Application/User/usbd_desc.o
 *fill*         0x08008896        0x2 
 .rodata.str1.4
                0x08008898       0x44 Middlewares/FatFs/ff.o
 .rodata.str1.1
                0x080088dc       0x25 c:/eclipse/eclipse_stm32/plugins/fr.ac6.mcu.externaltools.arm-none.win32_1.13.2.201703061525/tools/compiler/bin/../lib/gcc/arm-none-eabi/5.4.1/../../../../arm-none-eabi/lib/armv6-m\libc_nano.a(lib_a-utoa.o)
                0x08008904                . = ALIGN (0x4)
 *fill*         0x08008901        0x3 

.rel.dyn        0x08008904        0x0
 .rel.iplt      0x08008904        0x0 c:/eclipse/eclipse_stm32/plugins/fr.ac6.mcu.externaltools.arm-none.win32_1.13.2.201703061525/tools/compiler/bin/../lib/gcc/arm-none-eabi/5.4.1/armv6-m/crtbegin.o

.ARM.extab
 *(.ARM.extab* .gnu.linkonce.armextab.*)

.ARM            0x08008904        0x0
                0x08008904                __exidx_start = .
 *(.ARM.exidx*)
                0x08008904                __exidx_end = .

.preinit_array  0x08008904        0x0
                0x08008904                PROVIDE (__preinit_array_start, .)
 *(.preinit_array*)
                0x08008904                PROVIDE (__preinit_array_end, .)

.init_array     0x08008904        0x4
                0x08008904                PROVIDE (__init_array_start, .)
 *(SORT(.init_array.*))
 *(.init_array*)
 .init_array    0x08008904        0x4 c:/eclipse/eclipse_stm32/plugins/fr.ac6.mcu.externaltools.arm-none.win32_1.13.2.201703061525/tools/compiler/bin/../lib/gcc/arm-none-eabi/5.4.1/armv6-m/crtbegin.o
                0x08008908                PROVIDE (__init_array_end, .)

.fini_array     0x08008908        0x4
                [!provide]                PROVIDE (__fini_array_start, .)
 *(SORT(.fini_array.*))
 *(.fini_array*)
 .fini_array    0x08008908        0x4 c:/eclipse/eclipse_stm32/plugins/fr.ac6.mcu.externaltools.arm-none.win32_1.13.2.201703061525/tools/compiler/bin/../lib/gcc/arm-none-eabi/5.4.1/armv6-m/crtbegin.o
                [!provide]                PROVIDE (__fini_array_end, .)
                0x0800890c                _sidata = LOADADDR (.data)

.data           0x20000000      0x178 load address 0x0800890c
                0x20000000                . = ALIGN (0x4)
                0x20000000                _sdata = .
 *(.data)
 .data          0x20000000       0x34 Application/User/usbd_desc.o
                0x20000000                USBD_FS_DeviceDesc
                0x20000014                USBD_LangIDDesc
                0x20000018                FS_Desc
 .data          0x20000034       0x20 Application/User/usbd_storage_if.o
                0x20000034                USBD_Storage_Interface_fops_FS
 .data          0x20000054       0x18 Application/User/user_diskio.o
                0x20000058                USER_Driver
 .data          0x2000006c        0x4 Drivers/CMSIS/system_stm32f0xx.o
                0x2000006c                SystemCoreClock
 .data          0x20000070       0xa4 Middlewares/USB_Device_Library/usbd_msc.o
                0x20000070                USBD_MSC_CfgHSDesc
                0x20000090                USBD_MSC_CfgFSDesc
                0x200000b0                USBD_MSC_OtherSpeedCfgDesc
                0x200000d0                USBD_MSC_DeviceQualifierDesc
                0x200000dc                USBD_MSC
 *(.data*)
 .data.impure_data
                0x20000114       0x60 c:/eclipse/eclipse_stm32/plugins/fr.ac6.mcu.externaltools.arm-none.win32_1.13.2.201703061525/tools/compiler/bin/../lib/gcc/arm-none-eabi/5.4.1/../../../../arm-none-eabi/lib/armv6-m\libc_nano.a(lib_a-impure.o)
 .data._impure_ptr
                0x20000174        0x4 c:/eclipse/eclipse_stm32/plugins/fr.ac6.mcu.externaltools.arm-none.win32_1.13.2.201703061525/tools/compiler/bin/../lib/gcc/arm-none-eabi/5.4.1/../../../../arm-none-eabi/lib/armv6-m\libc_nano.a(lib_a-impure.o)
                0x20000174                _impure_ptr
                0x20000178                . = ALIGN (0x4)
                0x20000178                _edata = .

.jcr            0x20000178        0x0 load address 0x08008a84
 .jcr           0x20000178        0x0 c:/eclipse/eclipse_stm32/plugins/fr.ac6.mcu.externaltools.arm-none.win32_1.13.2.201703061525/tools/compiler/bin/../lib/gcc/arm-none-eabi/5.4.1/armv6-m/crtbegin.o

.igot.plt       0x20000178        0x0 load address 0x08008a84
 .igot.plt      0x20000178        0x0 c:/eclipse/eclipse_stm32/plugins/fr.ac6.mcu.externaltools.arm-none.win32_1.13.2.201703061525/tools/compiler/bin/../lib/gcc/arm-none-eabi/5.4.1/armv6-m/crtbegin.o
                0x20000178                . = ALIGN (0x4)

.bss            0x20000178     0x2e9c load address 0x08008a84
                0x20000178                _sbss = .
                0x20000178                __bss_start__ = _sbss
 *(.bss)
 .bss           0x20000178       0x1c c:/eclipse/eclipse_stm32/plugins/fr.ac6.mcu.externaltools.arm-none.win32_1.13.2.201703061525/tools/compiler/bin/../lib/gcc/arm-none-eabi/5.4.1/armv6-m/crtbegin.o
 .bss           0x20000194        0x7 Application/User/Flash_mem/mem_funs.o
 *fill*         0x2000019b        0x1 
 .bss           0x2000019c        0x5 Application/User/Scheduler/scheduler.o
 *fill*         0x200001a1        0x3 
 .bss           0x200001a4      0x370 Application/User/WiFi/wifi.o
 .bss           0x20000514        0x1 Application/User/fatfs.o
 *fill*         0x20000515        0x3 
 .bss           0x20000518     0x1070 Application/User/usbd_conf.o
 .bss           0x20001588       0x1e Middlewares/FatFs/ff.o
 *fill*         0x200015a6        0x2 
 .bss           0x200015a8        0xc Middlewares/FatFs/ff_gen_drv.o
                0x200015a8                disk
 .bss           0x200015b4        0x1 Middlewares/USB_Device_Library/usbd_ctlreq.o
 *(.bss*)
 *fill*         0x200015b5        0x3 
 .bss.__malloc_sbrk_start
                0x200015b8        0x4 c:/eclipse/eclipse_stm32/plugins/fr.ac6.mcu.externaltools.arm-none.win32_1.13.2.201703061525/tools/compiler/bin/../lib/gcc/arm-none-eabi/5.4.1/../../../../arm-none-eabi/lib/armv6-m\libc_nano.a(lib_a-nano-mallocr.o)
                0x200015b8                __malloc_sbrk_start
 .bss.__malloc_free_list
                0x200015bc        0x4 c:/eclipse/eclipse_stm32/plugins/fr.ac6.mcu.externaltools.arm-none.win32_1.13.2.201703061525/tools/compiler/bin/../lib/gcc/arm-none-eabi/5.4.1/../../../../arm-none-eabi/lib/armv6-m\libc_nano.a(lib_a-nano-mallocr.o)
                0x200015bc                __malloc_free_list
 .bss.heap_end.4167
                0x200015c0        0x4 c:/eclipse/eclipse_stm32/plugins/fr.ac6.mcu.externaltools.arm-none.win32_1.13.2.201703061525/tools/compiler/bin/../lib/gcc/arm-none-eabi/5.4.1/../../../../arm-none-eabi/lib/armv6-m\libnosys.a(sbrk.o)
 *(COMMON)
 COMMON         0x200015c4        0xc Application/User/WiFi/wifi.o
                0x200015c4                make_wifi_list_task_handle
                0x200015c8                keep_connect_task_handle
                0x200015cc                connect_task_handle
 COMMON         0x200015d0       0xd4 Application/User/WiFi/wifi_uart.o
                0x200015d0                rec_buf
                0x2000169c                callback
                0x200016a0                uart_handle
 COMMON         0x200016a4     0x1068 Application/User/fatfs.o
                0x200016a4                USERPath
                0x200016a8                retUSER
                0x200016ac                USERFile
                0x200016d8                USERFatFS
 COMMON         0x2000270c      0x2bc Application/User/main.o
                0x2000270c                hdma_usart2_rx
                0x20002750                hspi2
                0x200027b4                htim15
                0x200027f4                hdma_usart2_tx
                0x20002838                hdac
                0x2000284c                hrtc
                0x2000286c                hdma_dac_ch2
                0x200028b0                hspi1
                0x20002914                huart2
                0x20002984                hdma_spi2_tx
 COMMON         0x200029c8      0x224 Application/User/usb_device.o
                0x200029c8                hUsbDeviceFS
 COMMON         0x20002bec      0x220 Application/User/usbd_conf.o
                0x20002bec                hpcd_USB_FS
 COMMON         0x20002e0c      0x200 Application/User/usbd_desc.o
                0x20002e0c                USBD_StrDesc
 COMMON         0x2000300c        0x4 Drivers/STM32F0xx_HAL_Driver/stm32f0xx_hal.o
                0x2000300c                uwTick
 COMMON         0x20003010        0x4 c:/eclipse/eclipse_stm32/plugins/fr.ac6.mcu.externaltools.arm-none.win32_1.13.2.201703061525/tools/compiler/bin/../lib/gcc/arm-none-eabi/5.4.1/../../../../arm-none-eabi/lib/armv6-m\libc_nano.a(lib_a-reent.o)
                0x20003010                errno
                0x20003014                . = ALIGN (0x4)
                0x20003014                _ebss = .
                0x20003014                __bss_end__ = _ebss

._user_heap_stack
                0x20003014      0x604 load address 0x08008a84
                0x20003018                . = ALIGN (0x8)
 *fill*         0x20003014        0x4 
                0x20003018                PROVIDE (end, .)
                [!provide]                PROVIDE (_end, .)
                0x20003218                . = (. + _Min_Heap_Size)
 *fill*         0x20003018      0x200 
                0x20003618                . = (. + _Min_Stack_Size)
 *fill*         0x20003218      0x400 
                0x20003618                . = ALIGN (0x8)

/DISCARD/
 libc.a(*)
 libm.a(*)
 libgcc.a(*)

.ARM.attributes
                0x00000000       0x28
 *(.ARM.attributes)
 .ARM.attributes
                0x00000000       0x1e c:/eclipse/eclipse_stm32/plugins/fr.ac6.mcu.externaltools.arm-none.win32_1.13.2.201703061525/tools/compiler/bin/../lib/gcc/arm-none-eabi/5.4.1/armv6-m/crti.o
 .ARM.attributes
                0x0000001e       0x2c c:/eclipse/eclipse_stm32/plugins/fr.ac6.mcu.externaltools.arm-none.win32_1.13.2.201703061525/tools/compiler/bin/../lib/gcc/arm-none-eabi/5.4.1/armv6-m/crtbegin.o
 .ARM.attributes
                0x0000004a       0x21 Application/SW4STM32/startup_stm32f072xb.o
 .ARM.attributes
                0x0000006b       0x31 Application/User/Flash_mem/mem_funs.o
 .ARM.attributes
                0x0000009c       0x31 Application/User/Scheduler/scheduler.o
 .ARM.attributes
                0x000000cd       0x31 Application/User/WiFi/server.o
 .ARM.attributes
                0x000000fe       0x31 Application/User/WiFi/wifi.o
 .ARM.attributes
                0x0000012f       0x31 Application/User/WiFi/wifi_uart.o
 .ARM.attributes
                0x00000160       0x31 Application/User/fatfs.o
 .ARM.attributes
                0x00000191       0x31 Application/User/main.o
 .ARM.attributes
                0x000001c2       0x31 Application/User/stm32f0xx_hal_msp.o
 .ARM.attributes
                0x000001f3       0x31 Application/User/stm32f0xx_it.o
 .ARM.attributes
                0x00000224       0x31 Application/User/usb_device.o
 .ARM.attributes
                0x00000255       0x31 Application/User/usbd_conf.o
 .ARM.attributes
                0x00000286       0x31 Application/User/usbd_desc.o
 .ARM.attributes
                0x000002b7       0x31 Application/User/usbd_storage_if.o
 .ARM.attributes
                0x000002e8       0x31 Application/User/user_diskio.o
 .ARM.attributes
                0x00000319       0x31 Drivers/CMSIS/system_stm32f0xx.o
 .ARM.attributes
                0x0000034a       0x31 Drivers/STM32F0xx_HAL_Driver/stm32f0xx_hal.o
 .ARM.attributes
                0x0000037b       0x31 Drivers/STM32F0xx_HAL_Driver/stm32f0xx_hal_cortex.o
 .ARM.attributes
                0x000003ac       0x31 Drivers/STM32F0xx_HAL_Driver/stm32f0xx_hal_dac.o
 .ARM.attributes
                0x000003dd       0x31 Drivers/STM32F0xx_HAL_Driver/stm32f0xx_hal_dac_ex.o
 .ARM.attributes
                0x0000040e       0x31 Drivers/STM32F0xx_HAL_Driver/stm32f0xx_hal_dma.o
 .ARM.attributes
                0x0000043f       0x31 Drivers/STM32F0xx_HAL_Driver/stm32f0xx_hal_gpio.o
 .ARM.attributes
                0x00000470       0x31 Drivers/STM32F0xx_HAL_Driver/stm32f0xx_hal_pcd.o
 .ARM.attributes
                0x000004a1       0x31 Drivers/STM32F0xx_HAL_Driver/stm32f0xx_hal_pcd_ex.o
 .ARM.attributes
                0x000004d2       0x31 Drivers/STM32F0xx_HAL_Driver/stm32f0xx_hal_rcc.o
 .ARM.attributes
                0x00000503       0x31 Drivers/STM32F0xx_HAL_Driver/stm32f0xx_hal_rcc_ex.o
 .ARM.attributes
                0x00000534       0x31 Drivers/STM32F0xx_HAL_Driver/stm32f0xx_hal_rtc.o
 .ARM.attributes
                0x00000565       0x31 Drivers/STM32F0xx_HAL_Driver/stm32f0xx_hal_spi.o
 .ARM.attributes
                0x00000596       0x31 Drivers/STM32F0xx_HAL_Driver/stm32f0xx_hal_tim.o
 .ARM.attributes
                0x000005c7       0x31 Drivers/STM32F0xx_HAL_Driver/stm32f0xx_hal_tim_ex.o
 .ARM.attributes
                0x000005f8       0x31 Drivers/STM32F0xx_HAL_Driver/stm32f0xx_hal_uart.o
 .ARM.attributes
                0x00000629       0x31 Middlewares/FatFs/diskio.o
 .ARM.attributes
                0x0000065a       0x31 Middlewares/FatFs/ff.o
 .ARM.attributes
                0x0000068b       0x31 Middlewares/FatFs/ff_gen_drv.o
 .ARM.attributes
                0x000006bc       0x31 Middlewares/USB_Device_Library/usbd_core.o
 .ARM.attributes
                0x000006ed       0x31 Middlewares/USB_Device_Library/usbd_ctlreq.o
 .ARM.attributes
                0x0000071e       0x31 Middlewares/USB_Device_Library/usbd_ioreq.o
 .ARM.attributes
                0x0000074f       0x31 Middlewares/USB_Device_Library/usbd_msc.o
 .ARM.attributes
                0x00000780       0x31 Middlewares/USB_Device_Library/usbd_msc_bot.o
 .ARM.attributes
                0x000007b1       0x31 Middlewares/USB_Device_Library/usbd_msc_data.o
 .ARM.attributes
                0x000007e2       0x31 Middlewares/USB_Device_Library/usbd_msc_scsi.o
 .ARM.attributes
                0x00000813       0x1e c:/eclipse/eclipse_stm32/plugins/fr.ac6.mcu.externaltools.arm-none.win32_1.13.2.201703061525/tools/compiler/bin/../lib/gcc/arm-none-eabi/5.4.1/armv6-m\libgcc.a(_udivsi3.o)
 .ARM.attributes
                0x00000831       0x1e c:/eclipse/eclipse_stm32/plugins/fr.ac6.mcu.externaltools.arm-none.win32_1.13.2.201703061525/tools/compiler/bin/../lib/gcc/arm-none-eabi/5.4.1/armv6-m\libgcc.a(_dvmd_tls.o)
 .ARM.attributes
                0x0000084f       0x2c c:/eclipse/eclipse_stm32/plugins/fr.ac6.mcu.externaltools.arm-none.win32_1.13.2.201703061525/tools/compiler/bin/../lib/gcc/arm-none-eabi/5.4.1/../../../../arm-none-eabi/lib/armv6-m\libc_nano.a(lib_a-impure.o)
 .ARM.attributes
                0x0000087b       0x2c c:/eclipse/eclipse_stm32/plugins/fr.ac6.mcu.externaltools.arm-none.win32_1.13.2.201703061525/tools/compiler/bin/../lib/gcc/arm-none-eabi/5.4.1/../../../../arm-none-eabi/lib/armv6-m\libc_nano.a(lib_a-init.o)
 .ARM.attributes
                0x000008a7       0x2c c:/eclipse/eclipse_stm32/plugins/fr.ac6.mcu.externaltools.arm-none.win32_1.13.2.201703061525/tools/compiler/bin/../lib/gcc/arm-none-eabi/5.4.1/../../../../arm-none-eabi/lib/armv6-m\libc_nano.a(lib_a-itoa.o)
 .ARM.attributes
                0x000008d3       0x2c c:/eclipse/eclipse_stm32/plugins/fr.ac6.mcu.externaltools.arm-none.win32_1.13.2.201703061525/tools/compiler/bin/../lib/gcc/arm-none-eabi/5.4.1/../../../../arm-none-eabi/lib/armv6-m\libc_nano.a(lib_a-malloc.o)
 .ARM.attributes
                0x000008ff       0x2c c:/eclipse/eclipse_stm32/plugins/fr.ac6.mcu.externaltools.arm-none.win32_1.13.2.201703061525/tools/compiler/bin/../lib/gcc/arm-none-eabi/5.4.1/../../../../arm-none-eabi/lib/armv6-m\libc_nano.a(lib_a-memcpy-stub.o)
 .ARM.attributes
                0x0000092b       0x2c c:/eclipse/eclipse_stm32/plugins/fr.ac6.mcu.externaltools.arm-none.win32_1.13.2.201703061525/tools/compiler/bin/../lib/gcc/arm-none-eabi/5.4.1/../../../../arm-none-eabi/lib/armv6-m\libc_nano.a(lib_a-memset.o)
 .ARM.attributes
                0x00000957       0x2c c:/eclipse/eclipse_stm32/plugins/fr.ac6.mcu.externaltools.arm-none.win32_1.13.2.201703061525/tools/compiler/bin/../lib/gcc/arm-none-eabi/5.4.1/../../../../arm-none-eabi/lib/armv6-m\libc_nano.a(lib_a-nano-freer.o)
 .ARM.attributes
                0x00000983       0x2c c:/eclipse/eclipse_stm32/plugins/fr.ac6.mcu.externaltools.arm-none.win32_1.13.2.201703061525/tools/compiler/bin/../lib/gcc/arm-none-eabi/5.4.1/../../../../arm-none-eabi/lib/armv6-m\libc_nano.a(lib_a-nano-mallocr.o)
 .ARM.attributes
                0x000009af       0x2c c:/eclipse/eclipse_stm32/plugins/fr.ac6.mcu.externaltools.arm-none.win32_1.13.2.201703061525/tools/compiler/bin/../lib/gcc/arm-none-eabi/5.4.1/../../../../arm-none-eabi/lib/armv6-m\libc_nano.a(lib_a-sbrkr.o)
 .ARM.attributes
                0x000009db       0x2c c:/eclipse/eclipse_stm32/plugins/fr.ac6.mcu.externaltools.arm-none.win32_1.13.2.201703061525/tools/compiler/bin/../lib/gcc/arm-none-eabi/5.4.1/../../../../arm-none-eabi/lib/armv6-m\libc_nano.a(lib_a-strchr.o)
 .ARM.attributes
                0x00000a07       0x1c c:/eclipse/eclipse_stm32/plugins/fr.ac6.mcu.externaltools.arm-none.win32_1.13.2.201703061525/tools/compiler/bin/../lib/gcc/arm-none-eabi/5.4.1/../../../../arm-none-eabi/lib/armv6-m\libc_nano.a(lib_a-strcmp.o)
 .ARM.attributes
                0x00000a23       0x1c c:/eclipse/eclipse_stm32/plugins/fr.ac6.mcu.externaltools.arm-none.win32_1.13.2.201703061525/tools/compiler/bin/../lib/gcc/arm-none-eabi/5.4.1/../../../../arm-none-eabi/lib/armv6-m\libc_nano.a(lib_a-strlen.o)
 .ARM.attributes
                0x00000a3f       0x2c c:/eclipse/eclipse_stm32/plugins/fr.ac6.mcu.externaltools.arm-none.win32_1.13.2.201703061525/tools/compiler/bin/../lib/gcc/arm-none-eabi/5.4.1/../../../../arm-none-eabi/lib/armv6-m\libc_nano.a(lib_a-strncmp.o)
 .ARM.attributes
                0x00000a6b       0x2c c:/eclipse/eclipse_stm32/plugins/fr.ac6.mcu.externaltools.arm-none.win32_1.13.2.201703061525/tools/compiler/bin/../lib/gcc/arm-none-eabi/5.4.1/../../../../arm-none-eabi/lib/armv6-m\libc_nano.a(lib_a-utoa.o)
 .ARM.attributes
                0x00000a97       0x2c c:/eclipse/eclipse_stm32/plugins/fr.ac6.mcu.externaltools.arm-none.win32_1.13.2.201703061525/tools/compiler/bin/../lib/gcc/arm-none-eabi/5.4.1/../../../../arm-none-eabi/lib/armv6-m\libc_nano.a(lib_a-mlock.o)
 .ARM.attributes
                0x00000ac3       0x2c c:/eclipse/eclipse_stm32/plugins/fr.ac6.mcu.externaltools.arm-none.win32_1.13.2.201703061525/tools/compiler/bin/../lib/gcc/arm-none-eabi/5.4.1/../../../../arm-none-eabi/lib/armv6-m\libc_nano.a(lib_a-reent.o)
 .ARM.attributes
                0x00000aef       0x2c c:/eclipse/eclipse_stm32/plugins/fr.ac6.mcu.externaltools.arm-none.win32_1.13.2.201703061525/tools/compiler/bin/../lib/gcc/arm-none-eabi/5.4.1/../../../../arm-none-eabi/lib/armv6-m\libnosys.a(sbrk.o)
 .ARM.attributes
                0x00000b1b       0x1e c:/eclipse/eclipse_stm32/plugins/fr.ac6.mcu.externaltools.arm-none.win32_1.13.2.201703061525/tools/compiler/bin/../lib/gcc/arm-none-eabi/5.4.1/armv6-m/crtn.o
OUTPUT(zegarek_justyny_V2.elf elf32-littlearm)

.debug_line     0x00000000    0x1d201
 .debug_line    0x00000000       0xa1 Application/SW4STM32/startup_stm32f072xb.o
 .debug_line    0x000000a1      0xb94 Application/User/Flash_mem/mem_funs.o
 .debug_line    0x00000c35      0x8d7 Application/User/Scheduler/scheduler.o
 .debug_line    0x0000150c      0xa1c Application/User/WiFi/server.o
 .debug_line    0x00001f28      0xae2 Application/User/WiFi/wifi.o
 .debug_line    0x00002a0a      0x98d Application/User/WiFi/wifi_uart.o
 .debug_line    0x00003397      0x9f5 Application/User/fatfs.o
 .debug_line    0x00003d8c      0xc78 Application/User/main.o
 .debug_line    0x00004a04      0x9e2 Application/User/stm32f0xx_hal_msp.o
 .debug_line    0x000053e6      0x869 Application/User/stm32f0xx_it.o
 .debug_line    0x00005c4f      0x9b2 Application/User/usb_device.o
 .debug_line    0x00006601      0xc1f Application/User/usbd_conf.o
 .debug_line    0x00007220      0x97a Application/User/usbd_desc.o
 .debug_line    0x00007b9a      0xa57 Application/User/usbd_storage_if.o
 .debug_line    0x000085f1      0x962 Application/User/user_diskio.o
 .debug_line    0x00008f53      0x859 Drivers/CMSIS/system_stm32f0xx.o
 .debug_line    0x000097ac      0x9a2 Drivers/STM32F0xx_HAL_Driver/stm32f0xx_hal.o
 .debug_line    0x0000a14e      0x9a5 Drivers/STM32F0xx_HAL_Driver/stm32f0xx_hal_cortex.o
 .debug_line    0x0000aaf3      0x949 Drivers/STM32F0xx_HAL_Driver/stm32f0xx_hal_dac.o
 .debug_line    0x0000b43c      0xaaf Drivers/STM32F0xx_HAL_Driver/stm32f0xx_hal_dac_ex.o
 .debug_line    0x0000beeb      0xb3a Drivers/STM32F0xx_HAL_Driver/stm32f0xx_hal_dma.o
 .debug_line    0x0000ca25      0x9c6 Drivers/STM32F0xx_HAL_Driver/stm32f0xx_hal_gpio.o
 .debug_line    0x0000d3eb      0xf25 Drivers/STM32F0xx_HAL_Driver/stm32f0xx_hal_pcd.o
 .debug_line    0x0000e310      0x841 Drivers/STM32F0xx_HAL_Driver/stm32f0xx_hal_pcd_ex.o
 .debug_line    0x0000eb51      0xbea Drivers/STM32F0xx_HAL_Driver/stm32f0xx_hal_rcc.o
 .debug_line    0x0000f73b      0xa96 Drivers/STM32F0xx_HAL_Driver/stm32f0xx_hal_rcc_ex.o
 .debug_line    0x000101d1      0xd50 Drivers/STM32F0xx_HAL_Driver/stm32f0xx_hal_rtc.o
 .debug_line    0x00010f21     0x140d Drivers/STM32F0xx_HAL_Driver/stm32f0xx_hal_spi.o
 .debug_line    0x0001232e     0x1ac8 Drivers/STM32F0xx_HAL_Driver/stm32f0xx_hal_tim.o
 .debug_line    0x00013df6      0xdcd Drivers/STM32F0xx_HAL_Driver/stm32f0xx_hal_tim_ex.o
 .debug_line    0x00014bc3     0x13fe Drivers/STM32F0xx_HAL_Driver/stm32f0xx_hal_uart.o
 .debug_line    0x00015fc1      0x8c2 Middlewares/FatFs/diskio.o
 .debug_line    0x00016883     0x1646 Middlewares/FatFs/ff.o
 .debug_line    0x00017ec9      0x8f6 Middlewares/FatFs/ff_gen_drv.o
 .debug_line    0x000187bf      0xb00 Middlewares/USB_Device_Library/usbd_core.o
 .debug_line    0x000192bf      0xa93 Middlewares/USB_Device_Library/usbd_ctlreq.o
 .debug_line    0x00019d52      0x9a0 Middlewares/USB_Device_Library/usbd_ioreq.o
 .debug_line    0x0001a6f2      0xacc Middlewares/USB_Device_Library/usbd_msc.o
 .debug_line    0x0001b1be      0xad5 Middlewares/USB_Device_Library/usbd_msc_bot.o
 .debug_line    0x0001bc93      0x94e Middlewares/USB_Device_Library/usbd_msc_data.o
 .debug_line    0x0001c5e1      0xc20 Middlewares/USB_Device_Library/usbd_msc_scsi.o

.debug_info     0x00000000    0x22d73
 .debug_info    0x00000000       0xa5 Application/SW4STM32/startup_stm32f072xb.o
 .debug_info    0x000000a5     0x116c Application/User/Flash_mem/mem_funs.o
 .debug_info    0x00001211      0x33b Application/User/Scheduler/scheduler.o
 .debug_info    0x0000154c      0xd5b Application/User/WiFi/server.o
 .debug_info    0x000022a7     0x168e Application/User/WiFi/wifi.o
 .debug_info    0x00003935      0xa80 Application/User/WiFi/wifi_uart.o
 .debug_info    0x000043b5      0xa1f Application/User/fatfs.o
 .debug_info    0x00004dd4     0x1c93 Application/User/main.o
 .debug_info    0x00006a67     0x168c Application/User/stm32f0xx_hal_msp.o
 .debug_info    0x000080f3      0x7ad Application/User/stm32f0xx_it.o
 .debug_info    0x000088a0      0x644 Application/User/usb_device.o
 .debug_info    0x00008ee4     0x16c2 Application/User/usbd_conf.o
 .debug_info    0x0000a5a6      0x4c4 Application/User/usbd_desc.o
 .debug_info    0x0000aa6a      0x7ab Application/User/usbd_storage_if.o
 .debug_info    0x0000b215      0x3a6 Application/User/user_diskio.o
 .debug_info    0x0000b5bb      0x24b Drivers/CMSIS/system_stm32f0xx.o
 .debug_info    0x0000b806      0x60c Drivers/STM32F0xx_HAL_Driver/stm32f0xx_hal.o
 .debug_info    0x0000be12      0x7c1 Drivers/STM32F0xx_HAL_Driver/stm32f0xx_hal_cortex.o
 .debug_info    0x0000c5d3      0x7a3 Drivers/STM32F0xx_HAL_Driver/stm32f0xx_hal_dac.o
 .debug_info    0x0000cd76      0x97a Drivers/STM32F0xx_HAL_Driver/stm32f0xx_hal_dac_ex.o
 .debug_info    0x0000d6f0      0x7ec Drivers/STM32F0xx_HAL_Driver/stm32f0xx_hal_dma.o
 .debug_info    0x0000dedc      0x5ea Drivers/STM32F0xx_HAL_Driver/stm32f0xx_hal_gpio.o
 .debug_info    0x0000e4c6     0x159b Drivers/STM32F0xx_HAL_Driver/stm32f0xx_hal_pcd.o
 .debug_info    0x0000fa61      0x558 Drivers/STM32F0xx_HAL_Driver/stm32f0xx_hal_pcd_ex.o
 .debug_info    0x0000ffb9      0x9b5 Drivers/STM32F0xx_HAL_Driver/stm32f0xx_hal_rcc.o
 .debug_info    0x0001096e      0x65b Drivers/STM32F0xx_HAL_Driver/stm32f0xx_hal_rcc_ex.o
 .debug_info    0x00010fc9      0xe33 Drivers/STM32F0xx_HAL_Driver/stm32f0xx_hal_rtc.o
 .debug_info    0x00011dfc     0x2013 Drivers/STM32F0xx_HAL_Driver/stm32f0xx_hal_spi.o
 .debug_info    0x00013e0f     0x32c6 Drivers/STM32F0xx_HAL_Driver/stm32f0xx_hal_tim.o
 .debug_info    0x000170d5     0x1155 Drivers/STM32F0xx_HAL_Driver/stm32f0xx_hal_tim_ex.o
 .debug_info    0x0001822a     0x179c Drivers/STM32F0xx_HAL_Driver/stm32f0xx_hal_uart.o
 .debug_info    0x000199c6      0x43c Middlewares/FatFs/diskio.o
 .debug_info    0x00019e02     0x3704 Middlewares/FatFs/ff.o
 .debug_info    0x0001d506      0x52e Middlewares/FatFs/ff_gen_drv.o
 .debug_info    0x0001da34      0xbd7 Middlewares/USB_Device_Library/usbd_core.o
 .debug_info    0x0001e60b      0xd6a Middlewares/USB_Device_Library/usbd_ctlreq.o
 .debug_info    0x0001f375      0x73e Middlewares/USB_Device_Library/usbd_ioreq.o
 .debug_info    0x0001fab3      0xda4 Middlewares/USB_Device_Library/usbd_msc.o
 .debug_info    0x00020857      0xd29 Middlewares/USB_Device_Library/usbd_msc_bot.o
 .debug_info    0x00021580       0xfa Middlewares/USB_Device_Library/usbd_msc_data.o
 .debug_info    0x0002167a     0x16f9 Middlewares/USB_Device_Library/usbd_msc_scsi.o

.debug_abbrev   0x00000000     0x5850
 .debug_abbrev  0x00000000       0x12 Application/SW4STM32/startup_stm32f072xb.o
 .debug_abbrev  0x00000012      0x2bc Application/User/Flash_mem/mem_funs.o
 .debug_abbrev  0x000002ce      0x196 Application/User/Scheduler/scheduler.o
 .debug_abbrev  0x00000464      0x2af Application/User/WiFi/server.o
 .debug_abbrev  0x00000713      0x3c0 Application/User/WiFi/wifi.o
 .debug_abbrev  0x00000ad3      0x275 Application/User/WiFi/wifi_uart.o
 .debug_abbrev  0x00000d48      0x20b Application/User/fatfs.o
 .debug_abbrev  0x00000f53      0x280 Application/User/main.o
 .debug_abbrev  0x000011d3      0x217 Application/User/stm32f0xx_hal_msp.o
 .debug_abbrev  0x000013ea      0x1ad Application/User/stm32f0xx_it.o
 .debug_abbrev  0x00001597      0x158 Application/User/usb_device.o
 .debug_abbrev  0x000016ef      0x296 Application/User/usbd_conf.o
 .debug_abbrev  0x00001985      0x18f Application/User/usbd_desc.o
 .debug_abbrev  0x00001b14      0x215 Application/User/usbd_storage_if.o
 .debug_abbrev  0x00001d29      0x149 Application/User/user_diskio.o
 .debug_abbrev  0x00001e72       0xf3 Drivers/CMSIS/system_stm32f0xx.o
 .debug_abbrev  0x00001f65      0x1de Drivers/STM32F0xx_HAL_Driver/stm32f0xx_hal.o
 .debug_abbrev  0x00002143      0x276 Drivers/STM32F0xx_HAL_Driver/stm32f0xx_hal_cortex.o
 .debug_abbrev  0x000023b9      0x1a0 Drivers/STM32F0xx_HAL_Driver/stm32f0xx_hal_dac.o
 .debug_abbrev  0x00002559      0x23c Drivers/STM32F0xx_HAL_Driver/stm32f0xx_hal_dac_ex.o
 .debug_abbrev  0x00002795      0x203 Drivers/STM32F0xx_HAL_Driver/stm32f0xx_hal_dma.o
 .debug_abbrev  0x00002998      0x1e1 Drivers/STM32F0xx_HAL_Driver/stm32f0xx_hal_gpio.o
 .debug_abbrev  0x00002b79      0x322 Drivers/STM32F0xx_HAL_Driver/stm32f0xx_hal_pcd.o
 .debug_abbrev  0x00002e9b      0x134 Drivers/STM32F0xx_HAL_Driver/stm32f0xx_hal_pcd_ex.o
 .debug_abbrev  0x00002fcf      0x254 Drivers/STM32F0xx_HAL_Driver/stm32f0xx_hal_rcc.o
 .debug_abbrev  0x00003223      0x1db Drivers/STM32F0xx_HAL_Driver/stm32f0xx_hal_rcc_ex.o
 .debug_abbrev  0x000033fe      0x253 Drivers/STM32F0xx_HAL_Driver/stm32f0xx_hal_rtc.o
 .debug_abbrev  0x00003651      0x342 Drivers/STM32F0xx_HAL_Driver/stm32f0xx_hal_spi.o
 .debug_abbrev  0x00003993      0x31e Drivers/STM32F0xx_HAL_Driver/stm32f0xx_hal_tim.o
 .debug_abbrev  0x00003cb1      0x297 Drivers/STM32F0xx_HAL_Driver/stm32f0xx_hal_tim_ex.o
 .debug_abbrev  0x00003f48      0x2bb Drivers/STM32F0xx_HAL_Driver/stm32f0xx_hal_uart.o
 .debug_abbrev  0x00004203      0x18e Middlewares/FatFs/diskio.o
 .debug_abbrev  0x00004391      0x3ad Middlewares/FatFs/ff.o
 .debug_abbrev  0x0000473e      0x20a Middlewares/FatFs/ff_gen_drv.o
 .debug_abbrev  0x00004948      0x25b Middlewares/USB_Device_Library/usbd_core.o
 .debug_abbrev  0x00004ba3      0x2e3 Middlewares/USB_Device_Library/usbd_ctlreq.o
 .debug_abbrev  0x00004e86      0x140 Middlewares/USB_Device_Library/usbd_ioreq.o
 .debug_abbrev  0x00004fc6      0x218 Middlewares/USB_Device_Library/usbd_msc.o
 .debug_abbrev  0x000051de      0x2d4 Middlewares/USB_Device_Library/usbd_msc_bot.o
 .debug_abbrev  0x000054b2       0x60 Middlewares/USB_Device_Library/usbd_msc_data.o
 .debug_abbrev  0x00005512      0x33e Middlewares/USB_Device_Library/usbd_msc_scsi.o

.debug_aranges  0x00000000     0x15d0
 .debug_aranges
                0x00000000       0x28 Application/SW4STM32/startup_stm32f072xb.o
 .debug_aranges
                0x00000028       0x98 Application/User/Flash_mem/mem_funs.o
 .debug_aranges
                0x000000c0       0x38 Application/User/Scheduler/scheduler.o
 .debug_aranges
                0x000000f8       0x40 Application/User/WiFi/server.o
 .debug_aranges
                0x00000138       0xc0 Application/User/WiFi/wifi.o
 .debug_aranges
                0x000001f8       0x80 Application/User/WiFi/wifi_uart.o
 .debug_aranges
                0x00000278       0x48 Application/User/fatfs.o
 .debug_aranges
                0x000002c0       0x30 Application/User/main.o
 .debug_aranges
                0x000002f0       0x70 Application/User/stm32f0xx_hal_msp.o
 .debug_aranges
                0x00000360       0x40 Application/User/stm32f0xx_it.o
 .debug_aranges
                0x000003a0       0x20 Application/User/usb_device.o
 .debug_aranges
                0x000003c0      0x110 Application/User/usbd_conf.o
 .debug_aranges
                0x000004d0       0x50 Application/User/usbd_desc.o
 .debug_aranges
                0x00000520       0x48 Application/User/usbd_storage_if.o
 .debug_aranges
                0x00000568       0x40 Application/User/user_diskio.o
 .debug_aranges
                0x000005a8       0x28 Drivers/CMSIS/system_stm32f0xx.o
 .debug_aranges
                0x000005d0       0xb0 Drivers/STM32F0xx_HAL_Driver/stm32f0xx_hal.o
 .debug_aranges
                0x00000680       0x78 Drivers/STM32F0xx_HAL_Driver/stm32f0xx_hal_cortex.o
 .debug_aranges
                0x000006f8       0x78 Drivers/STM32F0xx_HAL_Driver/stm32f0xx_hal_dac.o
 .debug_aranges
                0x00000770       0x98 Drivers/STM32F0xx_HAL_Driver/stm32f0xx_hal_dac_ex.o
 .debug_aranges
                0x00000808       0x78 Drivers/STM32F0xx_HAL_Driver/stm32f0xx_hal_dma.o
 .debug_aranges
                0x00000880       0x58 Drivers/STM32F0xx_HAL_Driver/stm32f0xx_hal_gpio.o
 .debug_aranges
                0x000008d8       0xd0 Drivers/STM32F0xx_HAL_Driver/stm32f0xx_hal_pcd.o
 .debug_aranges
                0x000009a8       0x20 Drivers/STM32F0xx_HAL_Driver/stm32f0xx_hal_pcd_ex.o
 .debug_aranges
                0x000009c8       0x80 Drivers/STM32F0xx_HAL_Driver/stm32f0xx_hal_rcc.o
 .debug_aranges
                0x00000a48       0x68 Drivers/STM32F0xx_HAL_Driver/stm32f0xx_hal_rcc_ex.o
 .debug_aranges
                0x00000ab0       0xa8 Drivers/STM32F0xx_HAL_Driver/stm32f0xx_hal_rtc.o
 .debug_aranges
                0x00000b58      0x1b0 Drivers/STM32F0xx_HAL_Driver/stm32f0xx_hal_spi.o
 .debug_aranges
                0x00000d08      0x268 Drivers/STM32F0xx_HAL_Driver/stm32f0xx_hal_tim.o
 .debug_aranges
                0x00000f70       0xf0 Drivers/STM32F0xx_HAL_Driver/stm32f0xx_hal_tim_ex.o
 .debug_aranges
                0x00001060      0x180 Drivers/STM32F0xx_HAL_Driver/stm32f0xx_hal_uart.o
 .debug_aranges
                0x000011e0       0x48 Middlewares/FatFs/diskio.o
 .debug_aranges
                0x00001228      0x120 Middlewares/FatFs/ff.o
 .debug_aranges
                0x00001348       0x48 Middlewares/FatFs/ff_gen_drv.o
 .debug_aranges
                0x00001390       0xa8 Middlewares/USB_Device_Library/usbd_core.o
 .debug_aranges
                0x00001438       0x48 Middlewares/USB_Device_Library/usbd_ctlreq.o
 .debug_aranges
                0x00001480       0x50 Middlewares/USB_Device_Library/usbd_ioreq.o
 .debug_aranges
                0x000014d0       0x68 Middlewares/USB_Device_Library/usbd_msc.o
 .debug_aranges
                0x00001538       0x58 Middlewares/USB_Device_Library/usbd_msc_bot.o
 .debug_aranges
                0x00001590       0x18 Middlewares/USB_Device_Library/usbd_msc_data.o
 .debug_aranges
                0x000015a8       0x28 Middlewares/USB_Device_Library/usbd_msc_scsi.o

.debug_ranges   0x00000000     0x2af0
 .debug_ranges  0x00000000       0x20 Application/SW4STM32/startup_stm32f072xb.o
 .debug_ranges  0x00000020      0x220 Application/User/Flash_mem/mem_funs.o
 .debug_ranges  0x00000240       0x48 Application/User/Scheduler/scheduler.o
 .debug_ranges  0x00000288       0x80 Application/User/WiFi/server.o
 .debug_ranges  0x00000308      0x110 Application/User/WiFi/wifi.o
 .debug_ranges  0x00000418       0x70 Application/User/WiFi/wifi_uart.o
 .debug_ranges  0x00000488       0x38 Application/User/fatfs.o
 .debug_ranges  0x000004c0       0x88 Application/User/main.o
 .debug_ranges  0x00000548      0x120 Application/User/stm32f0xx_hal_msp.o
 .debug_ranges  0x00000668       0x30 Application/User/stm32f0xx_it.o
 .debug_ranges  0x00000698       0x10 Application/User/usb_device.o
 .debug_ranges  0x000006a8      0x128 Application/User/usbd_conf.o
 .debug_ranges  0x000007d0       0xa0 Application/User/usbd_desc.o
 .debug_ranges  0x00000870       0x38 Application/User/usbd_storage_if.o
 .debug_ranges  0x000008a8       0x30 Application/User/user_diskio.o
 .debug_ranges  0x000008d8       0x18 Drivers/CMSIS/system_stm32f0xx.o
 .debug_ranges  0x000008f0       0xa0 Drivers/STM32F0xx_HAL_Driver/stm32f0xx_hal.o
 .debug_ranges  0x00000990       0xe8 Drivers/STM32F0xx_HAL_Driver/stm32f0xx_hal_cortex.o
 .debug_ranges  0x00000a78       0x68 Drivers/STM32F0xx_HAL_Driver/stm32f0xx_hal_dac.o
 .debug_ranges  0x00000ae0       0x88 Drivers/STM32F0xx_HAL_Driver/stm32f0xx_hal_dac_ex.o
 .debug_ranges  0x00000b68      0x108 Drivers/STM32F0xx_HAL_Driver/stm32f0xx_hal_dma.o
 .debug_ranges  0x00000c70       0x80 Drivers/STM32F0xx_HAL_Driver/stm32f0xx_hal_gpio.o
 .debug_ranges  0x00000cf0      0x390 Drivers/STM32F0xx_HAL_Driver/stm32f0xx_hal_pcd.o
 .debug_ranges  0x00001080       0x10 Drivers/STM32F0xx_HAL_Driver/stm32f0xx_hal_pcd_ex.o
 .debug_ranges  0x00001090       0xd0 Drivers/STM32F0xx_HAL_Driver/stm32f0xx_hal_rcc.o
 .debug_ranges  0x00001160       0x70 Drivers/STM32F0xx_HAL_Driver/stm32f0xx_hal_rcc_ex.o
 .debug_ranges  0x000011d0      0x110 Drivers/STM32F0xx_HAL_Driver/stm32f0xx_hal_rtc.o
 .debug_ranges  0x000012e0      0x2f0 Drivers/STM32F0xx_HAL_Driver/stm32f0xx_hal_spi.o
 .debug_ranges  0x000015d0      0x6f0 Drivers/STM32F0xx_HAL_Driver/stm32f0xx_hal_tim.o
 .debug_ranges  0x00001cc0      0x1b0 Drivers/STM32F0xx_HAL_Driver/stm32f0xx_hal_tim_ex.o
 .debug_ranges  0x00001e70      0x170 Drivers/STM32F0xx_HAL_Driver/stm32f0xx_hal_uart.o
 .debug_ranges  0x00001fe0       0x38 Middlewares/FatFs/diskio.o
 .debug_ranges  0x00002018      0x508 Middlewares/FatFs/ff.o
 .debug_ranges  0x00002520       0x50 Middlewares/FatFs/ff_gen_drv.o
 .debug_ranges  0x00002570       0x98 Middlewares/USB_Device_Library/usbd_core.o
 .debug_ranges  0x00002608      0x100 Middlewares/USB_Device_Library/usbd_ctlreq.o
 .debug_ranges  0x00002708       0x40 Middlewares/USB_Device_Library/usbd_ioreq.o
 .debug_ranges  0x00002748       0x58 Middlewares/USB_Device_Library/usbd_msc.o
 .debug_ranges  0x000027a0       0x68 Middlewares/USB_Device_Library/usbd_msc_bot.o
 .debug_ranges  0x00002808      0x2e8 Middlewares/USB_Device_Library/usbd_msc_scsi.o

.debug_loc      0x00000000    0x18f99
 .debug_loc     0x00000000      0x69e Application/User/Flash_mem/mem_funs.o
 .debug_loc     0x0000069e      0x310 Application/User/Scheduler/scheduler.o
 .debug_loc     0x000009ae      0x218 Application/User/WiFi/server.o
 .debug_loc     0x00000bc6      0x3ad Application/User/WiFi/wifi.o
 .debug_loc     0x00000f73      0x189 Application/User/WiFi/wifi_uart.o
 .debug_loc     0x000010fc      0x1b8 Application/User/stm32f0xx_hal_msp.o
 .debug_loc     0x000012b4      0x9b8 Application/User/usbd_conf.o
 .debug_loc     0x00001c6c      0x273 Application/User/usbd_desc.o
 .debug_loc     0x00001edf      0x197 Application/User/usbd_storage_if.o
 .debug_loc     0x00002076      0x1b1 Application/User/user_diskio.o
 .debug_loc     0x00002227      0x108 Drivers/CMSIS/system_stm32f0xx.o
 .debug_loc     0x0000232f       0x7c Drivers/STM32F0xx_HAL_Driver/stm32f0xx_hal.o
 .debug_loc     0x000023ab      0x409 Drivers/STM32F0xx_HAL_Driver/stm32f0xx_hal_cortex.o
 .debug_loc     0x000027b4      0x2bd Drivers/STM32F0xx_HAL_Driver/stm32f0xx_hal_dac.o
 .debug_loc     0x00002a71      0x756 Drivers/STM32F0xx_HAL_Driver/stm32f0xx_hal_dac_ex.o
 .debug_loc     0x000031c7      0x86d Drivers/STM32F0xx_HAL_Driver/stm32f0xx_hal_dma.o
 .debug_loc     0x00003a34      0x406 Drivers/STM32F0xx_HAL_Driver/stm32f0xx_hal_gpio.o
 .debug_loc     0x00003e3a     0x21ba Drivers/STM32F0xx_HAL_Driver/stm32f0xx_hal_pcd.o
 .debug_loc     0x00005ff4       0xea Drivers/STM32F0xx_HAL_Driver/stm32f0xx_hal_pcd_ex.o
 .debug_loc     0x000060de      0x4f4 Drivers/STM32F0xx_HAL_Driver/stm32f0xx_hal_rcc.o
 .debug_loc     0x000065d2      0x5b9 Drivers/STM32F0xx_HAL_Driver/stm32f0xx_hal_rcc_ex.o
 .debug_loc     0x00006b8b      0xf7d Drivers/STM32F0xx_HAL_Driver/stm32f0xx_hal_rtc.o
 .debug_loc     0x00007b08     0x1dc2 Drivers/STM32F0xx_HAL_Driver/stm32f0xx_hal_spi.o
 .debug_loc     0x000098ca     0x421e Drivers/STM32F0xx_HAL_Driver/stm32f0xx_hal_tim.o
 .debug_loc     0x0000dae8      0xf18 Drivers/STM32F0xx_HAL_Driver/stm32f0xx_hal_tim_ex.o
 .debug_loc     0x0000ea00     0x157f Drivers/STM32F0xx_HAL_Driver/stm32f0xx_hal_uart.o
 .debug_loc     0x0000ff7f      0x1cc Middlewares/FatFs/diskio.o
 .debug_loc     0x0001014b     0x542f Middlewares/FatFs/ff.o
 .debug_loc     0x0001557a      0x356 Middlewares/FatFs/ff_gen_drv.o
 .debug_loc     0x000158d0      0x6ad Middlewares/USB_Device_Library/usbd_core.o
 .debug_loc     0x00015f7d      0xa2b Middlewares/USB_Device_Library/usbd_ctlreq.o
 .debug_loc     0x000169a8      0x23c Middlewares/USB_Device_Library/usbd_ioreq.o
 .debug_loc     0x00016be4      0x364 Middlewares/USB_Device_Library/usbd_msc.o
 .debug_loc     0x00016f48      0x3a6 Middlewares/USB_Device_Library/usbd_msc_bot.o
 .debug_loc     0x000172ee     0x1cab Middlewares/USB_Device_Library/usbd_msc_scsi.o
