Archive member included to satisfy reference by file (symbol)

c:/eclipse/eclipse_stm32/plugins/fr.ac6.mcu.externaltools.arm-none.win32_1.13.2.201703061525/tools/compiler/bin/../lib/gcc/arm-none-eabi/5.4.1/armv6-m\libgcc.a(_udivsi3.o)
                              Application/User/Led/led.o (__aeabi_uidiv)
c:/eclipse/eclipse_stm32/plugins/fr.ac6.mcu.externaltools.arm-none.win32_1.13.2.201703061525/tools/compiler/bin/../lib/gcc/arm-none-eabi/5.4.1/armv6-m\libgcc.a(_dvmd_tls.o)
                              c:/eclipse/eclipse_stm32/plugins/fr.ac6.mcu.externaltools.arm-none.win32_1.13.2.201703061525/tools/compiler/bin/../lib/gcc/arm-none-eabi/5.4.1/armv6-m\libgcc.a(_udivsi3.o) (__aeabi_idiv0)
c:/eclipse/eclipse_stm32/plugins/fr.ac6.mcu.externaltools.arm-none.win32_1.13.2.201703061525/tools/compiler/bin/../lib/gcc/arm-none-eabi/5.4.1/../../../../arm-none-eabi/lib/armv6-m\libc_nano.a(lib_a-atoi.o)
                              Application/User/WiFi/config.o (atoi)
c:/eclipse/eclipse_stm32/plugins/fr.ac6.mcu.externaltools.arm-none.win32_1.13.2.201703061525/tools/compiler/bin/../lib/gcc/arm-none-eabi/5.4.1/../../../../arm-none-eabi/lib/armv6-m\libc_nano.a(lib_a-exit.o)
                              c:/eclipse/eclipse_stm32/plugins/fr.ac6.mcu.externaltools.arm-none.win32_1.13.2.201703061525/tools/compiler/bin/../lib/gcc/arm-none-eabi/5.4.1/../../../../arm-none-eabi/lib/armv6-m/crt0.o (exit)
c:/eclipse/eclipse_stm32/plugins/fr.ac6.mcu.externaltools.arm-none.win32_1.13.2.201703061525/tools/compiler/bin/../lib/gcc/arm-none-eabi/5.4.1/../../../../arm-none-eabi/lib/armv6-m\libc_nano.a(lib_a-impure.o)
                              c:/eclipse/eclipse_stm32/plugins/fr.ac6.mcu.externaltools.arm-none.win32_1.13.2.201703061525/tools/compiler/bin/../lib/gcc/arm-none-eabi/5.4.1/../../../../arm-none-eabi/lib/armv6-m\libc_nano.a(lib_a-exit.o) (_global_impure_ptr)
c:/eclipse/eclipse_stm32/plugins/fr.ac6.mcu.externaltools.arm-none.win32_1.13.2.201703061525/tools/compiler/bin/../lib/gcc/arm-none-eabi/5.4.1/../../../../arm-none-eabi/lib/armv6-m\libc_nano.a(lib_a-init.o)
                              c:/eclipse/eclipse_stm32/plugins/fr.ac6.mcu.externaltools.arm-none.win32_1.13.2.201703061525/tools/compiler/bin/../lib/gcc/arm-none-eabi/5.4.1/../../../../arm-none-eabi/lib/armv6-m/crt0.o (__libc_init_array)
c:/eclipse/eclipse_stm32/plugins/fr.ac6.mcu.externaltools.arm-none.win32_1.13.2.201703061525/tools/compiler/bin/../lib/gcc/arm-none-eabi/5.4.1/../../../../arm-none-eabi/lib/armv6-m\libc_nano.a(lib_a-itoa.o)
                              Application/User/WAV_player/wav_player.o (itoa)
c:/eclipse/eclipse_stm32/plugins/fr.ac6.mcu.externaltools.arm-none.win32_1.13.2.201703061525/tools/compiler/bin/../lib/gcc/arm-none-eabi/5.4.1/../../../../arm-none-eabi/lib/armv6-m\libc_nano.a(lib_a-malloc.o)
                              Application/User/Scheduler/scheduler.o (malloc)
c:/eclipse/eclipse_stm32/plugins/fr.ac6.mcu.externaltools.arm-none.win32_1.13.2.201703061525/tools/compiler/bin/../lib/gcc/arm-none-eabi/5.4.1/../../../../arm-none-eabi/lib/armv6-m\libc_nano.a(lib_a-memcpy-stub.o)
                              Application/User/WiFi/server.o (memcpy)
c:/eclipse/eclipse_stm32/plugins/fr.ac6.mcu.externaltools.arm-none.win32_1.13.2.201703061525/tools/compiler/bin/../lib/gcc/arm-none-eabi/5.4.1/../../../../arm-none-eabi/lib/armv6-m\libc_nano.a(lib_a-memset.o)
                              c:/eclipse/eclipse_stm32/plugins/fr.ac6.mcu.externaltools.arm-none.win32_1.13.2.201703061525/tools/compiler/bin/../lib/gcc/arm-none-eabi/5.4.1/../../../../arm-none-eabi/lib/armv6-m/crt0.o (memset)
c:/eclipse/eclipse_stm32/plugins/fr.ac6.mcu.externaltools.arm-none.win32_1.13.2.201703061525/tools/compiler/bin/../lib/gcc/arm-none-eabi/5.4.1/../../../../arm-none-eabi/lib/armv6-m\libc_nano.a(lib_a-nano-freer.o)
                              c:/eclipse/eclipse_stm32/plugins/fr.ac6.mcu.externaltools.arm-none.win32_1.13.2.201703061525/tools/compiler/bin/../lib/gcc/arm-none-eabi/5.4.1/../../../../arm-none-eabi/lib/armv6-m\libc_nano.a(lib_a-malloc.o) (_free_r)
c:/eclipse/eclipse_stm32/plugins/fr.ac6.mcu.externaltools.arm-none.win32_1.13.2.201703061525/tools/compiler/bin/../lib/gcc/arm-none-eabi/5.4.1/../../../../arm-none-eabi/lib/armv6-m\libc_nano.a(lib_a-nano-mallocr.o)
                              c:/eclipse/eclipse_stm32/plugins/fr.ac6.mcu.externaltools.arm-none.win32_1.13.2.201703061525/tools/compiler/bin/../lib/gcc/arm-none-eabi/5.4.1/../../../../arm-none-eabi/lib/armv6-m\libc_nano.a(lib_a-malloc.o) (_malloc_r)
c:/eclipse/eclipse_stm32/plugins/fr.ac6.mcu.externaltools.arm-none.win32_1.13.2.201703061525/tools/compiler/bin/../lib/gcc/arm-none-eabi/5.4.1/../../../../arm-none-eabi/lib/armv6-m\libc_nano.a(lib_a-sbrkr.o)
[...]
Memory Configuration

Name             Origin             Length             Attributes
RAM              0x20000000         0x00004000         xrw
FLASH            0x08000000         0x00020000         xr
*default*        0x00000000         0xffffffff

Linker script and memory map

LOAD c:/eclipse/eclipse_stm32/plugins/fr.ac6.mcu.externaltools.arm-none.win32_1.13.2.201703061525/tools/compiler/bin/../lib/gcc/arm-none-eabi/5.4.1/armv6-m/crti.o
LOAD c:/eclipse/eclipse_stm32/plugins/fr.ac6.mcu.externaltools.arm-none.win32_1.13.2.201703061525/tools/compiler/bin/../lib/gcc/arm-none-eabi/5.4.1/armv6-m/crtbegin.o
LOAD c:/eclipse/eclipse_stm32/plugins/fr.ac6.mcu.externaltools.arm-none.win32_1.13.2.201703061525/tools/compiler/bin/../lib/gcc/arm-none-eabi/5.4.1/../../../../arm-none-eabi/lib/armv6-m/crt0.o
LOAD c:/eclipse/eclipse_stm32/plugins/fr.ac6.mcu.externaltools.arm-none.win32_1.13.2.201703061525/tools/compiler/bin/../lib/gcc/arm-none-eabi/5.4.1/../../../../arm-none-eabi/lib/armv6-m\libm.a
LOAD Application/SW4STM32/startup_stm32f072xb.o
LOAD Application/User/Flash_mem/mem_funs.o
LOAD Application/User/Led/led.o
LOAD Application/User/RTC/rtc.o
LOAD Application/User/Scheduler/scheduler.o
LOAD Application/User/WAV_player/wav_player.o
LOAD Application/User/WiFi/config.o
LOAD Application/User/WiFi/server.o
LOAD Application/User/WiFi/wifi.o
LOAD Application/User/WiFi/wifi_uart.o
LOAD Application/User/fatfs.o
LOAD Application/User/main.o
LOAD Application/User/stm32f0xx_hal_msp.o
LOAD Application/User/stm32f0xx_it.o
LOAD Application/User/usb_device.o
LOAD Application/User/usbd_conf.o
LOAD Application/User/usbd_desc.o
LOAD Application/User/usbd_storage_if.o
LOAD Application/User/user_diskio.o
LOAD Drivers/CMSIS/system_stm32f0xx.o
LOAD Drivers/STM32F0xx_HAL_Driver/stm32f0xx_hal.o
LOAD Drivers/STM32F0xx_HAL_Driver/stm32f0xx_hal_cortex.o
LOAD Drivers/STM32F0xx_HAL_Driver/stm32f0xx_hal_dac.o
LOAD Drivers/STM32F0xx_HAL_Driver/stm32f0xx_hal_dac_ex.o
LOAD Drivers/STM32F0xx_HAL_Driver/stm32f0xx_hal_dma.o
LOAD Drivers/STM32F0xx_HAL_Driver/stm32f0xx_hal_flash.o
LOAD Drivers/STM32F0xx_HAL_Driver/stm32f0xx_hal_flash_ex.o
LOAD Drivers/STM32F0xx_HAL_Driver/stm32f0xx_hal_gpio.o
LOAD Drivers/STM32F0xx_HAL_Driver/stm32f0xx_hal_i2c.o
LOAD Drivers/STM32F0xx_HAL_Driver/stm32f0xx_hal_i2c_ex.o
LOAD Drivers/STM32F0xx_HAL_Driver/stm32f0xx_hal_pcd.o
LOAD Drivers/STM32F0xx_HAL_Driver/stm32f0xx_hal_pcd_ex.o
LOAD Drivers/STM32F0xx_HAL_Driver/stm32f0xx_hal_pwr.o
LOAD Drivers/STM32F0xx_HAL_Driver/stm32f0xx_hal_pwr_ex.o
LOAD Drivers/STM32F0xx_HAL_Driver/stm32f0xx_hal_rcc.o
LOAD Drivers/STM32F0xx_HAL_Driver/stm32f0xx_hal_rcc_ex.o
LOAD Drivers/STM32F0xx_HAL_Driver/stm32f0xx_hal_rtc.o
LOAD Drivers/STM32F0xx_HAL_Driver/stm32f0xx_hal_rtc_ex.o
LOAD Drivers/STM32F0xx_HAL_Driver/stm32f0xx_hal_spi.o
LOAD Drivers/STM32F0xx_HAL_Driver/stm32f0xx_hal_spi_ex.o
LOAD Drivers/STM32F0xx_HAL_Driver/stm32f0xx_hal_tim.o
LOAD Drivers/STM32F0xx_HAL_Driver/stm32f0xx_hal_tim_ex.o
LOAD Drivers/STM32F0xx_HAL_Driver/stm32f0xx_hal_uart.o
LOAD Drivers/STM32F0xx_HAL_Driver/stm32f0xx_hal_uart_ex.o
LOAD Middlewares/FatFs/diskio.o
LOAD Middlewares/FatFs/ff.o
LOAD Middlewares/FatFs/ff_gen_drv.o
LOAD Middlewares/FatFs/syscall.o
LOAD Middlewares/USB_Device_Library/usbd_core.o
LOAD Middlewares/USB_Device_Library/usbd_ctlreq.o
LOAD Middlewares/USB_Device_Library/usbd_ioreq.o
LOAD Middlewares/USB_Device_Library/usbd_msc.o
LOAD Middlewares/USB_Device_Library/usbd_msc_bot.o
LOAD Middlewares/USB_Device_Library/usbd_msc_data.o
LOAD Middlewares/USB_Device_Library/usbd_msc_scsi.o
START GROUP
LOAD c:/eclipse/eclipse_stm32/plugins/fr.ac6.mcu.externaltools.arm-none.win32_1.13.2.201703061525/tools/compiler/bin/../lib/gcc/arm-none-eabi/5.4.1/armv6-m\libgcc.a
LOAD c:/eclipse/eclipse_stm32/plugins/fr.ac6.mcu.externaltools.arm-none.win32_1.13.2.201703061525/tools/compiler/bin/../lib/gcc/arm-none-eabi/5.4.1/../../../../arm-none-eabi/lib/armv6-m\libc_nano.a
END GROUP
START GROUP
LOAD c:/eclipse/eclipse_stm32/plugins/fr.ac6.mcu.externaltools.arm-none.win32_1.13.2.201703061525/tools/compiler/bin/../lib/gcc/arm-none-eabi/5.4.1/armv6-m\libgcc.a
LOAD c:/eclipse/eclipse_stm32/plugins/fr.ac6.mcu.externaltools.arm-none.win32_1.13.2.201703061525/tools/compiler/bin/../lib/gcc/arm-none-eabi/5.4.1/../../../../arm-none-eabi/lib/armv6-m\libc_nano.a
LOAD c:/eclipse/eclipse_stm32/plugins/fr.ac6.mcu.externaltools.arm-none.win32_1.13.2.201703061525/tools/compiler/bin/../lib/gcc/arm-none-eabi/5.4.1/../../../../arm-none-eabi/lib/armv6-m\libnosys.a
END GROUP
START GROUP
LOAD c:/eclipse/eclipse_stm32/plugins/fr.ac6.mcu.externaltools.arm-none.win32_1.13.2.201703061525/tools/compiler/bin/../lib/gcc/arm-none-eabi/5.4.1/armv6-m\libgcc.a
LOAD c:/eclipse/eclipse_stm32/plugins/fr.ac6.mcu.externaltools.arm-none.win32_1.13.2.201703061525/tools/compiler/bin/../lib/gcc/arm-none-eabi/5.4.1/../../../../arm-none-eabi/lib/armv6-m\libc_nano.a
LOAD c:/eclipse/eclipse_stm32/plugins/fr.ac6.mcu.externaltools.arm-none.win32_1.13.2.201703061525/tools/compiler/bin/../lib/gcc/arm-none-eabi/5.4.1/../../../../arm-none-eabi/lib/armv6-m\libnosys.a
END GROUP
LOAD c:/eclipse/eclipse_stm32/plugins/fr.ac6.mcu.externaltools.arm-none.win32_1.13.2.201703061525/tools/compiler/bin/../lib/gcc/arm-none-eabi/5.4.1/armv6-m/crtend.o
LOAD c:/eclipse/eclipse_stm32/plugins/fr.ac6.mcu.externaltools.arm-none.win32_1.13.2.201703061525/tools/compiler/bin/../lib/gcc/arm-none-eabi/5.4.1/armv6-m/crtn.o
                0x20004000                _estack = 0x20004000
                0x00000200                _Min_Heap_Size = 0x200
                0x00000400                _Min_Stack_Size = 0x400

.isr_vector     0x08000000       0xc0
                0x08000000                . = ALIGN (0x4)
 *(.isr_vector)
 .isr_vector    0x08000000       0xc0 Application/SW4STM32/startup_stm32f072xb.o
                0x08000000                g_pfnVectors
                0x080000c0                . = ALIGN (0x4)

.text           0x080000c0     0x913c
                0x080000c0                . = ALIGN (0x4)
 *(.text)
 .text          0x080000c0       0x60 c:/eclipse/eclipse_stm32/plugins/fr.ac6.mcu.externaltools.arm-none.win32_1.13.2.201703061525/tools/compiler/bin/../lib/gcc/arm-none-eabi/5.4.1/armv6-m/crtbegin.o
 .text          0x08000120      0x114 c:/eclipse/eclipse_stm32/plugins/fr.ac6.mcu.externaltools.arm-none.win32_1.13.2.201703061525/tools/compiler/bin/../lib/gcc/arm-none-eabi/5.4.1/armv6-m\libgcc.a(_udivsi3.o)
                0x08000120                __aeabi_uidiv
                0x08000120                __udivsi3
                0x0800022c                __aeabi_uidivmod
 .text          0x08000234        0x4 c:/eclipse/eclipse_stm32/plugins/fr.ac6.mcu.externaltools.arm-none.win32_1.13.2.201703061525/tools/compiler/bin/../lib/gcc/arm-none-eabi/5.4.1/armv6-m\libgcc.a(_dvmd_tls.o)
                0x08000234                __aeabi_idiv0
                0x08000234                __aeabi_ldiv0
 .text          0x08000238       0x14 c:/eclipse/eclipse_stm32/plugins/fr.ac6.mcu.externaltools.arm-none.win32_1.13.2.201703061525/tools/compiler/bin/../lib/gcc/arm-none-eabi/5.4.1/../../../../arm-none-eabi/lib/armv6-m\libc_nano.a(lib_a-strcmp.o)
                0x08000238                strcmp
 .text          0x0800024c        0xe c:/eclipse/eclipse_stm32/plugins/fr.ac6.mcu.externaltools.arm-none.win32_1.13.2.201703061525/tools/compiler/bin/../lib/gcc/arm-none-eabi/5.4.1/../../../../arm-none-eabi/lib/armv6-m\libc_nano.a(lib_a-strlen.o)
                0x0800024c                strlen
 *(.text*)
 *fill*         0x0800025a        0x2 
 .text.Reset_Handler
                0x0800025c       0x50 Application/SW4STM32/startup_stm32f072xb.o
                0x0800025c                Reset_Handler
 .text.Default_Handler
                0x080002ac        0x2 Application/SW4STM32/startup_stm32f072xb.o
                0x080002ac                TIM1_CC_IRQHandler
                0x080002ac                TSC_IRQHandler
                0x080002ac                ADC1_COMP_IRQHandler
                0x080002ac                I2C1_IRQHandler
                0x080002ac                RCC_CRS_IRQHandler
                0x080002ac                SPI1_IRQHandler
                0x080002ac                TIM6_DAC_IRQHandler
                0x080002ac                USART3_4_IRQHandler
                0x080002ac                EXTI2_3_IRQHandler
                0x080002ac                I2C2_IRQHandler
                0x080002ac                TIM17_IRQHandler
                0x080002ac                CEC_CAN_IRQHandler
                0x080002ac                RTC_IRQHandler
                0x080002ac                PVD_VDDIO2_IRQHandler
                0x080002ac                TIM16_IRQHandler
                0x080002ac                TIM3_IRQHandler
                0x080002ac                EXTI4_15_IRQHandler
                0x080002ac                DMA1_Channel1_IRQHandler
                0x080002ac                Default_Handler
                0x080002ac                TIM14_IRQHandler
                0x080002ac                TIM15_IRQHandler
                0x080002ac                EXTI0_1_IRQHandler
                0x080002ac                SPI2_IRQHandler
                0x080002ac                WWDG_IRQHandler
                0x080002ac                TIM2_IRQHandler
                0x080002ac                DMA1_Channel2_3_IRQHandler
                0x080002ac                USART2_IRQHandler
                0x080002ac                FLASH_IRQHandler
                0x080002ac                USART1_IRQHandler
                0x080002ac                TIM1_BRK_UP_TRG_COM_IRQHandler
 *fill*         0x080002ae        0x2 
 .text.mem_register_SPI
                0x080002b0        0xc Application/User/Flash_mem/mem_funs.o
                0x080002b0                mem_register_SPI
 .text.mem_write_enable
                0x080002bc       0x3c Application/User/Flash_mem/mem_funs.o
                0x080002bc                mem_write_enable
 .text.mem_status
                0x080002f8       0x58 Application/User/Flash_mem/mem_funs.o
                0x080002f8                mem_status
 .text.mem_sector_erase
                0x08000350       0x58 Application/User/Flash_mem/mem_funs.o
                0x08000350                mem_sector_erase
 .text.mem_write_page
                0x080003a8       0x68 Application/User/Flash_mem/mem_funs.o
                0x080003a8                mem_write_page
 .text.mem_read
                0x08000410       0x7c Application/User/Flash_mem/mem_funs.o
                0x08000410                mem_read
 .text.mem_write
                0x0800048c       0x70 Application/User/Flash_mem/mem_funs.o
                0x0800048c                mem_write
 .text.mem_init
                0x080004fc       0x18 Application/User/Flash_mem/mem_funs.o
                0x080004fc                mem_init
 .text.led_init
                0x08000514       0x1c Application/User/Led/led.o
                0x08000514                led_init
 .text.led_show_time
                0x08000530       0x64 Application/User/Led/led.o
                0x08000530                led_show_time
 .text.HAL_TIM_PeriodElapsedCallback
                0x08000594       0x68 Application/User/Led/led.o
                0x08000594                HAL_TIM_PeriodElapsedCallback
 .text.show_time_task
                0x080005fc       0x28 Application/User/RTC/rtc.o
                0x080005fc                show_time_task
 .text.get_time_task
                0x08000624       0x2c Application/User/RTC/rtc.o
                0x08000624                get_time_task
 .text.txt_to_czas
                0x08000650      0x114 Application/User/RTC/rtc.o
                0x08000650                txt_to_czas
 .text.get_time_callback
                0x08000764       0x94 Application/User/RTC/rtc.o
                0x08000764                get_time_callback
 .text.rtc_set_time_manual
                0x080007f8       0x3c Application/User/RTC/rtc.o
                0x080007f8                rtc_set_time_manual
 .text.rtc_module_init
                0x08000834       0x38 Application/User/RTC/rtc.o
                0x08000834                rtc_module_init
 .text.scheduler_add_task
                0x0800086c       0x40 Application/User/Scheduler/scheduler.o
                0x0800086c                scheduler_add_task
 .text.scheduler_unlock
                0x080008ac       0x10 Application/User/Scheduler/scheduler.o
                0x080008ac                scheduler_unlock
 .text.scheduler_pool
                0x080008bc       0x88 Application/User/Scheduler/scheduler.o
                0x080008bc                scheduler_pool
 .text.wifi_save_parameter
                0x08000944       0x50 Application/User/WiFi/config.o
                0x08000944                wifi_save_parameter
 .text.wifi_save_config
                0x08000994      0x12c Application/User/WiFi/config.o
                0x08000994                wifi_save_config
 .text.wifi_read_parameter
                0x08000ac0      0x168 Application/User/WiFi/config.o
                0x08000ac0                wifi_read_parameter
 .text.wifi_read_config
                0x08000c28       0xb4 Application/User/WiFi/config.o
                0x08000c28                wifi_read_config
 .text.server_post_task
                0x08000cdc       0x18 Application/User/WiFi/server.o
                0x08000cdc                server_post_task
 .text.send_file_callback
                0x08000cf4       0xc4 Application/User/WiFi/server.o
                0x08000cf4                send_file_callback
 .text.server_init
                0x08000db8       0x50 Application/User/WiFi/server.o
                0x08000db8                server_init
 .text.change_config
                0x08000e08      0x200 Application/User/WiFi/server.o
                0x08000e08                change_config
 .text.server_post_callback
                0x08001008       0x88 Application/User/WiFi/server.o
                0x08001008                server_post_callback
 .text.prepare_filename
                0x08001090       0x48 Application/User/WiFi/server.o
                0x08001090                prepare_filename
 .text.send_file_task
                0x080010d8       0x8c Application/User/WiFi/server.o
                0x080010d8                send_file_task
 .text.wifi_write_config_manual
                0x08001164       0x10 Application/User/WiFi/wifi.o
                0x08001164                wifi_write_config_manual
 .text.wifi_write_config_ntp
                0x08001174       0x48 Application/User/WiFi/wifi.o
                0x08001174                wifi_write_config_ntp
 .text.wifi_write_config_time_api
                0x080011bc       0x54 Application/User/WiFi/wifi.o
                0x080011bc                wifi_write_config_time_api
 .text.wifi_write_config_loctime_api
                0x08001210       0x64 Application/User/WiFi/wifi.o
                0x08001210                wifi_write_config_loctime_api
 .text.wifi_write_config_callback
                0x08001274       0x30 Application/User/WiFi/wifi.o
                0x08001274                wifi_write_config_callback
 .text.wifi_keep_connected_task
                0x080012a4       0x1c Application/User/WiFi/wifi.o
                0x080012a4                wifi_keep_connected_task
 .text.wifi_getip_task
                0x080012c0       0x1c Application/User/WiFi/wifi.o
                0x080012c0                wifi_getip_task
 .text.wifi_connect_callback
                0x080012dc       0x80 Application/User/WiFi/wifi.o
                0x080012dc                wifi_connect_callback
 .text.wifi_keep_connected_callback
                0x0800135c       0x58 Application/User/WiFi/wifi.o
                0x0800135c                wifi_keep_connected_callback
 .text.wifi_getip_callback
                0x080013b4       0x78 Application/User/WiFi/wifi.o
                0x080013b4                wifi_getip_callback
 .text.wifi_write_config_task
                0x0800142c       0x34 Application/User/WiFi/wifi.o
                0x0800142c                wifi_write_config_task
 .text.wifi_connect_task
                0x08001460       0x64 Application/User/WiFi/wifi.o
                0x08001460                wifi_connect_task
 .text.wifi_get_config
                0x080014c4        0xc Application/User/WiFi/wifi.o
                0x080014c4                wifi_get_config
 .text.wifi_init
                0x080014d0       0x68 Application/User/WiFi/wifi.o
                0x080014d0                wifi_init
 .text.get_wifi_buffer
                0x08001538        0xc Application/User/WiFi/wifi_uart.o
                0x08001538                get_wifi_buffer
 .text.wifi_uart_handle_register
                0x08001544        0xc Application/User/WiFi/wifi_uart.o
                0x08001544                wifi_uart_handle_register
 .text.wifi_uart_callback_register
                0x08001550        0xc Application/User/WiFi/wifi_uart.o
                0x08001550                wifi_uart_callback_register
 .text.wifi_uart_puts
                0x0800155c       0x1c Application/User/WiFi/wifi_uart.o
                0x0800155c                wifi_uart_puts
 .text.wifi_uart_put_buf
                0x08001578       0x18 Application/User/WiFi/wifi_uart.o
                0x08001578                wifi_uart_put_buf
 .text.wifi_uart_putint
                0x08001590       0x18 Application/User/WiFi/wifi_uart.o
                0x08001590                wifi_uart_putint
 .text.wifi_uart_send_space
                0x080015a8       0x10 Application/User/WiFi/wifi_uart.o
                0x080015a8                wifi_uart_send_space
 .text.wifi_uart_send_CR
                0x080015b8       0x10 Application/User/WiFi/wifi_uart.o
                0x080015b8                wifi_uart_send_CR
 .text.wifi_uart_start_rec
                0x080015c8       0x18 Application/User/WiFi/wifi_uart.o
                0x080015c8                wifi_uart_start_rec
 .text.HAL_UART_RxCpltCallback
                0x080015e0       0x34 Application/User/WiFi/wifi_uart.o
                0x080015e0                HAL_UART_RxCpltCallback
 .text.MX_FATFS_Init
                0x08001614       0x1c Application/User/fatfs.o
                0x08001614                MX_FATFS_Init
 .text.usb_disconnect
                0x08001630       0x2c Application/User/fatfs.o
                0x08001630                usb_disconnect
 .text.f_forcemount
                0x0800165c       0x60 Application/User/fatfs.o
                0x0800165c                f_forcemount
 .text.f_unmount
                0x080016bc       0x34 Application/User/fatfs.o
                0x080016bc                f_unmount
 .text.SystemClock_Config
                0x080016f0       0x7c Application/User/main.o
                0x080016f0                SystemClock_Config
 .text.startup.main
                0x0800176c      0x30c Application/User/main.o
                0x0800176c                main
 .text._Error_Handler
                0x08001a78        0x4 Application/User/main.o
                0x08001a78                _Error_Handler
 .text.HAL_MspInit
                0x08001a7c       0x54 Application/User/stm32f0xx_hal_msp.o
                0x08001a7c                HAL_MspInit
 .text.HAL_DAC_MspInit
                0x08001ad0       0x8c Application/User/stm32f0xx_hal_msp.o
                0x08001ad0                HAL_DAC_MspInit
 .text.HAL_RTC_MspInit
                0x08001b5c       0x20 Application/User/stm32f0xx_hal_msp.o
                0x08001b5c                HAL_RTC_MspInit
 .text.HAL_SPI_MspInit
                0x08001b7c       0x70 Application/User/stm32f0xx_hal_msp.o
                0x08001b7c                HAL_SPI_MspInit
 .text.HAL_TIM_Base_MspInit
                0x08001bec       0x5c Application/User/stm32f0xx_hal_msp.o
                0x08001bec                HAL_TIM_Base_MspInit
 .text.HAL_UART_MspInit
                0x08001c48       0xa0 Application/User/stm32f0xx_hal_msp.o
                0x08001c48                HAL_UART_MspInit
 .text.NMI_Handler
                0x08001ce8        0x4 Application/User/stm32f0xx_it.o
                0x08001ce8                NMI_Handler
 .text.HardFault_Handler
                0x08001cec        0x4 Application/User/stm32f0xx_it.o
                0x08001cec                HardFault_Handler
 .text.SVC_Handler
                0x08001cf0        0x4 Application/User/stm32f0xx_it.o
                0x08001cf0                SVC_Handler
 .text.PendSV_Handler
                0x08001cf4        0x4 Application/User/stm32f0xx_it.o
                0x08001cf4                PendSV_Handler
 .text.SysTick_Handler
                0x08001cf8        0xc Application/User/stm32f0xx_it.o
                0x08001cf8                SysTick_Handler
 .text.DMA1_Channel4_5_6_7_IRQHandler
                0x08001d04       0x18 Application/User/stm32f0xx_it.o
                0x08001d04                DMA1_Channel4_5_6_7_IRQHandler
 .text.TIM7_IRQHandler
                0x08001d1c       0x10 Application/User/stm32f0xx_it.o
                0x08001d1c                TIM7_IRQHandler
 .text.USB_IRQHandler
                0x08001d2c       0x10 Application/User/stm32f0xx_it.o
                0x08001d2c                USB_IRQHandler
 .text.MX_USB_DEVICE_Init
                0x08001d3c       0x38 Application/User/usb_device.o
                0x08001d3c                MX_USB_DEVICE_Init
 .text.HAL_PCD_MspInit
                0x08001d74       0x40 Application/User/usbd_conf.o
                0x08001d74                HAL_PCD_MspInit
 .text.HAL_PCD_SetupStageCallback
                0x08001db4       0x14 Application/User/usbd_conf.o
                0x08001db4                HAL_PCD_SetupStageCallback
 .text.HAL_PCD_DataOutStageCallback
                0x08001dc8       0x1c Application/User/usbd_conf.o
                0x08001dc8                HAL_PCD_DataOutStageCallback
 .text.HAL_PCD_DataInStageCallback
                0x08001de4       0x18 Application/User/usbd_conf.o
                0x08001de4                HAL_PCD_DataInStageCallback
 .text.HAL_PCD_SOFCallback
                0x08001dfc       0x10 Application/User/usbd_conf.o
                0x08001dfc                HAL_PCD_SOFCallback
 .text.HAL_PCD_ResetCallback
                0x08001e0c       0x18 Application/User/usbd_conf.o
                0x08001e0c                HAL_PCD_ResetCallback
 .text.HAL_PCD_SuspendCallback
                0x08001e24       0x24 Application/User/usbd_conf.o
                0x08001e24                HAL_PCD_SuspendCallback
 .text.HAL_PCD_ResumeCallback
                0x08001e48       0x28 Application/User/usbd_conf.o
                0x08001e48                HAL_PCD_ResumeCallback
 .text.USBD_LL_Init
                0x08001e70       0x80 Application/User/usbd_conf.o
                0x08001e70                USBD_LL_Init
 .text.USBD_LL_Start
                0x08001ef0       0x20 Application/User/usbd_conf.o
                0x08001ef0                USBD_LL_Start
 .text.USBD_LL_OpenEP
                0x08001f10       0x24 Application/User/usbd_conf.o
                0x08001f10                USBD_LL_OpenEP
 .text.USBD_LL_CloseEP
                0x08001f34       0x20 Application/User/usbd_conf.o
                0x08001f34                USBD_LL_CloseEP
 .text.USBD_LL_FlushEP
                0x08001f54       0x20 Application/User/usbd_conf.o
                0x08001f54                USBD_LL_FlushEP
 .text.USBD_LL_StallEP
                0x08001f74       0x20 Application/User/usbd_conf.o
                0x08001f74                USBD_LL_StallEP
 .text.USBD_LL_ClearStallEP
                0x08001f94       0x20 Application/User/usbd_conf.o
                0x08001f94                USBD_LL_ClearStallEP
 .text.USBD_LL_IsStallEP
                0x08001fb4       0x30 Application/User/usbd_conf.o
                0x08001fb4                USBD_LL_IsStallEP
 .text.USBD_LL_SetUSBAddress
                0x08001fe4       0x20 Application/User/usbd_conf.o
                0x08001fe4                USBD_LL_SetUSBAddress
 .text.USBD_LL_Transmit
                0x08002004       0x20 Application/User/usbd_conf.o
                0x08002004                USBD_LL_Transmit
 .text.USBD_LL_PrepareReceive
                0x08002024       0x20 Application/User/usbd_conf.o
                0x08002024                USBD_LL_PrepareReceive
 .text.USBD_LL_GetRxDataSize
                0x08002044       0x10 Application/User/usbd_conf.o
                0x08002044                USBD_LL_GetRxDataSize
 .text.USBD_static_malloc
                0x08002054        0x8 Application/User/usbd_conf.o
                0x08002054                USBD_static_malloc
 .text.USBD_static_free
                0x0800205c        0x4 Application/User/usbd_conf.o
                0x0800205c                USBD_static_free
 .text.USBD_FS_DeviceDescriptor
                0x08002060        0xc Application/User/usbd_desc.o
                0x08002060                USBD_FS_DeviceDescriptor
 .text.USBD_FS_LangIDStrDescriptor
                0x0800206c       0x10 Application/User/usbd_desc.o
                0x0800206c                USBD_FS_LangIDStrDescriptor
 .text.USBD_FS_ManufacturerStrDescriptor
                0x0800207c       0x1c Application/User/usbd_desc.o
                0x0800207c                USBD_FS_ManufacturerStrDescriptor
 .text.USBD_FS_ProductStrDescriptor
                0x08002098       0x1c Application/User/usbd_desc.o
                0x08002098                USBD_FS_ProductStrDescriptor
 .text.USBD_FS_SerialStrDescriptor
                0x080020b4       0x1c Application/User/usbd_desc.o
                0x080020b4                USBD_FS_SerialStrDescriptor
 .text.USBD_FS_ConfigStrDescriptor
                0x080020d0       0x1c Application/User/usbd_desc.o
                0x080020d0                USBD_FS_ConfigStrDescriptor
 .text.USBD_FS_InterfaceStrDescriptor
                0x080020ec       0x1c Application/User/usbd_desc.o
                0x080020ec                USBD_FS_InterfaceStrDescriptor
 .text.STORAGE_GetCapacity_FS
                0x08002108       0x10 Application/User/usbd_storage_if.o
 .text.STORAGE_IsWriteProtected_FS
                0x08002118        0x4 Application/User/usbd_storage_if.o
 .text.STORAGE_GetMaxLun_FS
                0x0800211c        0x4 Application/User/usbd_storage_if.o
 .text.STORAGE_Write_FS
                0x08002120       0x10 Application/User/usbd_storage_if.o
 .text.STORAGE_Read_FS
                0x08002130       0x10 Application/User/usbd_storage_if.o
 .text.STORAGE_IsReady_FS
                0x08002140        0x8 Application/User/usbd_storage_if.o
 .text.STORAGE_Init_FS
                0x08002148        0x4 Application/User/usbd_storage_if.o
 .text.USER_initialize
                0x0800214c       0x10 Application/User/user_diskio.o
                0x0800214c                USER_initialize
 .text.USER_ioctl
                0x0800215c        0x4 Application/User/user_diskio.o
                0x0800215c                USER_ioctl
 .text.USER_status
                0x08002160       0x18 Application/User/user_diskio.o
                0x08002160                USER_status
 .text.USER_read
                0x08002178       0x14 Application/User/user_diskio.o
                0x08002178                USER_read
 .text.USER_write
                0x0800218c       0x14 Application/User/user_diskio.o
                0x0800218c                USER_write
 .text.SystemInit
                0x080021a0       0x60 Drivers/CMSIS/system_stm32f0xx.o
                0x080021a0                SystemInit
 .text.HAL_InitTick
                0x08002200       0x24 Drivers/STM32F0xx_HAL_Driver/stm32f0xx_hal.o
                0x08002200                HAL_InitTick
 .text.HAL_Init
                0x08002224       0x20 Drivers/STM32F0xx_HAL_Driver/stm32f0xx_hal.o
                0x08002224                HAL_Init
 .text.HAL_IncTick
                0x08002244       0x10 Drivers/STM32F0xx_HAL_Driver/stm32f0xx_hal.o
                0x08002244                HAL_IncTick
 .text.HAL_GetTick
                0x08002254        0xc Drivers/STM32F0xx_HAL_Driver/stm32f0xx_hal.o
                0x08002254                HAL_GetTick
 .text.HAL_Delay
                0x08002260       0x24 Drivers/STM32F0xx_HAL_Driver/stm32f0xx_hal.o
                0x08002260                HAL_Delay
 .text.HAL_NVIC_SetPriority
                0x08002284       0x68 Drivers/STM32F0xx_HAL_Driver/stm32f0xx_hal_cortex.o
                0x08002284                HAL_NVIC_SetPriority
 .text.HAL_NVIC_EnableIRQ
                0x080022ec       0x14 Drivers/STM32F0xx_HAL_Driver/stm32f0xx_hal_cortex.o
                0x080022ec                HAL_NVIC_EnableIRQ
 .text.HAL_SYSTICK_Config
                0x08002300       0x38 Drivers/STM32F0xx_HAL_Driver/stm32f0xx_hal_cortex.o
                0x08002300                HAL_SYSTICK_Config
 .text.HAL_SYSTICK_CLKSourceConfig
                0x08002338       0x20 Drivers/STM32F0xx_HAL_Driver/stm32f0xx_hal_cortex.o
                0x08002338                HAL_SYSTICK_CLKSourceConfig
 .text.HAL_SYSTICK_Callback
                0x08002358        0x4 Drivers/STM32F0xx_HAL_Driver/stm32f0xx_hal_cortex.o
                0x08002358                HAL_SYSTICK_Callback
 .text.HAL_SYSTICK_IRQHandler
                0x0800235c        0x8 Drivers/STM32F0xx_HAL_Driver/stm32f0xx_hal_cortex.o
                0x0800235c                HAL_SYSTICK_IRQHandler
 .text.HAL_DAC_Init
                0x08002364       0x2c Drivers/STM32F0xx_HAL_Driver/stm32f0xx_hal_dac.o
                0x08002364                HAL_DAC_Init
 .text.HAL_DAC_ConfigChannel
                0x08002390       0x38 Drivers/STM32F0xx_HAL_Driver/stm32f0xx_hal_dac_ex.o
                0x08002390                HAL_DAC_ConfigChannel
 .text.HAL_DMA_Init
                0x080023c8       0x70 Drivers/STM32F0xx_HAL_Driver/stm32f0xx_hal_dma.o
                0x080023c8                HAL_DMA_Init
 .text.HAL_DMA_Start_IT
                0x08002438       0x74 Drivers/STM32F0xx_HAL_Driver/stm32f0xx_hal_dma.o
                0x08002438                HAL_DMA_Start_IT
 .text.HAL_DMA_IRQHandler
                0x080024ac       0x9c Drivers/STM32F0xx_HAL_Driver/stm32f0xx_hal_dma.o
                0x080024ac                HAL_DMA_IRQHandler
 .text.HAL_GPIO_Init
                0x08002548      0x1d8 Drivers/STM32F0xx_HAL_Driver/stm32f0xx_hal_gpio.o
                0x08002548                HAL_GPIO_Init
 .text.HAL_GPIO_WritePin
                0x08002720        0xc Drivers/STM32F0xx_HAL_Driver/stm32f0xx_hal_gpio.o
                0x08002720                HAL_GPIO_WritePin
 .text.HAL_PCD_Init
                0x0800272c       0x9c Drivers/STM32F0xx_HAL_Driver/stm32f0xx_hal_pcd.o
                0x0800272c                HAL_PCD_Init
 .text.HAL_PCD_Start
                0x080027c8       0x14 Drivers/STM32F0xx_HAL_Driver/stm32f0xx_hal_pcd.o
                0x080027c8                HAL_PCD_Start
 .text.HAL_PCD_SetAddress
                0x080027dc       0x34 Drivers/STM32F0xx_HAL_Driver/stm32f0xx_hal_pcd.o
                0x080027dc                HAL_PCD_SetAddress
 .text.HAL_PCD_EP_Open
                0x08002810      0x2fc Drivers/STM32F0xx_HAL_Driver/stm32f0xx_hal_pcd.o
                0x08002810                HAL_PCD_EP_Open
 .text.HAL_PCD_EP_Close
                0x08002b0c      0x184 Drivers/STM32F0xx_HAL_Driver/stm32f0xx_hal_pcd.o
                0x08002b0c                HAL_PCD_EP_Close
 .text.HAL_PCD_EP_Receive
                0x08002c90      0x228 Drivers/STM32F0xx_HAL_Driver/stm32f0xx_hal_pcd.o
                0x08002c90                HAL_PCD_EP_Receive
 .text.HAL_PCD_EP_GetRxCount
                0x08002eb8       0x14 Drivers/STM32F0xx_HAL_Driver/stm32f0xx_hal_pcd.o
                0x08002eb8                HAL_PCD_EP_GetRxCount
 .text.HAL_PCD_EP_Transmit
                0x08002ecc      0x258 Drivers/STM32F0xx_HAL_Driver/stm32f0xx_hal_pcd.o
                0x08002ecc                HAL_PCD_EP_Transmit
 .text.HAL_PCD_IRQHandler
                0x08003124      0x6c8 Drivers/STM32F0xx_HAL_Driver/stm32f0xx_hal_pcd.o
                0x08003124                HAL_PCD_IRQHandler
 .text.HAL_PCD_EP_SetStall
                0x080037ec       0xc4 Drivers/STM32F0xx_HAL_Driver/stm32f0xx_hal_pcd.o
                0x080037ec                HAL_PCD_EP_SetStall
 .text.HAL_PCD_EP_ClrStall
                0x080038b0       0xcc Drivers/STM32F0xx_HAL_Driver/stm32f0xx_hal_pcd.o
                0x080038b0                HAL_PCD_EP_ClrStall
 .text.HAL_PCD_EP_Flush
                0x0800397c        0x4 Drivers/STM32F0xx_HAL_Driver/stm32f0xx_hal_pcd.o
                0x0800397c                HAL_PCD_EP_Flush
 .text.HAL_PCDEx_PMAConfig
                0x08003980       0x3c Drivers/STM32F0xx_HAL_Driver/stm32f0xx_hal_pcd_ex.o
                0x08003980                HAL_PCDEx_PMAConfig
 .text.HAL_RCC_OscConfig
                0x080039bc      0x528 Drivers/STM32F0xx_HAL_Driver/stm32f0xx_hal_rcc.o
                0x080039bc                HAL_RCC_OscConfig
 .text.HAL_RCC_GetSysClockFreq
                0x08003ee4       0x84 Drivers/STM32F0xx_HAL_Driver/stm32f0xx_hal_rcc.o
                0x08003ee4                HAL_RCC_GetSysClockFreq
 .text.HAL_RCC_ClockConfig
                0x08003f68      0x17c Drivers/STM32F0xx_HAL_Driver/stm32f0xx_hal_rcc.o
                0x08003f68                HAL_RCC_ClockConfig
 .text.HAL_RCC_GetHCLKFreq
                0x080040e4        0xc Drivers/STM32F0xx_HAL_Driver/stm32f0xx_hal_rcc.o
                0x080040e4                HAL_RCC_GetHCLKFreq
 .text.HAL_RCC_GetPCLK1Freq
                0x080040f0       0x20 Drivers/STM32F0xx_HAL_Driver/stm32f0xx_hal_rcc.o
                0x080040f0                HAL_RCC_GetPCLK1Freq
 .text.HAL_RCCEx_PeriphCLKConfig
                0x08004110      0x15c Drivers/STM32F0xx_HAL_Driver/stm32f0xx_hal_rcc_ex.o
                0x08004110                HAL_RCCEx_PeriphCLKConfig
 .text.HAL_RTC_GetTime
                0x0800426c       0x7c Drivers/STM32F0xx_HAL_Driver/stm32f0xx_hal_rtc.o
                0x0800426c                HAL_RTC_GetTime
 .text.HAL_RTC_GetDate
                0x080042e8       0x5c Drivers/STM32F0xx_HAL_Driver/stm32f0xx_hal_rtc.o
                0x080042e8                HAL_RTC_GetDate
 .text.HAL_RTC_SetAlarm
                0x08004344      0x18c Drivers/STM32F0xx_HAL_Driver/stm32f0xx_hal_rtc.o
                0x08004344                HAL_RTC_SetAlarm
 .text.HAL_RTC_WaitForSynchro
                0x080044d0       0x38 Drivers/STM32F0xx_HAL_Driver/stm32f0xx_hal_rtc.o
                0x080044d0                HAL_RTC_WaitForSynchro
 .text.RTC_EnterInitMode
                0x08004508       0x3c Drivers/STM32F0xx_HAL_Driver/stm32f0xx_hal_rtc.o
                0x08004508                RTC_EnterInitMode
 .text.HAL_RTC_Init
                0x08004544       0xa4 Drivers/STM32F0xx_HAL_Driver/stm32f0xx_hal_rtc.o
                0x08004544                HAL_RTC_Init
 .text.HAL_RTC_SetTime
                0x080045e8      0x130 Drivers/STM32F0xx_HAL_Driver/stm32f0xx_hal_rtc.o
                0x080045e8                HAL_RTC_SetTime
 .text.HAL_RTC_SetDate
                0x08004718      0x108 Drivers/STM32F0xx_HAL_Driver/stm32f0xx_hal_rtc.o
                0x08004718                HAL_RTC_SetDate
 .text.SPI_WaitFifoStateUntilTimeout.part.1
                0x08004820       0x60 Drivers/STM32F0xx_HAL_Driver/stm32f0xx_hal_spi.o
 .text.SPI_WaitFlagStateUntilTimeout.constprop.10
                0x08004880       0x30 Drivers/STM32F0xx_HAL_Driver/stm32f0xx_hal_spi.o
 .text.SPI_WaitFifoStateUntilTimeout.constprop.11
                0x080048b0       0x60 Drivers/STM32F0xx_HAL_Driver/stm32f0xx_hal_spi.o
 .text.SPI_EndRxTxTransaction
                0x08004910       0x48 Drivers/STM32F0xx_HAL_Driver/stm32f0xx_hal_spi.o
 .text.HAL_SPI_TransmitReceive.part.4
                0x08004958      0x2c0 Drivers/STM32F0xx_HAL_Driver/stm32f0xx_hal_spi.o
 .text.SPI_EndRxTransaction
                0x08004c18       0x7c Drivers/STM32F0xx_HAL_Driver/stm32f0xx_hal_spi.o
 .text.HAL_SPI_Init
                0x08004c94       0xe0 Drivers/STM32F0xx_HAL_Driver/stm32f0xx_hal_spi.o
                0x08004c94                HAL_SPI_Init
 .text.HAL_SPI_Transmit
                0x08004d74      0x1b8 Drivers/STM32F0xx_HAL_Driver/stm32f0xx_hal_spi.o
                0x08004d74                HAL_SPI_Transmit
 .text.HAL_SPI_Receive
                0x08004f2c      0x19c Drivers/STM32F0xx_HAL_Driver/stm32f0xx_hal_spi.o
                0x08004f2c                HAL_SPI_Receive
 .text.HAL_TIM_Base_Start_IT
                0x080050c8       0x14 Drivers/STM32F0xx_HAL_Driver/stm32f0xx_hal_tim.o
                0x080050c8                HAL_TIM_Base_Start_IT
 .text.HAL_TIM_OC_DelayElapsedCallback
                0x080050dc        0x4 Drivers/STM32F0xx_HAL_Driver/stm32f0xx_hal_tim.o
                0x080050dc                HAL_TIM_OC_DelayElapsedCallback
 .text.HAL_TIM_IC_CaptureCallback
                0x080050e0        0x4 Drivers/STM32F0xx_HAL_Driver/stm32f0xx_hal_tim.o
                0x080050e0                HAL_TIM_IC_CaptureCallback
 .text.HAL_TIM_PWM_PulseFinishedCallback
                0x080050e4        0x4 Drivers/STM32F0xx_HAL_Driver/stm32f0xx_hal_tim.o
                0x080050e4                HAL_TIM_PWM_PulseFinishedCallback
 .text.HAL_TIM_TriggerCallback
                0x080050e8        0x4 Drivers/STM32F0xx_HAL_Driver/stm32f0xx_hal_tim.o
                0x080050e8                HAL_TIM_TriggerCallback
 .text.HAL_TIM_IRQHandler
                0x080050ec      0x158 Drivers/STM32F0xx_HAL_Driver/stm32f0xx_hal_tim.o
                0x080050ec                HAL_TIM_IRQHandler
 .text.TIM_Base_SetConfig
                0x08005244       0xc0 Drivers/STM32F0xx_HAL_Driver/stm32f0xx_hal_tim.o
                0x08005244                TIM_Base_SetConfig
 .text.HAL_TIM_Base_Init
                0x08005304       0x34 Drivers/STM32F0xx_HAL_Driver/stm32f0xx_hal_tim.o
                0x08005304                HAL_TIM_Base_Init
 .text.HAL_TIMEx_MasterConfigSynchronization
                0x08005338       0x40 Drivers/STM32F0xx_HAL_Driver/stm32f0xx_hal_tim_ex.o
                0x08005338                HAL_TIMEx_MasterConfigSynchronization
 .text.HAL_TIMEx_CommutationCallback
                0x08005378        0x4 Drivers/STM32F0xx_HAL_Driver/stm32f0xx_hal_tim_ex.o
                0x08005378                HAL_TIMEx_CommutationCallback
 .text.HAL_TIMEx_BreakCallback
                0x0800537c        0x4 Drivers/STM32F0xx_HAL_Driver/stm32f0xx_hal_tim_ex.o
                0x0800537c                HAL_TIMEx_BreakCallback
 .text.HAL_UART_Receive_DMA
                0x08005380       0xac Drivers/STM32F0xx_HAL_Driver/stm32f0xx_hal_uart.o
                0x08005380                HAL_UART_Receive_DMA
 .text.UART_DMAReceiveCplt
                0x0800542c       0x3c Drivers/STM32F0xx_HAL_Driver/stm32f0xx_hal_uart.o
 .text.HAL_UART_RxHalfCpltCallback
                0x08005468        0x4 Drivers/STM32F0xx_HAL_Driver/stm32f0xx_hal_uart.o
                0x08005468                HAL_UART_RxHalfCpltCallback
 .text.UART_DMARxHalfCplt
                0x0800546c        0xc Drivers/STM32F0xx_HAL_Driver/stm32f0xx_hal_uart.o
 .text.HAL_UART_ErrorCallback
                0x08005478        0x4 Drivers/STM32F0xx_HAL_Driver/stm32f0xx_hal_uart.o
                0x08005478                HAL_UART_ErrorCallback
 .text.UART_DMAError
                0x0800547c       0x68 Drivers/STM32F0xx_HAL_Driver/stm32f0xx_hal_uart.o
 .text.UART_SetConfig
                0x080054e4      0x194 Drivers/STM32F0xx_HAL_Driver/stm32f0xx_hal_uart.o
                0x080054e4                UART_SetConfig
 .text.UART_AdvFeatureConfig
                0x08005678       0xd0 Drivers/STM32F0xx_HAL_Driver/stm32f0xx_hal_uart.o
                0x08005678                UART_AdvFeatureConfig
 .text.UART_WaitOnFlagUntilTimeout
                0x08005748       0x68 Drivers/STM32F0xx_HAL_Driver/stm32f0xx_hal_uart.o
                0x08005748                UART_WaitOnFlagUntilTimeout
 .text.HAL_UART_Transmit
                0x080057b0       0xe4 Drivers/STM32F0xx_HAL_Driver/stm32f0xx_hal_uart.o
                0x080057b0                HAL_UART_Transmit
 .text.UART_CheckIdleState
                0x08005894       0x80 Drivers/STM32F0xx_HAL_Driver/stm32f0xx_hal_uart.o
                0x08005894                UART_CheckIdleState
 .text.HAL_UART_Init
                0x08005914       0x6c Drivers/STM32F0xx_HAL_Driver/stm32f0xx_hal_uart.o
                0x08005914                HAL_UART_Init
 .text.disk_status
                0x08005980       0x1c Middlewares/FatFs/diskio.o
                0x08005980                disk_status
 .text.disk_initialize
                0x0800599c       0x28 Middlewares/FatFs/diskio.o
                0x0800599c                disk_initialize
 .text.disk_read
                0x080059c4       0x1c Middlewares/FatFs/diskio.o
                0x080059c4                disk_read
 .text.disk_write
                0x080059e0       0x1c Middlewares/FatFs/diskio.o
                0x080059e0                disk_write
 .text.disk_ioctl
                0x080059fc       0x1c Middlewares/FatFs/diskio.o
                0x080059fc                disk_ioctl
 .text.inc_lock
                0x08005a18       0xa0 Middlewares/FatFs/ff.o
 .text.get_ldnumber
                0x08005ab8       0x40 Middlewares/FatFs/ff.o
 .text.validate
                0x08005af8       0x3c Middlewares/FatFs/ff.o
 .text.sync_window.part.4
                0x08005b34       0x78 Middlewares/FatFs/ff.o
 .text.move_window
                0x08005bac       0x54 Middlewares/FatFs/ff.o
 .text.check_fs
                0x08005c00       0x80 Middlewares/FatFs/ff.o
 .text.find_volume
                0x08005c80      0x370 Middlewares/FatFs/ff.o
 .text.get_fat.part.6
                0x08005ff0       0xdc Middlewares/FatFs/ff.o
 .text.put_fat.part.7
                0x080060cc      0x148 Middlewares/FatFs/ff.o
 .text.create_chain
                0x08006214       0xf8 Middlewares/FatFs/ff.o
 .text.dir_next
                0x0800630c      0x194 Middlewares/FatFs/ff.o
 .text.dir_sdi.constprop.13
                0x080064a0       0xac Middlewares/FatFs/ff.o
 .text.follow_path
                0x0800654c      0x274 Middlewares/FatFs/ff.o
 .text.f_mount  0x080067c0       0x7c Middlewares/FatFs/ff.o
                0x080067c0                f_mount
 .text.f_open   0x0800683c      0x334 Middlewares/FatFs/ff.o
                0x0800683c                f_open
 .text.f_read   0x08006b70      0x1d4 Middlewares/FatFs/ff.o
                0x08006b70                f_read
 .text.f_write  0x08006d44      0x23c Middlewares/FatFs/ff.o
                0x08006d44                f_write
 .text.putc_bfd
                0x08006f80       0x3c Middlewares/FatFs/ff.o
 .text.f_sync   0x08006fbc      0x16c Middlewares/FatFs/ff.o
                0x08006fbc                f_sync
 .text.f_close  0x08007128       0x5c Middlewares/FatFs/ff.o
                0x08007128                f_close
 .text.f_chdir  0x08007184       0x78 Middlewares/FatFs/ff.o
                0x08007184                f_chdir
 .text.f_opendir
                0x080071fc       0xac Middlewares/FatFs/ff.o
                0x080071fc                f_opendir
 .text.f_closedir
                0x080072a8       0x54 Middlewares/FatFs/ff.o
                0x080072a8                f_closedir
 .text.f_readdir
                0x080072fc      0x11c Middlewares/FatFs/ff.o
                0x080072fc                f_readdir
 .text.f_gets   0x08007418       0x4c Middlewares/FatFs/ff.o
                0x08007418                f_gets
 .text.f_putc   0x08007464       0x40 Middlewares/FatFs/ff.o
                0x08007464                f_putc
 .text.f_puts   0x080074a4       0x54 Middlewares/FatFs/ff.o
                0x080074a4                f_puts
 .text.f_printf
                0x080074f8      0x368 Middlewares/FatFs/ff.o
                0x080074f8                f_printf
 .text.FATFS_LinkDriver
                0x08007860       0x48 Middlewares/FatFs/ff_gen_drv.o
                0x08007860                FATFS_LinkDriver
 .text.USBD_Init
                0x080078a8       0x34 Middlewares/USB_Device_Library/usbd_core.o
                0x080078a8                USBD_Init
 .text.USBD_RegisterClass
                0x080078dc       0x14 Middlewares/USB_Device_Library/usbd_core.o
                0x080078dc                USBD_RegisterClass
 .text.USBD_Start
                0x080078f0        0xc Middlewares/USB_Device_Library/usbd_core.o
                0x080078f0                USBD_Start
 .text.USBD_SetClassConfig
                0x080078fc       0x18 Middlewares/USB_Device_Library/usbd_core.o
                0x080078fc                USBD_SetClassConfig
 .text.USBD_ClrClassConfig
                0x08007914       0x10 Middlewares/USB_Device_Library/usbd_core.o
                0x08007914                USBD_ClrClassConfig
 .text.USBD_LL_SetupStage
                0x08007924       0x68 Middlewares/USB_Device_Library/usbd_core.o
                0x08007924                USBD_LL_SetupStage
 .text.USBD_LL_DataOutStage
                0x0800798c       0x78 Middlewares/USB_Device_Library/usbd_core.o
                0x0800798c                USBD_LL_DataOutStage
 .text.USBD_LL_DataInStage
                0x08007a04       0xb4 Middlewares/USB_Device_Library/usbd_core.o
                0x08007a04                USBD_LL_DataInStage
 .text.USBD_LL_Reset
                0x08007ab8       0x48 Middlewares/USB_Device_Library/usbd_core.o
                0x08007ab8                USBD_LL_Reset
 .text.USBD_LL_SetSpeed
                0x08007b00        0x8 Middlewares/USB_Device_Library/usbd_core.o
                0x08007b00                USBD_LL_SetSpeed
 .text.USBD_LL_Suspend
                0x08007b08       0x18 Middlewares/USB_Device_Library/usbd_core.o
                0x08007b08                USBD_LL_Suspend
 .text.USBD_LL_Resume
                0x08007b20       0x10 Middlewares/USB_Device_Library/usbd_core.o
                0x08007b20                USBD_LL_Resume
 .text.USBD_LL_SOF
                0x08007b30       0x20 Middlewares/USB_Device_Library/usbd_core.o
                0x08007b30                USBD_LL_SOF
 .text.USBD_StdDevReq
                0x08007b50      0x2c4 Middlewares/USB_Device_Library/usbd_ctlreq.o
                0x08007b50                USBD_StdDevReq
 .text.USBD_StdItfReq
                0x08007e14       0x44 Middlewares/USB_Device_Library/usbd_ctlreq.o
                0x08007e14                USBD_StdItfReq
 .text.USBD_StdEPReq
                0x08007e58       0xec Middlewares/USB_Device_Library/usbd_ctlreq.o
                0x08007e58                USBD_StdEPReq
 .text.USBD_ParseSetupRequest
                0x08007f44       0x28 Middlewares/USB_Device_Library/usbd_ctlreq.o
                0x08007f44                USBD_ParseSetupRequest
 .text.USBD_CtlError
                0x08007f6c       0x14 Middlewares/USB_Device_Library/usbd_ctlreq.o
                0x08007f6c                USBD_CtlError
 .text.USBD_GetString
                0x08007f80       0x50 Middlewares/USB_Device_Library/usbd_ctlreq.o
                0x08007f80                USBD_GetString
 .text.USBD_CtlSendData
                0x08007fd0       0x1c Middlewares/USB_Device_Library/usbd_ioreq.o
                0x08007fd0                USBD_CtlSendData
 .text.USBD_CtlContinueSendData
                0x08007fec       0x10 Middlewares/USB_Device_Library/usbd_ioreq.o
                0x08007fec                USBD_CtlContinueSendData
 .text.USBD_CtlContinueRx
                0x08007ffc       0x10 Middlewares/USB_Device_Library/usbd_ioreq.o
                0x08007ffc                USBD_CtlContinueRx
 .text.USBD_CtlSendStatus
                0x0800800c       0x18 Middlewares/USB_Device_Library/usbd_ioreq.o
                0x0800800c                USBD_CtlSendStatus
 .text.USBD_CtlReceiveStatus
                0x08008024       0x18 Middlewares/USB_Device_Library/usbd_ioreq.o
                0x08008024                USBD_CtlReceiveStatus
 .text.USBD_MSC_GetHSCfgDesc
                0x0800803c        0xc Middlewares/USB_Device_Library/usbd_msc.o
                0x0800803c                USBD_MSC_GetHSCfgDesc
 .text.USBD_MSC_GetFSCfgDesc
                0x08008048       0x10 Middlewares/USB_Device_Library/usbd_msc.o
                0x08008048                USBD_MSC_GetFSCfgDesc
 .text.USBD_MSC_GetOtherSpeedCfgDesc
                0x08008058       0x10 Middlewares/USB_Device_Library/usbd_msc.o
                0x08008058                USBD_MSC_GetOtherSpeedCfgDesc
 .text.USBD_MSC_GetDeviceQualifierDescriptor
                0x08008068       0x10 Middlewares/USB_Device_Library/usbd_msc.o
                0x08008068                USBD_MSC_GetDeviceQualifierDescriptor
 .text.USBD_MSC_Init
                0x08008078       0x6c Middlewares/USB_Device_Library/usbd_msc.o
                0x08008078                USBD_MSC_Init
 .text.USBD_MSC_DeInit
                0x080080e4       0x30 Middlewares/USB_Device_Library/usbd_msc.o
                0x080080e4                USBD_MSC_DeInit
 .text.USBD_MSC_Setup
                0x08008114      0x100 Middlewares/USB_Device_Library/usbd_msc.o
                0x08008114                USBD_MSC_Setup
 .text.USBD_MSC_DataIn
                0x08008214        0xc Middlewares/USB_Device_Library/usbd_msc.o
                0x08008214                USBD_MSC_DataIn
 .text.USBD_MSC_DataOut
                0x08008220        0xc Middlewares/USB_Device_Library/usbd_msc.o
                0x08008220                USBD_MSC_DataOut
 .text.USBD_MSC_RegisterStorage
                0x0800822c       0x10 Middlewares/USB_Device_Library/usbd_msc.o
                0x0800822c                USBD_MSC_RegisterStorage
 .text.MSC_BOT_Abort
                0x0800823c       0x54 Middlewares/USB_Device_Library/usbd_msc_bot.o
 .text.MSC_BOT_Init
                0x08008290       0x50 Middlewares/USB_Device_Library/usbd_msc_bot.o
                0x08008290                MSC_BOT_Init
 .text.MSC_BOT_Reset
                0x080082e0       0x24 Middlewares/USB_Device_Library/usbd_msc_bot.o
                0x080082e0                MSC_BOT_Reset
 .text.MSC_BOT_DeInit
                0x08008304        0xc Middlewares/USB_Device_Library/usbd_msc_bot.o
                0x08008304                MSC_BOT_DeInit
 .text.MSC_BOT_SendCSW
                0x08008310       0x44 Middlewares/USB_Device_Library/usbd_msc_bot.o
                0x08008310                MSC_BOT_SendCSW
 .text.MSC_BOT_DataIn
                0x08008354       0x40 Middlewares/USB_Device_Library/usbd_msc_bot.o
                0x08008354                MSC_BOT_DataIn
 .text.MSC_BOT_DataOut
                0x08008394      0x108 Middlewares/USB_Device_Library/usbd_msc_bot.o
                0x08008394                MSC_BOT_DataOut
 .text.MSC_BOT_CplClrFeature
                0x0800849c       0x30 Middlewares/USB_Device_Library/usbd_msc_bot.o
                0x0800849c                MSC_BOT_CplClrFeature
 .text.SCSI_ProcessCmd
                0x080084cc      0x720 Middlewares/USB_Device_Library/usbd_msc_scsi.o
                0x080084cc                SCSI_ProcessCmd
 .text.SCSI_SenseCode
                0x08008bec       0x38 Middlewares/USB_Device_Library/usbd_msc_scsi.o
                0x08008bec                SCSI_SenseCode
 .text.atoi     0x08008c24        0xc c:/eclipse/eclipse_stm32/plugins/fr.ac6.mcu.externaltools.arm-none.win32_1.13.2.201703061525/tools/compiler/bin/../lib/gcc/arm-none-eabi/5.4.1/../../../../arm-none-eabi/lib/armv6-m\libc_nano.a(lib_a-atoi.o)
                0x08008c24                atoi
 .text.__libc_init_array
                0x08008c30       0x4c c:/eclipse/eclipse_stm32/plugins/fr.ac6.mcu.externaltools.arm-none.win32_1.13.2.201703061525/tools/compiler/bin/../lib/gcc/arm-none-eabi/5.4.1/../../../../arm-none-eabi/lib/armv6-m\libc_nano.a(lib_a-init.o)
                0x08008c30                __libc_init_array
 .text.__itoa   0x08008c7c       0x2e c:/eclipse/eclipse_stm32/plugins/fr.ac6.mcu.externaltools.arm-none.win32_1.13.2.201703061525/tools/compiler/bin/../lib/gcc/arm-none-eabi/5.4.1/../../../../arm-none-eabi/lib/armv6-m\libc_nano.a(lib_a-itoa.o)
                0x08008c7c                __itoa
 .text.itoa     0x08008caa        0x8 c:/eclipse/eclipse_stm32/plugins/fr.ac6.mcu.externaltools.arm-none.win32_1.13.2.201703061525/tools/compiler/bin/../lib/gcc/arm-none-eabi/5.4.1/../../../../arm-none-eabi/lib/armv6-m\libc_nano.a(lib_a-itoa.o)
                0x08008caa                itoa
 *fill*         0x08008cb2        0x2 
 .text.malloc   0x08008cb4       0x14 c:/eclipse/eclipse_stm32/plugins/fr.ac6.mcu.externaltools.arm-none.win32_1.13.2.201703061525/tools/compiler/bin/../lib/gcc/arm-none-eabi/5.4.1/../../../../arm-none-eabi/lib/armv6-m\libc_nano.a(lib_a-malloc.o)
                0x08008cb4                malloc
 .text.free     0x08008cc8       0x14 c:/eclipse/eclipse_stm32/plugins/fr.ac6.mcu.externaltools.arm-none.win32_1.13.2.201703061525/tools/compiler/bin/../lib/gcc/arm-none-eabi/5.4.1/../../../../arm-none-eabi/lib/armv6-m\libc_nano.a(lib_a-malloc.o)
                0x08008cc8                free
 .text.memcpy   0x08008cdc       0x12 c:/eclipse/eclipse_stm32/plugins/fr.ac6.mcu.externaltools.arm-none.win32_1.13.2.201703061525/tools/compiler/bin/../lib/gcc/arm-none-eabi/5.4.1/../../../../arm-none-eabi/lib/armv6-m\libc_nano.a(lib_a-memcpy-stub.o)
                0x08008cdc                memcpy
 .text.memset   0x08008cee       0x10 c:/eclipse/eclipse_stm32/plugins/fr.ac6.mcu.externaltools.arm-none.win32_1.13.2.201703061525/tools/compiler/bin/../lib/gcc/arm-none-eabi/5.4.1/../../../../arm-none-eabi/lib/armv6-m\libc_nano.a(lib_a-memset.o)
                0x08008cee                memset
 *fill*         0x08008cfe        0x2 
 .text._free_r  0x08008d00       0x98 c:/eclipse/eclipse_stm32/plugins/fr.ac6.mcu.externaltools.arm-none.win32_1.13.2.201703061525/tools/compiler/bin/../lib/gcc/arm-none-eabi/5.4.1/../../../../arm-none-eabi/lib/armv6-m\libc_nano.a(lib_a-nano-freer.o)
                0x08008d00                _free_r
 .text._malloc_r
                0x08008d98       0xc0 c:/eclipse/eclipse_stm32/plugins/fr.ac6.mcu.externaltools.arm-none.win32_1.13.2.201703061525/tools/compiler/bin/../lib/gcc/arm-none-eabi/5.4.1/../../../../arm-none-eabi/lib/armv6-m\libc_nano.a(lib_a-nano-mallocr.o)
                0x08008d98                _malloc_r
 .text._sbrk_r  0x08008e58       0x24 c:/eclipse/eclipse_stm32/plugins/fr.ac6.mcu.externaltools.arm-none.win32_1.13.2.201703061525/tools/compiler/bin/../lib/gcc/arm-none-eabi/5.4.1/../../../../arm-none-eabi/lib/armv6-m\libc_nano.a(lib_a-sbrkr.o)
                0x08008e58                _sbrk_r
 .text.strchr   0x08008e7c       0x1c c:/eclipse/eclipse_stm32/plugins/fr.ac6.mcu.externaltools.arm-none.win32_1.13.2.201703061525/tools/compiler/bin/../lib/gcc/arm-none-eabi/5.4.1/../../../../arm-none-eabi/lib/armv6-m\libc_nano.a(lib_a-strchr.o)
                0x08008e7c                strchr
 .text.strcpy   0x08008e98       0x10 c:/eclipse/eclipse_stm32/plugins/fr.ac6.mcu.externaltools.arm-none.win32_1.13.2.201703061525/tools/compiler/bin/../lib/gcc/arm-none-eabi/5.4.1/../../../../arm-none-eabi/lib/armv6-m\libc_nano.a(lib_a-strcpy.o)
                0x08008e98                strcpy
 .text.strncmp  0x08008ea8       0x24 c:/eclipse/eclipse_stm32/plugins/fr.ac6.mcu.externaltools.arm-none.win32_1.13.2.201703061525/tools/compiler/bin/../lib/gcc/arm-none-eabi/5.4.1/../../../../arm-none-eabi/lib/armv6-m\libc_nano.a(lib_a-strncmp.o)
                0x08008ea8                strncmp
 .text.strstr   0x08008ecc       0x36 c:/eclipse/eclipse_stm32/plugins/fr.ac6.mcu.externaltools.arm-none.win32_1.13.2.201703061525/tools/compiler/bin/../lib/gcc/arm-none-eabi/5.4.1/../../../../arm-none-eabi/lib/armv6-m\libc_nano.a(lib_a-strstr.o)
                0x08008ecc                strstr
 *fill*         0x08008f02        0x2 
 .text.strtok   0x08008f04       0x64 c:/eclipse/eclipse_stm32/plugins/fr.ac6.mcu.externaltools.arm-none.win32_1.13.2.201703061525/tools/compiler/bin/../lib/gcc/arm-none-eabi/5.4.1/../../../../arm-none-eabi/lib/armv6-m\libc_nano.a(lib_a-strtok.o)
                0x08008f04                strtok
 .text.__strtok_r
                0x08008f68       0x5e c:/eclipse/eclipse_stm32/plugins/fr.ac6.mcu.externaltools.arm-none.win32_1.13.2.201703061525/tools/compiler/bin/../lib/gcc/arm-none-eabi/5.4.1/../../../../arm-none-eabi/lib/armv6-m\libc_nano.a(lib_a-strtok_r.o)
                0x08008f68                __strtok_r
 *fill*         0x08008fc6        0x2 
 .text._strtol_l.isra.0
                0x08008fc8      0x11c c:/eclipse/eclipse_stm32/plugins/fr.ac6.mcu.externaltools.arm-none.win32_1.13.2.201703061525/tools/compiler/bin/../lib/gcc/arm-none-eabi/5.4.1/../../../../arm-none-eabi/lib/armv6-m\libc_nano.a(lib_a-strtol.o)
 .text.strtol   0x080090e4       0x28 c:/eclipse/eclipse_stm32/plugins/fr.ac6.mcu.externaltools.arm-none.win32_1.13.2.201703061525/tools/compiler/bin/../lib/gcc/arm-none-eabi/5.4.1/../../../../arm-none-eabi/lib/armv6-m\libc_nano.a(lib_a-strtol.o)
                0x080090e4                strtol
 .text.__utoa   0x0800910c       0x74 c:/eclipse/eclipse_stm32/plugins/fr.ac6.mcu.externaltools.arm-none.win32_1.13.2.201703061525/tools/compiler/bin/../lib/gcc/arm-none-eabi/5.4.1/../../../../arm-none-eabi/lib/armv6-m\libc_nano.a(lib_a-utoa.o)
                0x0800910c                __utoa
 .text.__locale_ctype_ptr_l
                0x08009180        0x6 c:/eclipse/eclipse_stm32/plugins/fr.ac6.mcu.externaltools.arm-none.win32_1.13.2.201703061525/tools/compiler/bin/../lib/gcc/arm-none-eabi/5.4.1/../../../../arm-none-eabi/lib/armv6-m\libc_nano.a(lib_a-locale.o)
                0x08009180                __locale_ctype_ptr_l
 .text.__ascii_mbtowc
                0x08009186       0x24 c:/eclipse/eclipse_stm32/plugins/fr.ac6.mcu.externaltools.arm-none.win32_1.13.2.201703061525/tools/compiler/bin/../lib/gcc/arm-none-eabi/5.4.1/../../../../arm-none-eabi/lib/armv6-m\libc_nano.a(lib_a-mbtowc_r.o)
                0x08009186                __ascii_mbtowc
 .text.__malloc_lock
                0x080091aa        0x2 c:/eclipse/eclipse_stm32/plugins/fr.ac6.mcu.externaltools.arm-none.win32_1.13.2.201703061525/tools/compiler/bin/../lib/gcc/arm-none-eabi/5.4.1/../../../../arm-none-eabi/lib/armv6-m\libc_nano.a(lib_a-mlock.o)
                0x080091aa                __malloc_lock
 .text.__malloc_unlock
                0x080091ac        0x2 c:/eclipse/eclipse_stm32/plugins/fr.ac6.mcu.externaltools.arm-none.win32_1.13.2.201703061525/tools/compiler/bin/../lib/gcc/arm-none-eabi/5.4.1/../../../../arm-none-eabi/lib/armv6-m\libc_nano.a(lib_a-mlock.o)
                0x080091ac                __malloc_unlock
 .text.__ascii_wctomb
                0x080091ae       0x18 c:/eclipse/eclipse_stm32/plugins/fr.ac6.mcu.externaltools.arm-none.win32_1.13.2.201703061525/tools/compiler/bin/../lib/gcc/arm-none-eabi/5.4.1/../../../../arm-none-eabi/lib/armv6-m\libc_nano.a(lib_a-wctomb_r.o)
                0x080091ae                __ascii_wctomb
 *fill*         0x080091c6        0x2 
 .text._sbrk    0x080091c8       0x1c c:/eclipse/eclipse_stm32/plugins/fr.ac6.mcu.externaltools.arm-none.win32_1.13.2.201703061525/tools/compiler/bin/../lib/gcc/arm-none-eabi/5.4.1/../../../../arm-none-eabi/lib/armv6-m\libnosys.a(sbrk.o)
                0x080091c8                _sbrk
 *(.glue_7)
 .glue_7        0x080091e4        0x0 linker stubs
 *(.glue_7t)
 .glue_7t       0x080091e4        0x0 linker stubs
 *(.eh_frame)
 .eh_frame      0x080091e4        0x0 c:/eclipse/eclipse_stm32/plugins/fr.ac6.mcu.externaltools.arm-none.win32_1.13.2.201703061525/tools/compiler/bin/../lib/gcc/arm-none-eabi/5.4.1/armv6-m/crtbegin.o
 *(.init)
 .init          0x080091e4        0x4 c:/eclipse/eclipse_stm32/plugins/fr.ac6.mcu.externaltools.arm-none.win32_1.13.2.201703061525/tools/compiler/bin/../lib/gcc/arm-none-eabi/5.4.1/armv6-m/crti.o
                0x080091e4                _init
 .init          0x080091e8        0x8 c:/eclipse/eclipse_stm32/plugins/fr.ac6.mcu.externaltools.arm-none.win32_1.13.2.201703061525/tools/compiler/bin/../lib/gcc/arm-none-eabi/5.4.1/armv6-m/crtn.o
 *(.fini)
 .fini          0x080091f0        0x4 c:/eclipse/eclipse_stm32/plugins/fr.ac6.mcu.externaltools.arm-none.win32_1.13.2.201703061525/tools/compiler/bin/../lib/gcc/arm-none-eabi/5.4.1/armv6-m/crti.o
                0x080091f0                _fini
 .fini          0x080091f4        0x8 c:/eclipse/eclipse_stm32/plugins/fr.ac6.mcu.externaltools.arm-none.win32_1.13.2.201703061525/tools/compiler/bin/../lib/gcc/arm-none-eabi/5.4.1/armv6-m/crtn.o
                0x080091fc                . = ALIGN (0x4)
                0x080091fc                _etext = .

.vfp11_veneer   0x080091fc        0x0
 .vfp11_veneer  0x080091fc        0x0 linker stubs

.v4_bx          0x080091fc        0x0
 .v4_bx         0x080091fc        0x0 linker stubs

.iplt           0x080091fc        0x0
 .iplt          0x080091fc        0x0 c:/eclipse/eclipse_stm32/plugins/fr.ac6.mcu.externaltools.arm-none.win32_1.13.2.201703061525/tools/compiler/bin/../lib/gcc/arm-none-eabi/5.4.1/armv6-m/crtbegin.o

.rodata         0x080091fc      0x8f8
                0x080091fc                . = ALIGN (0x4)
 *(.rodata)
 .rodata        0x080091fc       0x10 Application/User/Led/led.o
 .rodata        0x0800920c       0xc6 Application/User/RTC/rtc.o
 *fill*         0x080092d2        0x2 
 .rodata        0x080092d4       0x96 Application/User/WiFi/config.o
 *fill*         0x0800936a        0x2 
 .rodata        0x0800936c       0x12 Application/User/WiFi/server.o
 *fill*         0x0800937e        0x2 
 .rodata        0x08009380       0x6f Application/User/WiFi/wifi.o
 *fill*         0x080093ef        0x1 
 .rodata        0x080093f0        0x4 Application/User/usbd_conf.o
 .rodata        0x080093f4       0x24 Application/User/usbd_storage_if.o
                0x080093f4                STORAGE_Inquirydata_FS
 .rodata        0x08009418       0x18 Drivers/CMSIS/system_stm32f0xx.o
                0x08009418                AHBPrescTable
                0x08009428                APBPrescTable
 .rodata        0x08009430       0x20 Drivers/STM32F0xx_HAL_Driver/stm32f0xx_hal_rcc.o
 .rodata        0x08009450        0x4 Drivers/STM32F0xx_HAL_Driver/stm32f0xx_hal_uart.o
 .rodata        0x08009454      0x10a Middlewares/FatFs/ff.o
 *fill*         0x0800955e        0x2 
 .rodata        0x08009560       0x60 Middlewares/USB_Device_Library/usbd_ctlreq.o
 .rodata        0x080095c0       0x17 Middlewares/USB_Device_Library/usbd_msc_data.o
                0x080095c0                MSC_Mode_Sense10_data
                0x080095c8                MSC_Mode_Sense6_data
                0x080095d0                MSC_Page00_Inquiry_Data
 *fill*         0x080095d7        0x1 
 .rodata        0x080095d8      0x16c Middlewares/USB_Device_Library/usbd_msc_scsi.o
 *(.rodata*)
 .rodata.str1.4
                0x08009744       0x13 Application/User/RTC/rtc.o
 *fill*         0x08009757        0x1 
 .rodata.str1.4
                0x08009758       0x14 Application/User/WiFi/config.o
 .rodata.str1.4
                0x0800976c       0xf2 Application/User/WiFi/server.o
 *fill*         0x0800985e        0x2 
 .rodata.str1.4
                0x08009860       0x70 Application/User/WiFi/wifi.o
                                 0x7c (size before relaxing)
 .rodata.str1.4
                0x080098d0        0x3 Application/User/WiFi/wifi_uart.o
                                  0xb (size before relaxing)
 *fill*         0x080098d3        0x1 
 .rodata.str1.4
                0x080098d4       0x38 Application/User/stm32f0xx_hal_msp.o
 .rodata.str1.4
                0x0800990c       0x30 Application/User/usbd_conf.o
 .rodata.str1.4
                0x0800993c       0x42 Application/User/usbd_desc.o
 *fill*         0x0800997e        0x2 
 .rodata.str1.4
                0x08009980       0x44 Middlewares/FatFs/ff.o
 .rodata.str1.1
                0x080099c4       0x25 c:/eclipse/eclipse_stm32/plugins/fr.ac6.mcu.externaltools.arm-none.win32_1.13.2.201703061525/tools/compiler/bin/../lib/gcc/arm-none-eabi/5.4.1/../../../../arm-none-eabi/lib/armv6-m\libc_nano.a(lib_a-utoa.o)
 .rodata.str1.1
                0x080099e9        0xa c:/eclipse/eclipse_stm32/plugins/fr.ac6.mcu.externaltools.arm-none.win32_1.13.2.201703061525/tools/compiler/bin/../lib/gcc/arm-none-eabi/5.4.1/../../../../arm-none-eabi/lib/armv6-m\libc_nano.a(lib_a-locale.o)
                                  0xb (size before relaxing)
 .rodata._ctype_
                0x080099f3      0x101 c:/eclipse/eclipse_stm32/plugins/fr.ac6.mcu.externaltools.arm-none.win32_1.13.2.201703061525/tools/compiler/bin/../lib/gcc/arm-none-eabi/5.4.1/../../../../arm-none-eabi/lib/armv6-m\libc_nano.a(lib_a-ctype_.o)
                0x080099f3                _ctype_
                0x08009af4                . = ALIGN (0x4)

.rel.dyn        0x08009af4        0x0
 .rel.iplt      0x08009af4        0x0 c:/eclipse/eclipse_stm32/plugins/fr.ac6.mcu.externaltools.arm-none.win32_1.13.2.201703061525/tools/compiler/bin/../lib/gcc/arm-none-eabi/5.4.1/armv6-m/crtbegin.o

.ARM.extab
 *(.ARM.extab* .gnu.linkonce.armextab.*)

.ARM            0x08009af4        0x0
                0x08009af4                __exidx_start = .
 *(.ARM.exidx*)
                0x08009af4                __exidx_end = .

.preinit_array  0x08009af4        0x0
                0x08009af4                PROVIDE (__preinit_array_start, .)
 *(.preinit_array*)
                0x08009af4                PROVIDE (__preinit_array_end, .)

.init_array     0x08009af4        0x4
                0x08009af4                PROVIDE (__init_array_start, .)
 *(SORT(.init_array.*))
 *(.init_array*)
 .init_array    0x08009af4        0x4 c:/eclipse/eclipse_stm32/plugins/fr.ac6.mcu.externaltools.arm-none.win32_1.13.2.201703061525/tools/compiler/bin/../lib/gcc/arm-none-eabi/5.4.1/armv6-m/crtbegin.o
                0x08009af8                PROVIDE (__init_array_end, .)

.fini_array     0x08009af8        0x4
                [!provide]                PROVIDE (__fini_array_start, .)
 *(SORT(.fini_array.*))
 *(.fini_array*)
 .fini_array    0x08009af8        0x4 c:/eclipse/eclipse_stm32/plugins/fr.ac6.mcu.externaltools.arm-none.win32_1.13.2.201703061525/tools/compiler/bin/../lib/gcc/arm-none-eabi/5.4.1/armv6-m/crtbegin.o
                [!provide]                PROVIDE (__fini_array_end, .)
                0x08009afc                _sidata = LOADADDR (.data)

.data           0x20000000      0x2e4 load address 0x08009afc
                0x20000000                . = ALIGN (0x4)
                0x20000000                _sdata = .
 *(.data)
 .data          0x20000000       0x34 Application/User/usbd_desc.o
                0x20000000                USBD_FS_DeviceDesc
                0x20000014                USBD_LangIDDesc
                0x20000018                FS_Desc
 .data          0x20000034       0x20 Application/User/usbd_storage_if.o
                0x20000034                USBD_Storage_Interface_fops_FS
 .data          0x20000054       0x18 Application/User/user_diskio.o
                0x20000058                USER_Driver
 .data          0x2000006c        0x4 Drivers/CMSIS/system_stm32f0xx.o
                0x2000006c                SystemCoreClock
 .data          0x20000070       0xa4 Middlewares/USB_Device_Library/usbd_msc.o
                0x20000070                USBD_MSC_CfgHSDesc
                0x20000090                USBD_MSC_CfgFSDesc
                0x200000b0                USBD_MSC_OtherSpeedCfgDesc
                0x200000d0                USBD_MSC_DeviceQualifierDesc
                0x200000dc                USBD_MSC
 *(.data*)
 .data.impure_data
                0x20000114       0x60 c:/eclipse/eclipse_stm32/plugins/fr.ac6.mcu.externaltools.arm-none.win32_1.13.2.201703061525/tools/compiler/bin/../lib/gcc/arm-none-eabi/5.4.1/../../../../arm-none-eabi/lib/armv6-m\libc_nano.a(lib_a-impure.o)
 .data._impure_ptr
                0x20000174        0x4 c:/eclipse/eclipse_stm32/plugins/fr.ac6.mcu.externaltools.arm-none.win32_1.13.2.201703061525/tools/compiler/bin/../lib/gcc/arm-none-eabi/5.4.1/../../../../arm-none-eabi/lib/armv6-m\libc_nano.a(lib_a-impure.o)
                0x20000174                _impure_ptr
 .data.__global_locale
                0x20000178      0x16c c:/eclipse/eclipse_stm32/plugins/fr.ac6.mcu.externaltools.arm-none.win32_1.13.2.201703061525/tools/compiler/bin/../lib/gcc/arm-none-eabi/5.4.1/../../../../arm-none-eabi/lib/armv6-m\libc_nano.a(lib_a-locale.o)
                0x20000178                __global_locale
                0x200002e4                . = ALIGN (0x4)
                0x200002e4                _edata = .

.jcr            0x200002e4        0x0 load address 0x08009de0
 .jcr           0x200002e4        0x0 c:/eclipse/eclipse_stm32/plugins/fr.ac6.mcu.externaltools.arm-none.win32_1.13.2.201703061525/tools/compiler/bin/../lib/gcc/arm-none-eabi/5.4.1/armv6-m/crtbegin.o

.igot.plt       0x200002e4        0x0 load address 0x08009de0
 .igot.plt      0x200002e4        0x0 c:/eclipse/eclipse_stm32/plugins/fr.ac6.mcu.externaltools.arm-none.win32_1.13.2.201703061525/tools/compiler/bin/../lib/gcc/arm-none-eabi/5.4.1/armv6-m/crtbegin.o
                0x200002e4                . = ALIGN (0x4)

.bss            0x200002e4     0x2e08 load address 0x08009de0
                0x200002e4                _sbss = .
                0x200002e4                __bss_start__ = _sbss
 *(.bss)
 .bss           0x200002e4       0x1c c:/eclipse/eclipse_stm32/plugins/fr.ac6.mcu.externaltools.arm-none.win32_1.13.2.201703061525/tools/compiler/bin/../lib/gcc/arm-none-eabi/5.4.1/armv6-m/crtbegin.o
 .bss           0x20000300        0x7 Application/User/Flash_mem/mem_funs.o
 *fill*         0x20000307        0x1 
 .bss           0x20000308       0x1a Application/User/Led/led.o
 .bss           0x20000322        0x1 Application/User/RTC/rtc.o
 *fill*         0x20000323        0x1 
 .bss           0x20000324        0xc Application/User/Scheduler/scheduler.o
 .bss           0x20000330       0x14 Application/User/WiFi/server.o
 .bss           0x20000344      0x2db Application/User/WiFi/wifi.o
 .bss           0x2000061f        0x1 Application/User/fatfs.o
 .bss           0x20000620     0x1070 Application/User/usbd_conf.o
 .bss           0x20001690       0x1e Middlewares/FatFs/ff.o
 *fill*         0x200016ae        0x2 
 .bss           0x200016b0        0xc Middlewares/FatFs/ff_gen_drv.o
                0x200016b0                disk
 .bss           0x200016bc        0x1 Middlewares/USB_Device_Library/usbd_ctlreq.o
 *(.bss*)
 *fill*         0x200016bd        0x3 
 .bss.__malloc_sbrk_start
                0x200016c0        0x4 c:/eclipse/eclipse_stm32/plugins/fr.ac6.mcu.externaltools.arm-none.win32_1.13.2.201703061525/tools/compiler/bin/../lib/gcc/arm-none-eabi/5.4.1/../../../../arm-none-eabi/lib/armv6-m\libc_nano.a(lib_a-nano-mallocr.o)
                0x200016c0                __malloc_sbrk_start
 .bss.__malloc_free_list
                0x200016c4        0x4 c:/eclipse/eclipse_stm32/plugins/fr.ac6.mcu.externaltools.arm-none.win32_1.13.2.201703061525/tools/compiler/bin/../lib/gcc/arm-none-eabi/5.4.1/../../../../arm-none-eabi/lib/armv6-m\libc_nano.a(lib_a-nano-mallocr.o)
                0x200016c4                __malloc_free_list
 .bss.heap_end.4167
                0x200016c8        0x4 c:/eclipse/eclipse_stm32/plugins/fr.ac6.mcu.externaltools.arm-none.win32_1.13.2.201703061525/tools/compiler/bin/../lib/gcc/arm-none-eabi/5.4.1/../../../../arm-none-eabi/lib/armv6-m\libnosys.a(sbrk.o)
 *(COMMON)
 COMMON         0x200016cc       0x24 Application/User/WiFi/server.o
                0x200016cc                post_task_handle
                0x200016d0                dir
 COMMON         0x200016f0       0xd4 Application/User/WiFi/wifi_uart.o
                0x200016f0                rec_buf
                0x200017bc                callback
                0x200017c0                uart_handle
 COMMON         0x200017c4     0x1068 Application/User/fatfs.o
                0x200017c4                USERPath
                0x200017c8                retUSER
                0x200017cc                USERFile
                0x200017f8                USERFatFS
 COMMON         0x2000282c      0x274 Application/User/main.o
                0x2000282c                hdma_usart2_rx
                0x20002870                hspi2
                0x200028d4                hdac
                0x200028e8                hrtc
                0x20002908                htim6
                0x20002948                hdma_dac_ch2
                0x2000298c                hspi1
                0x200029f0                huart2
                0x20002a60                htim7
 COMMON         0x20002aa0      0x224 Application/User/usb_device.o
                0x20002aa0                hUsbDeviceFS
 COMMON         0x20002cc4      0x220 Application/User/usbd_conf.o
                0x20002cc4                hpcd_USB_FS
 COMMON         0x20002ee4      0x200 Application/User/usbd_desc.o
                0x20002ee4                USBD_StrDesc
 COMMON         0x200030e4        0x4 Drivers/STM32F0xx_HAL_Driver/stm32f0xx_hal.o
                0x200030e4                uwTick
 COMMON         0x200030e8        0x4 c:/eclipse/eclipse_stm32/plugins/fr.ac6.mcu.externaltools.arm-none.win32_1.13.2.201703061525/tools/compiler/bin/../lib/gcc/arm-none-eabi/5.4.1/../../../../arm-none-eabi/lib/armv6-m\libc_nano.a(lib_a-reent.o)
                0x200030e8                errno
                0x200030ec                . = ALIGN (0x4)
                0x200030ec                _ebss = .
                0x200030ec                __bss_end__ = _ebss

._user_heap_stack
                0x200030ec      0x604 load address 0x08009de0
                0x200030f0                . = ALIGN (0x8)
 *fill*         0x200030ec        0x4 
                0x200030f0                PROVIDE (end, .)
                [!provide]                PROVIDE (_end, .)
                0x200032f0                . = (. + _Min_Heap_Size)
 *fill*         0x200030f0      0x200 
                0x200036f0                . = (. + _Min_Stack_Size)
 *fill*         0x200032f0      0x400 
                0x200036f0                . = ALIGN (0x8)

/DISCARD/
 libc.a(*)
 libm.a(*)
 libgcc.a(*)

.ARM.attributes
                0x00000000       0x28
 *(.ARM.attributes)
 .ARM.attributes
                0x00000000       0x1e c:/eclipse/eclipse_stm32/plugins/fr.ac6.mcu.externaltools.arm-none.win32_1.13.2.201703061525/tools/compiler/bin/../lib/gcc/arm-none-eabi/5.4.1/armv6-m/crti.o
 .ARM.attributes
                0x0000001e       0x2c c:/eclipse/eclipse_stm32/plugins/fr.ac6.mcu.externaltools.arm-none.win32_1.13.2.201703061525/tools/compiler/bin/../lib/gcc/arm-none-eabi/5.4.1/armv6-m/crtbegin.o
 .ARM.attributes
                0x0000004a       0x21 Application/SW4STM32/startup_stm32f072xb.o
 .ARM.attributes
                0x0000006b       0x31 Application/User/Flash_mem/mem_funs.o
 .ARM.attributes
                0x0000009c       0x31 Application/User/Led/led.o
 .ARM.attributes
                0x000000cd       0x31 Application/User/RTC/rtc.o
 .ARM.attributes
                0x000000fe       0x31 Application/User/Scheduler/scheduler.o
 .ARM.attributes
                0x0000012f       0x31 Application/User/WiFi/config.o
 .ARM.attributes
                0x00000160       0x31 Application/User/WiFi/server.o
 .ARM.attributes
                0x00000191       0x31 Application/User/WiFi/wifi.o
 .ARM.attributes
                0x000001c2       0x31 Application/User/WiFi/wifi_uart.o
 .ARM.attributes
                0x000001f3       0x31 Application/User/fatfs.o
 .ARM.attributes
                0x00000224       0x31 Application/User/main.o
 .ARM.attributes
                0x00000255       0x31 Application/User/stm32f0xx_hal_msp.o
 .ARM.attributes
                0x00000286       0x31 Application/User/stm32f0xx_it.o
 .ARM.attributes
                0x000002b7       0x31 Application/User/usb_device.o
 .ARM.attributes
                0x000002e8       0x31 Application/User/usbd_conf.o
 .ARM.attributes
                0x00000319       0x31 Application/User/usbd_desc.o
 .ARM.attributes
                0x0000034a       0x31 Application/User/usbd_storage_if.o
 .ARM.attributes
                0x0000037b       0x31 Application/User/user_diskio.o
 .ARM.attributes
                0x000003ac       0x31 Drivers/CMSIS/system_stm32f0xx.o
 .ARM.attributes
                0x000003dd       0x31 Drivers/STM32F0xx_HAL_Driver/stm32f0xx_hal.o
 .ARM.attributes
                0x0000040e       0x31 Drivers/STM32F0xx_HAL_Driver/stm32f0xx_hal_cortex.o
 .ARM.attributes
                0x0000043f       0x31 Drivers/STM32F0xx_HAL_Driver/stm32f0xx_hal_dac.o
 .ARM.attributes
                0x00000470       0x31 Drivers/STM32F0xx_HAL_Driver/stm32f0xx_hal_dac_ex.o
 .ARM.attributes
                0x000004a1       0x31 Drivers/STM32F0xx_HAL_Driver/stm32f0xx_hal_dma.o
 .ARM.attributes
                0x000004d2       0x31 Drivers/STM32F0xx_HAL_Driver/stm32f0xx_hal_gpio.o
 .ARM.attributes
                0x00000503       0x31 Drivers/STM32F0xx_HAL_Driver/stm32f0xx_hal_pcd.o
 .ARM.attributes
                0x00000534       0x31 Drivers/STM32F0xx_HAL_Driver/stm32f0xx_hal_pcd_ex.o
 .ARM.attributes
                0x00000565       0x31 Drivers/STM32F0xx_HAL_Driver/stm32f0xx_hal_rcc.o
 .ARM.attributes
                0x00000596       0x31 Drivers/STM32F0xx_HAL_Driver/stm32f0xx_hal_rcc_ex.o
 .ARM.attributes
                0x000005c7       0x31 Drivers/STM32F0xx_HAL_Driver/stm32f0xx_hal_rtc.o
 .ARM.attributes
                0x000005f8       0x31 Drivers/STM32F0xx_HAL_Driver/stm32f0xx_hal_spi.o
 .ARM.attributes
                0x00000629       0x31 Drivers/STM32F0xx_HAL_Driver/stm32f0xx_hal_tim.o
 .ARM.attributes
                0x0000065a       0x31 Drivers/STM32F0xx_HAL_Driver/stm32f0xx_hal_tim_ex.o
 .ARM.attributes
                0x0000068b       0x31 Drivers/STM32F0xx_HAL_Driver/stm32f0xx_hal_uart.o
 .ARM.attributes
                0x000006bc       0x31 Middlewares/FatFs/diskio.o
 .ARM.attributes
                0x000006ed       0x31 Middlewares/FatFs/ff.o
 .ARM.attributes
                0x0000071e       0x31 Middlewares/FatFs/ff_gen_drv.o
 .ARM.attributes
                0x0000074f       0x31 Middlewares/USB_Device_Library/usbd_core.o
 .ARM.attributes
                0x00000780       0x31 Middlewares/USB_Device_Library/usbd_ctlreq.o
 .ARM.attributes
                0x000007b1       0x31 Middlewares/USB_Device_Library/usbd_ioreq.o
 .ARM.attributes
                0x000007e2       0x31 Middlewares/USB_Device_Library/usbd_msc.o
 .ARM.attributes
                0x00000813       0x31 Middlewares/USB_Device_Library/usbd_msc_bot.o
 .ARM.attributes
                0x00000844       0x31 Middlewares/USB_Device_Library/usbd_msc_data.o
 .ARM.attributes
                0x00000875       0x31 Middlewares/USB_Device_Library/usbd_msc_scsi.o
 .ARM.attributes
                0x000008a6       0x1e c:/eclipse/eclipse_stm32/plugins/fr.ac6.mcu.externaltools.arm-none.win32_1.13.2.201703061525/tools/compiler/bin/../lib/gcc/arm-none-eabi/5.4.1/armv6-m\libgcc.a(_udivsi3.o)
 .ARM.attributes
                0x000008c4       0x1e c:/eclipse/eclipse_stm32/plugins/fr.ac6.mcu.externaltools.arm-none.win32_1.13.2.201703061525/tools/compiler/bin/../lib/gcc/arm-none-eabi/5.4.1/armv6-m\libgcc.a(_dvmd_tls.o)
 .ARM.attributes
                0x000008e2       0x2c c:/eclipse/eclipse_stm32/plugins/fr.ac6.mcu.externaltools.arm-none.win32_1.13.2.201703061525/tools/compiler/bin/../lib/gcc/arm-none-eabi/5.4.1/../../../../arm-none-eabi/lib/armv6-m\libc_nano.a(lib_a-atoi.o)
 .ARM.attributes
                0x0000090e       0x2c c:/eclipse/eclipse_stm32/plugins/fr.ac6.mcu.externaltools.arm-none.win32_1.13.2.201703061525/tools/compiler/bin/../lib/gcc/arm-none-eabi/5.4.1/../../../../arm-none-eabi/lib/armv6-m\libc_nano.a(lib_a-impure.o)
 .ARM.attributes
                0x0000093a       0x2c c:/eclipse/eclipse_stm32/plugins/fr.ac6.mcu.externaltools.arm-none.win32_1.13.2.201703061525/tools/compiler/bin/../lib/gcc/arm-none-eabi/5.4.1/../../../../arm-none-eabi/lib/armv6-m\libc_nano.a(lib_a-init.o)
 .ARM.attributes
                0x00000966       0x2c c:/eclipse/eclipse_stm32/plugins/fr.ac6.mcu.externaltools.arm-none.win32_1.13.2.201703061525/tools/compiler/bin/../lib/gcc/arm-none-eabi/5.4.1/../../../../arm-none-eabi/lib/armv6-m\libc_nano.a(lib_a-itoa.o)
 .ARM.attributes
                0x00000992       0x2c c:/eclipse/eclipse_stm32/plugins/fr.ac6.mcu.externaltools.arm-none.win32_1.13.2.201703061525/tools/compiler/bin/../lib/gcc/arm-none-eabi/5.4.1/../../../../arm-none-eabi/lib/armv6-m\libc_nano.a(lib_a-malloc.o)
 .ARM.attributes
                0x000009be       0x2c c:/eclipse/eclipse_stm32/plugins/fr.ac6.mcu.externaltools.arm-none.win32_1.13.2.201703061525/tools/compiler/bin/../lib/gcc/arm-none-eabi/5.4.1/../../../../arm-none-eabi/lib/armv6-m\libc_nano.a(lib_a-memcpy-stub.o)
 .ARM.attributes
                0x000009ea       0x2c c:/eclipse/eclipse_stm32/plugins/fr.ac6.mcu.externaltools.arm-none.win32_1.13.2.201703061525/tools/compiler/bin/../lib/gcc/arm-none-eabi/5.4.1/../../../../arm-none-eabi/lib/armv6-m\libc_nano.a(lib_a-memset.o)
 .ARM.attributes
                0x00000a16       0x2c c:/eclipse/eclipse_stm32/plugins/fr.ac6.mcu.externaltools.arm-none.win32_1.13.2.201703061525/tools/compiler/bin/../lib/gcc/arm-none-eabi/5.4.1/../../../../arm-none-eabi/lib/armv6-m\libc_nano.a(lib_a-nano-freer.o)
 .ARM.attributes
                0x00000a42       0x2c c:/eclipse/eclipse_stm32/plugins/fr.ac6.mcu.externaltools.arm-none.win32_1.13.2.201703061525/tools/compiler/bin/../lib/gcc/arm-none-eabi/5.4.1/../../../../arm-none-eabi/lib/armv6-m\libc_nano.a(lib_a-nano-mallocr.o)
 .ARM.attributes
                0x00000a6e       0x2c c:/eclipse/eclipse_stm32/plugins/fr.ac6.mcu.externaltools.arm-none.win32_1.13.2.201703061525/tools/compiler/bin/../lib/gcc/arm-none-eabi/5.4.1/../../../../arm-none-eabi/lib/armv6-m\libc_nano.a(lib_a-sbrkr.o)
 .ARM.attributes
                0x00000a9a       0x2c c:/eclipse/eclipse_stm32/plugins/fr.ac6.mcu.externaltools.arm-none.win32_1.13.2.201703061525/tools/compiler/bin/../lib/gcc/arm-none-eabi/5.4.1/../../../../arm-none-eabi/lib/armv6-m\libc_nano.a(lib_a-strchr.o)
 .ARM.attributes
                0x00000ac6       0x1c c:/eclipse/eclipse_stm32/plugins/fr.ac6.mcu.externaltools.arm-none.win32_1.13.2.201703061525/tools/compiler/bin/../lib/gcc/arm-none-eabi/5.4.1/../../../../arm-none-eabi/lib/armv6-m\libc_nano.a(lib_a-strcmp.o)
 .ARM.attributes
                0x00000ae2       0x2c c:/eclipse/eclipse_stm32/plugins/fr.ac6.mcu.externaltools.arm-none.win32_1.13.2.201703061525/tools/compiler/bin/../lib/gcc/arm-none-eabi/5.4.1/../../../../arm-none-eabi/lib/armv6-m\libc_nano.a(lib_a-strcpy.o)
 .ARM.attributes
                0x00000b0e       0x1c c:/eclipse/eclipse_stm32/plugins/fr.ac6.mcu.externaltools.arm-none.win32_1.13.2.201703061525/tools/compiler/bin/../lib/gcc/arm-none-eabi/5.4.1/../../../../arm-none-eabi/lib/armv6-m\libc_nano.a(lib_a-strlen.o)
 .ARM.attributes
                0x00000b2a       0x2c c:/eclipse/eclipse_stm32/plugins/fr.ac6.mcu.externaltools.arm-none.win32_1.13.2.201703061525/tools/compiler/bin/../lib/gcc/arm-none-eabi/5.4.1/../../../../arm-none-eabi/lib/armv6-m\libc_nano.a(lib_a-strncmp.o)
 .ARM.attributes
                0x00000b56       0x2c c:/eclipse/eclipse_stm32/plugins/fr.ac6.mcu.externaltools.arm-none.win32_1.13.2.201703061525/tools/compiler/bin/../lib/gcc/arm-none-eabi/5.4.1/../../../../arm-none-eabi/lib/armv6-m\libc_nano.a(lib_a-strstr.o)
 .ARM.attributes
                0x00000b82       0x2c c:/eclipse/eclipse_stm32/plugins/fr.ac6.mcu.externaltools.arm-none.win32_1.13.2.201703061525/tools/compiler/bin/../lib/gcc/arm-none-eabi/5.4.1/../../../../arm-none-eabi/lib/armv6-m\libc_nano.a(lib_a-strtok.o)
 .ARM.attributes
                0x00000bae       0x2c c:/eclipse/eclipse_stm32/plugins/fr.ac6.mcu.externaltools.arm-none.win32_1.13.2.201703061525/tools/compiler/bin/../lib/gcc/arm-none-eabi/5.4.1/../../../../arm-none-eabi/lib/armv6-m\libc_nano.a(lib_a-strtok_r.o)
 .ARM.attributes
                0x00000bda       0x2c c:/eclipse/eclipse_stm32/plugins/fr.ac6.mcu.externaltools.arm-none.win32_1.13.2.201703061525/tools/compiler/bin/../lib/gcc/arm-none-eabi/5.4.1/../../../../arm-none-eabi/lib/armv6-m\libc_nano.a(lib_a-strtol.o)
 .ARM.attributes
                0x00000c06       0x2c c:/eclipse/eclipse_stm32/plugins/fr.ac6.mcu.externaltools.arm-none.win32_1.13.2.201703061525/tools/compiler/bin/../lib/gcc/arm-none-eabi/5.4.1/../../../../arm-none-eabi/lib/armv6-m\libc_nano.a(lib_a-utoa.o)
 .ARM.attributes
                0x00000c32       0x2c c:/eclipse/eclipse_stm32/plugins/fr.ac6.mcu.externaltools.arm-none.win32_1.13.2.201703061525/tools/compiler/bin/../lib/gcc/arm-none-eabi/5.4.1/../../../../arm-none-eabi/lib/armv6-m\libc_nano.a(lib_a-locale.o)
 .ARM.attributes
                0x00000c5e       0x2c c:/eclipse/eclipse_stm32/plugins/fr.ac6.mcu.externaltools.arm-none.win32_1.13.2.201703061525/tools/compiler/bin/../lib/gcc/arm-none-eabi/5.4.1/../../../../arm-none-eabi/lib/armv6-m\libc_nano.a(lib_a-mbtowc_r.o)
 .ARM.attributes
                0x00000c8a       0x2c c:/eclipse/eclipse_stm32/plugins/fr.ac6.mcu.externaltools.arm-none.win32_1.13.2.201703061525/tools/compiler/bin/../lib/gcc/arm-none-eabi/5.4.1/../../../../arm-none-eabi/lib/armv6-m\libc_nano.a(lib_a-mlock.o)
 .ARM.attributes
                0x00000cb6       0x2c c:/eclipse/eclipse_stm32/plugins/fr.ac6.mcu.externaltools.arm-none.win32_1.13.2.201703061525/tools/compiler/bin/../lib/gcc/arm-none-eabi/5.4.1/../../../../arm-none-eabi/lib/armv6-m\libc_nano.a(lib_a-reent.o)
 .ARM.attributes
                0x00000ce2       0x2c c:/eclipse/eclipse_stm32/plugins/fr.ac6.mcu.externaltools.arm-none.win32_1.13.2.201703061525/tools/compiler/bin/../lib/gcc/arm-none-eabi/5.4.1/../../../../arm-none-eabi/lib/armv6-m\libc_nano.a(lib_a-wctomb_r.o)
 .ARM.attributes
                0x00000d0e       0x2c c:/eclipse/eclipse_stm32/plugins/fr.ac6.mcu.externaltools.arm-none.win32_1.13.2.201703061525/tools/compiler/bin/../lib/gcc/arm-none-eabi/5.4.1/../../../../arm-none-eabi/lib/armv6-m\libc_nano.a(lib_a-ctype_.o)
 .ARM.attributes
                0x00000d3a       0x2c c:/eclipse/eclipse_stm32/plugins/fr.ac6.mcu.externaltools.arm-none.win32_1.13.2.201703061525/tools/compiler/bin/../lib/gcc/arm-none-eabi/5.4.1/../../../../arm-none-eabi/lib/armv6-m\libnosys.a(sbrk.o)
 .ARM.attributes
                0x00000d66       0x1e c:/eclipse/eclipse_stm32/plugins/fr.ac6.mcu.externaltools.arm-none.win32_1.13.2.201703061525/tools/compiler/bin/../lib/gcc/arm-none-eabi/5.4.1/armv6-m/crtn.o
OUTPUT(zegarek_justyny_V2.elf elf32-littlearm)

.debug_line     0x00000000    0x1f1f6
 .debug_line    0x00000000       0xa1 Application/SW4STM32/startup_stm32f072xb.o
 .debug_line    0x000000a1      0xb94 Application/User/Flash_mem/mem_funs.o
 .debug_line    0x00000c35      0xa45 Application/User/Led/led.o
 .debug_line    0x0000167a      0x9e4 Application/User/RTC/rtc.o
 .debug_line    0x0000205e      0x8d6 Application/User/Scheduler/scheduler.o
 .debug_line    0x00002934      0x9d1 Application/User/WiFi/config.o
 .debug_line    0x00003305      0xae1 Application/User/WiFi/server.o
 .debug_line    0x00003de6      0xa85 Application/User/WiFi/wifi.o
 .debug_line    0x0000486b      0x98d Application/User/WiFi/wifi_uart.o
 .debug_line    0x000051f8      0x9f9 Application/User/fatfs.o
 .debug_line    0x00005bf1      0xd8f Application/User/main.o
 .debug_line    0x00006980      0x9b0 Application/User/stm32f0xx_hal_msp.o
 .debug_line    0x00007330      0x879 Application/User/stm32f0xx_it.o
 .debug_line    0x00007ba9      0xa4d Application/User/usb_device.o
 .debug_line    0x000085f6      0xc1f Application/User/usbd_conf.o
 .debug_line    0x00009215      0x97a Application/User/usbd_desc.o
 .debug_line    0x00009b8f      0xa57 Application/User/usbd_storage_if.o
 .debug_line    0x0000a5e6      0x962 Application/User/user_diskio.o
 .debug_line    0x0000af48      0x859 Drivers/CMSIS/system_stm32f0xx.o
 .debug_line    0x0000b7a1      0x9a2 Drivers/STM32F0xx_HAL_Driver/stm32f0xx_hal.o
 .debug_line    0x0000c143      0x9a5 Drivers/STM32F0xx_HAL_Driver/stm32f0xx_hal_cortex.o
 .debug_line    0x0000cae8      0x949 Drivers/STM32F0xx_HAL_Driver/stm32f0xx_hal_dac.o
 .debug_line    0x0000d431      0xaaf Drivers/STM32F0xx_HAL_Driver/stm32f0xx_hal_dac_ex.o
 .debug_line    0x0000dee0      0xb3a Drivers/STM32F0xx_HAL_Driver/stm32f0xx_hal_dma.o
 .debug_line    0x0000ea1a      0x9c6 Drivers/STM32F0xx_HAL_Driver/stm32f0xx_hal_gpio.o
 .debug_line    0x0000f3e0      0xf25 Drivers/STM32F0xx_HAL_Driver/stm32f0xx_hal_pcd.o
 .debug_line    0x00010305      0x841 Drivers/STM32F0xx_HAL_Driver/stm32f0xx_hal_pcd_ex.o
 .debug_line    0x00010b46      0xbea Drivers/STM32F0xx_HAL_Driver/stm32f0xx_hal_rcc.o
 .debug_line    0x00011730      0xa96 Drivers/STM32F0xx_HAL_Driver/stm32f0xx_hal_rcc_ex.o
 .debug_line    0x000121c6      0xd50 Drivers/STM32F0xx_HAL_Driver/stm32f0xx_hal_rtc.o
 .debug_line    0x00012f16     0x140d Drivers/STM32F0xx_HAL_Driver/stm32f0xx_hal_spi.o
 .debug_line    0x00014323     0x1ac8 Drivers/STM32F0xx_HAL_Driver/stm32f0xx_hal_tim.o
 .debug_line    0x00015deb      0xdcd Drivers/STM32F0xx_HAL_Driver/stm32f0xx_hal_tim_ex.o
 .debug_line    0x00016bb8     0x13fe Drivers/STM32F0xx_HAL_Driver/stm32f0xx_hal_uart.o
 .debug_line    0x00017fb6      0x8c2 Middlewares/FatFs/diskio.o
 .debug_line    0x00018878     0x1646 Middlewares/FatFs/ff.o
 .debug_line    0x00019ebe      0x8f6 Middlewares/FatFs/ff_gen_drv.o
 .debug_line    0x0001a7b4      0xb00 Middlewares/USB_Device_Library/usbd_core.o
 .debug_line    0x0001b2b4      0xa93 Middlewares/USB_Device_Library/usbd_ctlreq.o
 .debug_line    0x0001bd47      0x9a0 Middlewares/USB_Device_Library/usbd_ioreq.o
 .debug_line    0x0001c6e7      0xacc Middlewares/USB_Device_Library/usbd_msc.o
 .debug_line    0x0001d1b3      0xad5 Middlewares/USB_Device_Library/usbd_msc_bot.o
 .debug_line    0x0001dc88      0x94e Middlewares/USB_Device_Library/usbd_msc_data.o
 .debug_line    0x0001e5d6      0xc20 Middlewares/USB_Device_Library/usbd_msc_scsi.o

.debug_info     0x00000000    0x25fc6
 .debug_info    0x00000000       0xa5 Application/SW4STM32/startup_stm32f072xb.o
 .debug_info    0x000000a5     0x116c Application/User/Flash_mem/mem_funs.o
 .debug_info    0x00001211      0xf15 Application/User/Led/led.o
 .debug_info    0x00002126      0xbe4 Application/User/RTC/rtc.o
 .debug_info    0x00002d0a      0x390 Application/User/Scheduler/scheduler.o
 .debug_info    0x0000309a      0xfc3 Application/User/WiFi/config.o
 .debug_info    0x0000405d     0x1354 Application/User/WiFi/server.o
 .debug_info    0x000053b1     0x1598 Application/User/WiFi/wifi.o
 .debug_info    0x00006949      0xa80 Application/User/WiFi/wifi_uart.o
 .debug_info    0x000073c9      0xa3c Application/User/fatfs.o
 .debug_info    0x00007e05     0x1c61 Application/User/main.o
 .debug_info    0x00009a66     0x165c Application/User/stm32f0xx_hal_msp.o
 .debug_info    0x0000b0c2      0xa31 Application/User/stm32f0xx_it.o
 .debug_info    0x0000baf3      0x644 Application/User/usb_device.o
 .debug_info    0x0000c137     0x16c2 Application/User/usbd_conf.o
 .debug_info    0x0000d7f9      0x4c4 Application/User/usbd_desc.o
 .debug_info    0x0000dcbd      0x7ab Application/User/usbd_storage_if.o
 .debug_info    0x0000e468      0x3a6 Application/User/user_diskio.o
 .debug_info    0x0000e80e      0x24b Drivers/CMSIS/system_stm32f0xx.o
 .debug_info    0x0000ea59      0x60c Drivers/STM32F0xx_HAL_Driver/stm32f0xx_hal.o
 .debug_info    0x0000f065      0x7c1 Drivers/STM32F0xx_HAL_Driver/stm32f0xx_hal_cortex.o
 .debug_info    0x0000f826      0x7a3 Drivers/STM32F0xx_HAL_Driver/stm32f0xx_hal_dac.o
 .debug_info    0x0000ffc9      0x97a Drivers/STM32F0xx_HAL_Driver/stm32f0xx_hal_dac_ex.o
 .debug_info    0x00010943      0x7ec Drivers/STM32F0xx_HAL_Driver/stm32f0xx_hal_dma.o
 .debug_info    0x0001112f      0x5ea Drivers/STM32F0xx_HAL_Driver/stm32f0xx_hal_gpio.o
 .debug_info    0x00011719     0x159b Drivers/STM32F0xx_HAL_Driver/stm32f0xx_hal_pcd.o
 .debug_info    0x00012cb4      0x558 Drivers/STM32F0xx_HAL_Driver/stm32f0xx_hal_pcd_ex.o
 .debug_info    0x0001320c      0x9b5 Drivers/STM32F0xx_HAL_Driver/stm32f0xx_hal_rcc.o
 .debug_info    0x00013bc1      0x65b Drivers/STM32F0xx_HAL_Driver/stm32f0xx_hal_rcc_ex.o
 .debug_info    0x0001421c      0xe33 Drivers/STM32F0xx_HAL_Driver/stm32f0xx_hal_rtc.o
 .debug_info    0x0001504f     0x2013 Drivers/STM32F0xx_HAL_Driver/stm32f0xx_hal_spi.o
 .debug_info    0x00017062     0x32c6 Drivers/STM32F0xx_HAL_Driver/stm32f0xx_hal_tim.o
 .debug_info    0x0001a328     0x1155 Drivers/STM32F0xx_HAL_Driver/stm32f0xx_hal_tim_ex.o
 .debug_info    0x0001b47d     0x179c Drivers/STM32F0xx_HAL_Driver/stm32f0xx_hal_uart.o
 .debug_info    0x0001cc19      0x43c Middlewares/FatFs/diskio.o
 .debug_info    0x0001d055     0x3704 Middlewares/FatFs/ff.o
 .debug_info    0x00020759      0x52e Middlewares/FatFs/ff_gen_drv.o
 .debug_info    0x00020c87      0xbd7 Middlewares/USB_Device_Library/usbd_core.o
 .debug_info    0x0002185e      0xd6a Middlewares/USB_Device_Library/usbd_ctlreq.o
 .debug_info    0x000225c8      0x73e Middlewares/USB_Device_Library/usbd_ioreq.o
 .debug_info    0x00022d06      0xda4 Middlewares/USB_Device_Library/usbd_msc.o
 .debug_info    0x00023aaa      0xd29 Middlewares/USB_Device_Library/usbd_msc_bot.o
 .debug_info    0x000247d3       0xfa Middlewares/USB_Device_Library/usbd_msc_data.o
 .debug_info    0x000248cd     0x16f9 Middlewares/USB_Device_Library/usbd_msc_scsi.o

.debug_abbrev   0x00000000     0x6054
 .debug_abbrev  0x00000000       0x12 Application/SW4STM32/startup_stm32f072xb.o
 .debug_abbrev  0x00000012      0x2bc Application/User/Flash_mem/mem_funs.o
 .debug_abbrev  0x000002ce      0x2ac Application/User/Led/led.o
 .debug_abbrev  0x0000057a      0x2e3 Application/User/RTC/rtc.o
 .debug_abbrev  0x0000085d      0x1b8 Application/User/Scheduler/scheduler.o
 .debug_abbrev  0x00000a15      0x22e Application/User/WiFi/config.o
 .debug_abbrev  0x00000c43      0x337 Application/User/WiFi/server.o
 .debug_abbrev  0x00000f7a      0x34a Application/User/WiFi/wifi.o
 .debug_abbrev  0x000012c4      0x275 Application/User/WiFi/wifi_uart.o
 .debug_abbrev  0x00001539      0x21c Application/User/fatfs.o
 .debug_abbrev  0x00001755      0x280 Application/User/main.o